Archive member included to satisfy reference by file (symbol)

../../../../../libopencm3//lib/libopencm3_stm32f4.a(adc_common_v1.o)
                              lab4.o (adc_power_off)
../../../../../libopencm3//lib/libopencm3_stm32f4.a(adc_common_v1_multi.o)
                              lab4.o (adc_power_on)
../../../../../libopencm3//lib/libopencm3_stm32f4.a(adc_common_f47.o)
                              lab4.o (adc_set_sample_time_on_all_channels)
../../../../../libopencm3//lib/libopencm3_stm32f4.a(fmc_common_f47.o)
                              sdram.o (sdram_timing)
../../../../../libopencm3//lib/libopencm3_stm32f4.a(gpio_common_all.o)
                              lcd-spi.o (gpio_set)
../../../../../libopencm3//lib/libopencm3_stm32f4.a(gpio_common_f0234.o)
                              sdram.o (gpio_mode_setup)
../../../../../libopencm3//lib/libopencm3_stm32f4.a(rcc_common_all.o)
                              sdram.o (rcc_periph_clock_enable)
../../../../../libopencm3//lib/libopencm3_stm32f4.a(rcc.o)
                              clock.o (rcc_clock_setup_pll)
../../../../../libopencm3//lib/libopencm3_stm32f4.a(spi_common_all.o)
                              lcd-spi.o (spi_enable)
../../../../../libopencm3//lib/libopencm3_stm32f4.a(spi_common_v1.o)
                              lcd-spi.o (spi_init_master)
../../../../../libopencm3//lib/libopencm3_stm32f4.a(usart_common_all.o)
                              console.o (usart_set_baudrate)
../../../../../libopencm3//lib/libopencm3_stm32f4.a(usart_common_f124.o)
                              ../../../../../libopencm3//lib/libopencm3_stm32f4.a(usart_common_all.o) (usart_send)
../../../../../libopencm3//lib/libopencm3_stm32f4.a(vector.o)
                              (reset_handler)
../../../../../libopencm3//lib/libopencm3_stm32f4.a(systick.o)
                              clock.o (systick_set_reload)
../../../../../libopencm3//lib/libopencm3_stm32f4.a(scb.o)
                              console.o (scb_reset_system)
../../../../../libopencm3//lib/libopencm3_stm32f4.a(nvic.o)
                              console.o (nvic_enable_irq)
../../../../../libopencm3//lib/libopencm3_stm32f4.a(flash_common_all.o)
                              ../../../../../libopencm3//lib/libopencm3_stm32f4.a(rcc.o) (flash_set_ws)
../../../../../libopencm3//lib/libopencm3_stm32f4.a(flash_common_idcache.o)
                              ../../../../../libopencm3//lib/libopencm3_stm32f4.a(rcc.o) (flash_dcache_enable)
../../../../../libopencm3//lib/libopencm3_stm32f4.a(pwr.o)
                              ../../../../../libopencm3//lib/libopencm3_stm32f4.a(rcc.o) (pwr_set_vos_scale)
/usr/lib/gcc/arm-none-eabi/6.3.1/../../../arm-none-eabi/lib/thumb/v7e-m/fpv4-sp/hard/libc.a(lib_a-itoa.o)
                              lab4.o (itoa)
/usr/lib/gcc/arm-none-eabi/6.3.1/../../../arm-none-eabi/lib/thumb/v7e-m/fpv4-sp/hard/libc.a(lib_a-strlen.o)
                              lab4.o (strlen)
/usr/lib/gcc/arm-none-eabi/6.3.1/../../../arm-none-eabi/lib/thumb/v7e-m/fpv4-sp/hard/libc.a(lib_a-utoa.o)
                              /usr/lib/gcc/arm-none-eabi/6.3.1/../../../arm-none-eabi/lib/thumb/v7e-m/fpv4-sp/hard/libc.a(lib_a-itoa.o) (__utoa)
/usr/lib/gcc/arm-none-eabi/6.3.1/thumb/v7e-m/fpv4-sp/hard/libgcc.a(_arm_addsubdf3.o)
                              lab4.o (__aeabi_i2d)
/usr/lib/gcc/arm-none-eabi/6.3.1/thumb/v7e-m/fpv4-sp/hard/libgcc.a(_arm_cmpdf2.o)
                              lab4.o (__aeabi_dcmplt)

Discarded input sections

 .group         0x0000000000000000        0x8 sdram.o
 .group         0x0000000000000000        0x8 sdram.o
 .group         0x0000000000000000        0x8 sdram.o
 .group         0x0000000000000000        0x8 sdram.o
 .group         0x0000000000000000        0x8 sdram.o
 .group         0x0000000000000000        0x8 sdram.o
 .group         0x0000000000000000        0x8 sdram.o
 .group         0x0000000000000000        0x8 sdram.o
 .group         0x0000000000000000        0x8 sdram.o
 .group         0x0000000000000000        0x8 sdram.o
 .group         0x0000000000000000        0x8 sdram.o
 .group         0x0000000000000000        0x8 sdram.o
 .group         0x0000000000000000        0x8 sdram.o
 .group         0x0000000000000000        0x8 sdram.o
 .group         0x0000000000000000        0x8 sdram.o
 .group         0x0000000000000000        0x8 sdram.o
 .group         0x0000000000000000        0x8 sdram.o
 .group         0x0000000000000000        0x8 sdram.o
 .group         0x0000000000000000        0x8 sdram.o
 .group         0x0000000000000000        0x8 sdram.o
 .group         0x0000000000000000        0x8 sdram.o
 .text          0x0000000000000000        0x0 sdram.o
 .data          0x0000000000000000        0x0 sdram.o
 .bss           0x0000000000000000        0x0 sdram.o
 .group         0x0000000000000000        0x8 clock.o
 .group         0x0000000000000000        0x8 clock.o
 .group         0x0000000000000000        0x8 clock.o
[...]
Memory Configuration

Name             Origin             Length             Attributes
rom              0x0000000008000000 0x0000000000200000 xr
ccm              0x0000000010000000 0x0000000000010000 xrw
ram              0x0000000020000000 0x0000000000030000 xrw
*default*        0x0000000000000000 0xffffffffffffffff

Linker script and memory map

LOAD sdram.o
LOAD clock.o
LOAD console.o
LOAD lcd-spi.o
LOAD gfx.o
LOAD lab4.o
LOAD /usr/lib/gcc/arm-none-eabi/6.3.1/../../../arm-none-eabi/lib/thumb/v7e-m/fpv4-sp/hard/libm.a
LOAD ../../../../../libopencm3//lib/libopencm3_stm32f4.a
START GROUP
LOAD /usr/lib/gcc/arm-none-eabi/6.3.1/../../../arm-none-eabi/lib/thumb/v7e-m/fpv4-sp/hard/libc.a
LOAD /usr/lib/gcc/arm-none-eabi/6.3.1/thumb/v7e-m/fpv4-sp/hard/libgcc.a
LOAD /usr/lib/gcc/arm-none-eabi/6.3.1/../../../arm-none-eabi/lib/thumb/v7e-m/fpv4-sp/hard/libnosys.a
END GROUP
START GROUP
LOAD /usr/lib/gcc/arm-none-eabi/6.3.1/thumb/v7e-m/fpv4-sp/hard/libgcc.a
LOAD /usr/lib/gcc/arm-none-eabi/6.3.1/../../../arm-none-eabi/lib/thumb/v7e-m/fpv4-sp/hard/libg.a
LOAD /usr/lib/gcc/arm-none-eabi/6.3.1/../../../arm-none-eabi/lib/thumb/v7e-m/fpv4-sp/hard/libc.a
END GROUP

.text           0x0000000008000000     0x21c8
 *(.vectors)
 .vectors       0x0000000008000000      0x1ac ../../../../../libopencm3//lib/libopencm3_stm32f4.a(vector.o)
                0x0000000008000000                vector_table
 *(.text*)
 .text.sdram_init
                0x00000000080001ac       0xf8 sdram.o
                0x00000000080001ac                sdram_init
 .text.sys_tick_handler
                0x00000000080002a4       0x10 clock.o
                0x00000000080002a4                sys_tick_handler
 .text.msleep   0x00000000080002b4       0x14 clock.o
                0x00000000080002b4                msleep
 .text.clock_setup
                0x00000000080002c8       0x28 clock.o
                0x00000000080002c8                clock_setup
 .text.usart1_isr
                0x00000000080002f0       0x58 console.o
                0x00000000080002f0                usart1_isr
 .text.console_putc
                0x0000000008000348       0x18 console.o
                0x0000000008000348                console_putc
 .text.console_puts
                0x0000000008000360       0x1e console.o
                0x0000000008000360                console_puts
 *fill*         0x000000000800037e        0x2 
 .text.console_setup
                0x0000000008000380       0x80 console.o
                0x0000000008000380                console_setup
 .text.lcd_command
                0x0000000008000400       0x70 lcd-spi.o
 .text.print_hex
                0x0000000008000470       0x4c lcd-spi.o
 .text.lcd_draw_pixel
                0x00000000080004bc       0x14 lcd-spi.o
                0x00000000080004bc                lcd_draw_pixel
 .text.lcd_show_frame
                0x00000000080004d0       0x68 lcd-spi.o
                0x00000000080004d0                lcd_show_frame
 .text.lcd_spi_init
                0x0000000008000538      0x1ac lcd-spi.o
                0x0000000008000538                lcd_spi_init
 .text.gfx_drawPixel
                0x00000000080006e4       0x2c gfx.o
                0x00000000080006e4                gfx_drawPixel
 .text.gfx_init
                0x0000000008000710       0x24 gfx.o
                0x0000000008000710                gfx_init
 .text.gfx_drawLine
                0x0000000008000734       0xb2 gfx.o
                0x0000000008000734                gfx_drawLine
 .text.gfx_drawFastVLine
                0x00000000080007e6       0x16 gfx.o
                0x00000000080007e6                gfx_drawFastVLine
 .text.gfx_fillRect
                0x00000000080007fc       0x2a gfx.o
                0x00000000080007fc                gfx_fillRect
 *fill*         0x0000000008000826        0x2 
 .text.gfx_fillScreen
                0x0000000008000828       0x20 gfx.o
                0x0000000008000828                gfx_fillScreen
 .text.gfx_drawChar
                0x0000000008000848       0xec gfx.o
                0x0000000008000848                gfx_drawChar
 .text.gfx_write
                0x0000000008000934       0x74 gfx.o
                0x0000000008000934                gfx_write
 .text.gfx_puts
                0x00000000080009a8       0x12 gfx.o
                0x00000000080009a8                gfx_puts
 *fill*         0x00000000080009ba        0x2 
 .text.gfx_setCursor
                0x00000000080009bc        0xc gfx.o
                0x00000000080009bc                gfx_setCursor
 .text.gfx_setTextSize
                0x00000000080009c8       0x10 gfx.o
                0x00000000080009c8                gfx_setTextSize
 .text.gfx_setTextColor
                0x00000000080009d8        0xc gfx.o
                0x00000000080009d8                gfx_setTextColor
 *fill*         0x00000000080009e4        0x4 
 .text.startup.main
                0x00000000080009e8      0x34c lab4.o
                0x00000000080009e8                main
 .text.adc_power_off
                0x0000000008000d34        0xa ../../../../../libopencm3//lib/libopencm3_stm32f4.a(adc_common_v1.o)
                0x0000000008000d34                adc_power_off
 .text.adc_disable_scan_mode
                0x0000000008000d3e        0xa ../../../../../libopencm3//lib/libopencm3_stm32f4.a(adc_common_v1.o)
                0x0000000008000d3e                adc_disable_scan_mode
 .text.adc_eoc  0x0000000008000d48        0x8 ../../../../../libopencm3//lib/libopencm3_stm32f4.a(adc_common_v1.o)
                0x0000000008000d48                adc_eoc
 .text.adc_read_regular
                0x0000000008000d50        0x4 ../../../../../libopencm3//lib/libopencm3_stm32f4.a(adc_common_v1.o)
                0x0000000008000d50                adc_read_regular
 .text.adc_set_regular_sequence
                0x0000000008000d54       0x74 ../../../../../libopencm3//lib/libopencm3_stm32f4.a(adc_common_v1.o)
                0x0000000008000d54                adc_set_regular_sequence
 .text.adc_start_conversion_regular
                0x0000000008000dc8       0x14 ../../../../../libopencm3//lib/libopencm3_stm32f4.a(adc_common_v1.o)
                0x0000000008000dc8                adc_start_conversion_regular
 .text.adc_power_on
                0x0000000008000ddc        0xa ../../../../../libopencm3//lib/libopencm3_stm32f4.a(adc_common_v1_multi.o)
                0x0000000008000ddc                adc_power_on
 .text.adc_set_sample_time_on_all_channels
                0x0000000008000de6       0x2a ../../../../../libopencm3//lib/libopencm3_stm32f4.a(adc_common_f47.o)
                0x0000000008000de6                adc_set_sample_time_on_all_channels
 .text.sdram_timing
                0x0000000008000e10       0x4e ../../../../../libopencm3//lib/libopencm3_stm32f4.a(fmc_common_f47.o)
                0x0000000008000e10                sdram_timing
 *fill*         0x0000000008000e5e        0x2 
 .text.sdram_command
                0x0000000008000e60       0x64 ../../../../../libopencm3//lib/libopencm3_stm32f4.a(fmc_common_f47.o)
                0x0000000008000e60                sdram_command
 .text.gpio_set
                0x0000000008000ec4        0x4 ../../../../../libopencm3//lib/libopencm3_stm32f4.a(gpio_common_all.o)
                0x0000000008000ec4                gpio_set
 .text.gpio_clear
                0x0000000008000ec8        0x6 ../../../../../libopencm3//lib/libopencm3_stm32f4.a(gpio_common_all.o)
                0x0000000008000ec8                gpio_clear
 .text.gpio_get
                0x0000000008000ece        0x6 ../../../../../libopencm3//lib/libopencm3_stm32f4.a(gpio_common_all.o)
                0x0000000008000ece                gpio_get
 .text.gpio_toggle
                0x0000000008000ed4       0x12 ../../../../../libopencm3//lib/libopencm3_stm32f4.a(gpio_common_all.o)
                0x0000000008000ed4                gpio_toggle
 .text.gpio_mode_setup
                0x0000000008000ee6       0x44 ../../../../../libopencm3//lib/libopencm3_stm32f4.a(gpio_common_f0234.o)
                0x0000000008000ee6                gpio_mode_setup
 .text.gpio_set_output_options
                0x0000000008000f2a       0x36 ../../../../../libopencm3//lib/libopencm3_stm32f4.a(gpio_common_f0234.o)
                0x0000000008000f2a                gpio_set_output_options
 .text.gpio_set_af
                0x0000000008000f60       0x58 ../../../../../libopencm3//lib/libopencm3_stm32f4.a(gpio_common_f0234.o)
                0x0000000008000f60                gpio_set_af
 .text.rcc_periph_clock_enable
                0x0000000008000fb8       0x1a ../../../../../libopencm3//lib/libopencm3_stm32f4.a(rcc_common_all.o)
                0x0000000008000fb8                rcc_periph_clock_enable
 *fill*         0x0000000008000fd2        0x2 
 .text.rcc_is_osc_ready
                0x0000000008000fd4       0x5c ../../../../../libopencm3//lib/libopencm3_stm32f4.a(rcc.o)
                0x0000000008000fd4                rcc_is_osc_ready
 .text.rcc_wait_for_osc_ready
                0x0000000008001030       0x10 ../../../../../libopencm3//lib/libopencm3_stm32f4.a(rcc.o)
                0x0000000008001030                rcc_wait_for_osc_ready
 .text.rcc_osc_on
                0x0000000008001040       0x58 ../../../../../libopencm3//lib/libopencm3_stm32f4.a(rcc.o)
                0x0000000008001040                rcc_osc_on
 .text.rcc_osc_off
                0x0000000008001098       0x58 ../../../../../libopencm3//lib/libopencm3_stm32f4.a(rcc.o)
                0x0000000008001098                rcc_osc_off
 .text.rcc_set_sysclk_source
                0x00000000080010f0       0x14 ../../../../../libopencm3//lib/libopencm3_stm32f4.a(rcc.o)
                0x00000000080010f0                rcc_set_sysclk_source
 .text.rcc_set_ppre2
                0x0000000008001104       0x14 ../../../../../libopencm3//lib/libopencm3_stm32f4.a(rcc.o)
                0x0000000008001104                rcc_set_ppre2
 .text.rcc_set_ppre1
                0x0000000008001118       0x14 ../../../../../libopencm3//lib/libopencm3_stm32f4.a(rcc.o)
                0x0000000008001118                rcc_set_ppre1
 .text.rcc_set_hpre
                0x000000000800112c       0x14 ../../../../../libopencm3//lib/libopencm3_stm32f4.a(rcc.o)
                0x000000000800112c                rcc_set_hpre
 .text.rcc_set_main_pll_hsi
                0x0000000008001140       0x44 ../../../../../libopencm3//lib/libopencm3_stm32f4.a(rcc.o)
                0x0000000008001140                rcc_set_main_pll_hsi
 .text.rcc_set_main_pll_hse
                0x0000000008001184       0x44 ../../../../../libopencm3//lib/libopencm3_stm32f4.a(rcc.o)
                0x0000000008001184                rcc_set_main_pll_hse
 .text.rcc_clock_setup_pll
                0x00000000080011c8       0xf4 ../../../../../libopencm3//lib/libopencm3_stm32f4.a(rcc.o)
                0x00000000080011c8                rcc_clock_setup_pll
 .text.spi_enable
                0x00000000080012bc        0xa ../../../../../libopencm3//lib/libopencm3_stm32f4.a(spi_common_all.o)
                0x00000000080012bc                spi_enable
 .text.spi_xfer
                0x00000000080012c6        0xe ../../../../../libopencm3//lib/libopencm3_stm32f4.a(spi_common_all.o)
                0x00000000080012c6                spi_xfer
 .text.spi_enable_ss_output
                0x00000000080012d4        0xa ../../../../../libopencm3//lib/libopencm3_stm32f4.a(spi_common_all.o)
                0x00000000080012d4                spi_enable_ss_output
 .text.spi_init_master
                0x00000000080012de       0x28 ../../../../../libopencm3//lib/libopencm3_stm32f4.a(spi_common_v1.o)
                0x00000000080012de                spi_init_master
 *fill*         0x0000000008001306        0x2 
 .text.usart_set_baudrate
                0x0000000008001308       0x2c ../../../../../libopencm3//lib/libopencm3_stm32f4.a(usart_common_all.o)
                0x0000000008001308                usart_set_baudrate
 .text.usart_set_databits
                0x0000000008001334       0x12 ../../../../../libopencm3//lib/libopencm3_stm32f4.a(usart_common_all.o)
                0x0000000008001334                usart_set_databits
 .text.usart_set_stopbits
                0x0000000008001346        0xc ../../../../../libopencm3//lib/libopencm3_stm32f4.a(usart_common_all.o)
                0x0000000008001346                usart_set_stopbits
 .text.usart_set_parity
                0x0000000008001352        0xc ../../../../../libopencm3//lib/libopencm3_stm32f4.a(usart_common_all.o)
                0x0000000008001352                usart_set_parity
 .text.usart_set_mode
                0x000000000800135e        0xc ../../../../../libopencm3//lib/libopencm3_stm32f4.a(usart_common_all.o)
                0x000000000800135e                usart_set_mode
 .text.usart_set_flow_control
                0x000000000800136a        0xc ../../../../../libopencm3//lib/libopencm3_stm32f4.a(usart_common_all.o)
                0x000000000800136a                usart_set_flow_control
 .text.usart_enable
                0x0000000008001376        0xa ../../../../../libopencm3//lib/libopencm3_stm32f4.a(usart_common_all.o)
                0x0000000008001376                usart_enable
 .text.usart_send_blocking
                0x0000000008001380       0x16 ../../../../../libopencm3//lib/libopencm3_stm32f4.a(usart_common_all.o)
                0x0000000008001380                usart_send_blocking
 .text.usart_enable_rx_interrupt
                0x0000000008001396        0xa ../../../../../libopencm3//lib/libopencm3_stm32f4.a(usart_common_all.o)
                0x0000000008001396                usart_enable_rx_interrupt
 .text.usart_send
                0x00000000080013a0        0x8 ../../../../../libopencm3//lib/libopencm3_stm32f4.a(usart_common_f124.o)
                0x00000000080013a0                usart_send
 .text.usart_wait_send_ready
                0x00000000080013a8        0x8 ../../../../../libopencm3//lib/libopencm3_stm32f4.a(usart_common_f124.o)
                0x00000000080013a8                usart_wait_send_ready
 .text.blocking_handler
                0x00000000080013b0        0x2 ../../../../../libopencm3//lib/libopencm3_stm32f4.a(vector.o)
                0x00000000080013b0                dma2_stream1_isr
                0x00000000080013b0                tim8_brk_tim12_isr
                0x00000000080013b0                dma1_stream7_isr
                0x00000000080013b0                usart3_isr
                0x00000000080013b0                tim7_isr
                0x00000000080013b0                dma2d_isr
                0x00000000080013b0                uart8_isr
                0x00000000080013b0                dma1_stream2_isr
                0x00000000080013b0                otg_hs_isr
                0x00000000080013b0                blocking_handler
                0x00000000080013b0                tim5_isr
                0x00000000080013b0                rtc_wkup_isr
                0x00000000080013b0                otg_fs_isr
                0x00000000080013b0                spi1_isr
                0x00000000080013b0                i2c3_er_isr
                0x00000000080013b0                exti2_isr
                0x00000000080013b0                spi5_isr
                0x00000000080013b0                usb_fs_wkup_isr
                0x00000000080013b0                tamp_stamp_isr
                0x00000000080013b0                can1_rx1_isr
                0x00000000080013b0                dma2_stream0_isr
                0x00000000080013b0                i2c3_ev_isr
                0x00000000080013b0                usage_fault_handler
                0x00000000080013b0                can2_rx0_isr
                0x00000000080013b0                dma1_stream6_isr
                0x00000000080013b0                can2_rx1_isr
                0x00000000080013b0                can1_sce_isr
                0x00000000080013b0                tim1_cc_isr
                0x00000000080013b0                can1_tx_isr
                0x00000000080013b0                tim1_up_tim10_isr
                0x00000000080013b0                sdio_isr
                0x00000000080013b0                eth_isr
                0x00000000080013b0                spi6_isr
                0x00000000080013b0                dma2_stream5_isr
                0x00000000080013b0                pvd_isr
                0x00000000080013b0                can1_rx0_isr
                0x00000000080013b0                rcc_isr
                0x00000000080013b0                dma2_stream3_isr
                0x00000000080013b0                flash_isr
                0x00000000080013b0                uart4_isr
                0x00000000080013b0                lcd_tft_isr
                0x00000000080013b0                rtc_alarm_isr
                0x00000000080013b0                exti15_10_isr
                0x00000000080013b0                hash_rng_isr
                0x00000000080013b0                tim1_trg_com_tim11_isr
                0x00000000080013b0                hard_fault_handler
                0x00000000080013b0                exti1_isr
                0x00000000080013b0                i2c1_ev_isr
                0x00000000080013b0                usart6_isr
                0x00000000080013b0                spi2_isr
                0x00000000080013b0                cryp_isr
                0x00000000080013b0                nvic_wwdg_isr
                0x00000000080013b0                dma1_stream1_isr
                0x00000000080013b0                dma2_stream4_isr
                0x00000000080013b0                exti3_isr
                0x00000000080013b0                tim3_isr
                0x00000000080013b0                usart2_isr
                0x00000000080013b0                sai1_isr
                0x00000000080013b0                fpu_isr
                0x00000000080013b0                dma1_stream4_isr
                0x00000000080013b0                i2c2_er_isr
                0x00000000080013b0                i2c2_ev_isr
                0x00000000080013b0                uart5_isr
                0x00000000080013b0                dma2_stream6_isr
                0x00000000080013b0                spi4_isr
                0x00000000080013b0                adc_isr
                0x00000000080013b0                dma2_stream7_isr
                0x00000000080013b0                tim8_up_tim13_isr
                0x00000000080013b0                fsmc_isr
                0x00000000080013b0                exti4_isr
                0x00000000080013b0                tim6_dac_isr
                0x00000000080013b0                dma1_stream3_isr
                0x00000000080013b0                tim8_trg_com_tim14_isr
                0x00000000080013b0                mem_manage_handler
                0x00000000080013b0                lcd_tft_err_isr
                0x00000000080013b0                can2_tx_isr
                0x00000000080013b0                exti9_5_isr
                0x00000000080013b0                tim1_brk_tim9_isr
                0x00000000080013b0                uart7_isr
                0x00000000080013b0                can2_sce_isr
                0x00000000080013b0                tim4_isr
                0x00000000080013b0                otg_hs_wkup_isr
                0x00000000080013b0                i2c1_er_isr
                0x00000000080013b0                dma1_stream0_isr
                0x00000000080013b0                tim8_cc_isr
                0x00000000080013b0                dcmi_isr
                0x00000000080013b0                dma2_stream2_isr
                0x00000000080013b0                eth_wkup_isr
                0x00000000080013b0                bus_fault_handler
                0x00000000080013b0                otg_hs_ep1_out_isr
                0x00000000080013b0                spi3_isr
                0x00000000080013b0                dma1_stream5_isr
                0x00000000080013b0                otg_hs_ep1_in_isr
                0x00000000080013b0                tim2_isr
                0x00000000080013b0                exti0_isr
 .text.null_handler
                0x00000000080013b2        0x2 ../../../../../libopencm3//lib/libopencm3_stm32f4.a(vector.o)
                0x00000000080013b2                null_handler
                0x00000000080013b2                sv_call_handler
                0x00000000080013b2                pend_sv_handler
                0x00000000080013b2                debug_monitor_handler
                0x00000000080013b2                nmi_handler
 .text.reset_handler
                0x00000000080013b4       0x9c ../../../../../libopencm3//lib/libopencm3_stm32f4.a(vector.o)
                0x00000000080013b4                reset_handler
 .text.systick_set_reload
                0x0000000008001450       0x10 ../../../../../libopencm3//lib/libopencm3_stm32f4.a(systick.o)
                0x0000000008001450                systick_set_reload
 .text.systick_set_clocksource
                0x0000000008001460       0x18 ../../../../../libopencm3//lib/libopencm3_stm32f4.a(systick.o)
                0x0000000008001460                systick_set_clocksource
 .text.systick_interrupt_enable
                0x0000000008001478       0x10 ../../../../../libopencm3//lib/libopencm3_stm32f4.a(systick.o)
                0x0000000008001478                systick_interrupt_enable
 .text.systick_counter_enable
                0x0000000008001488       0x10 ../../../../../libopencm3//lib/libopencm3_stm32f4.a(systick.o)
                0x0000000008001488                systick_counter_enable
 .text.scb_reset_system
                0x0000000008001498       0x10 ../../../../../libopencm3//lib/libopencm3_stm32f4.a(scb.o)
                0x0000000008001498                scb_reset_system
 .text.nvic_enable_irq
                0x00000000080014a8       0x1c ../../../../../libopencm3//lib/libopencm3_stm32f4.a(nvic.o)
                0x00000000080014a8                nvic_enable_irq
 .text.flash_set_ws
                0x00000000080014c4       0x14 ../../../../../libopencm3//lib/libopencm3_stm32f4.a(flash_common_all.o)
                0x00000000080014c4                flash_set_ws
 .text.flash_dcache_enable
                0x00000000080014d8       0x10 ../../../../../libopencm3//lib/libopencm3_stm32f4.a(flash_common_idcache.o)
                0x00000000080014d8                flash_dcache_enable
 .text.flash_dcache_disable
                0x00000000080014e8       0x10 ../../../../../libopencm3//lib/libopencm3_stm32f4.a(flash_common_idcache.o)
                0x00000000080014e8                flash_dcache_disable
 .text.flash_icache_enable
                0x00000000080014f8       0x10 ../../../../../libopencm3//lib/libopencm3_stm32f4.a(flash_common_idcache.o)
                0x00000000080014f8                flash_icache_enable
 .text.flash_icache_disable
                0x0000000008001508       0x10 ../../../../../libopencm3//lib/libopencm3_stm32f4.a(flash_common_idcache.o)
                0x0000000008001508                flash_icache_disable
 .text.pwr_set_vos_scale
                0x0000000008001518       0x18 ../../../../../libopencm3//lib/libopencm3_stm32f4.a(pwr.o)
                0x0000000008001518                pwr_set_vos_scale
 .text          0x0000000008001530       0x34 /usr/lib/gcc/arm-none-eabi/6.3.1/../../../arm-none-eabi/lib/thumb/v7e-m/fpv4-sp/hard/libc.a(lib_a-itoa.o)
                0x0000000008001530                __itoa
                0x0000000008001560                itoa
 *fill*         0x0000000008001564       0x1c 
 .text          0x0000000008001580       0xdc /usr/lib/gcc/arm-none-eabi/6.3.1/../../../arm-none-eabi/lib/thumb/v7e-m/fpv4-sp/hard/libc.a(lib_a-strlen.o)
                0x0000000008001580                strlen
 .text          0x000000000800165c       0x84 /usr/lib/gcc/arm-none-eabi/6.3.1/../../../arm-none-eabi/lib/thumb/v7e-m/fpv4-sp/hard/libc.a(lib_a-utoa.o)
                0x000000000800165c                __utoa
                0x00000000080016dc                utoa
 .text          0x00000000080016e0      0x370 /usr/lib/gcc/arm-none-eabi/6.3.1/thumb/v7e-m/fpv4-sp/hard/libgcc.a(_arm_addsubdf3.o)
                0x00000000080016e0                __aeabi_drsub
                0x00000000080016e8                __aeabi_dsub
                0x00000000080016e8                __subdf3
                0x00000000080016ec                __adddf3
                0x00000000080016ec                __aeabi_dadd
                0x0000000008001964                __aeabi_ui2d
                0x0000000008001964                __floatunsidf
                0x0000000008001984                __floatsidf
                0x0000000008001984                __aeabi_i2d
                0x00000000080019a8                __extendsfdf2
                0x00000000080019a8                __aeabi_f2d
                0x00000000080019e4                __aeabi_ul2d
                0x00000000080019e4                __floatundidf
                0x00000000080019f4                __floatdidf
                0x00000000080019f4                __aeabi_l2d
 .text          0x0000000008001a50      0x110 /usr/lib/gcc/arm-none-eabi/6.3.1/thumb/v7e-m/fpv4-sp/hard/libgcc.a(_arm_cmpdf2.o)
                0x0000000008001a50                __gtdf2
                0x0000000008001a50                __gedf2
                0x0000000008001a58                __ltdf2
                0x0000000008001a58                __ledf2
                0x0000000008001a60                __cmpdf2
                0x0000000008001a60                __eqdf2
                0x0000000008001a60                __nedf2
                0x0000000008001adc                __aeabi_cdrcmple
                0x0000000008001aec                __aeabi_cdcmple
                0x0000000008001aec                __aeabi_cdcmpeq
                0x0000000008001afc                __aeabi_dcmpeq
                0x0000000008001b10                __aeabi_dcmplt
                0x0000000008001b24                __aeabi_dcmple
                0x0000000008001b38                __aeabi_dcmpge
                0x0000000008001b4c                __aeabi_dcmpgt
                0x0000000008001b60                . = ALIGN (0x4)
 *(.rodata*)
 .rodata.sdram_pins
                0x0000000008001b60       0x30 sdram.o
 .rodata.cmd_args
                0x0000000008001b90       0x3a lcd-spi.o
 .rodata.initialization
                0x0000000008001bca       0x50 lcd-spi.o
                0x0000000008001bca                initialization
 .rodata.lcd_spi_init.str1.1
                0x0000000008001c1a       0x62 lcd-spi.o
 .rodata.print_hex.str1.1
                0x0000000008001c7c        0x3 lcd-spi.o
 .rodata.mcm_font
                0x0000000008001c7f      0x480 gfx.o
 .rodata.main.str1.1
                0x00000000080020ff       0x48 lab4.o
 .rodata.CSWTCH.2
                0x0000000008002147        0x3 ../../../../../libopencm3//lib/libopencm3_stm32f4.a(fmc_common_f47.o)
 *fill*         0x000000000800214a        0x2 
 .rodata.rcc_hse_8mhz_3v3
                0x000000000800214c       0x54 ../../../../../libopencm3//lib/libopencm3_stm32f4.a(rcc.o)
                0x000000000800214c                rcc_hse_8mhz_3v3
 .rodata.str1.4
                0x00000000080021a0       0x28 /usr/lib/gcc/arm-none-eabi/6.3.1/../../../arm-none-eabi/lib/thumb/v7e-m/fpv4-sp/hard/libc.a(lib_a-utoa.o)
                                         0x25 (size before relaxing)
                0x00000000080021c8                . = ALIGN (0x4)

.glue_7         0x00000000080021c8        0x0
 .glue_7        0x00000000080021c8        0x0 linker stubs

.glue_7t        0x00000000080021c8        0x0
 .glue_7t       0x00000000080021c8        0x0 linker stubs

.vfp11_veneer   0x00000000080021c8        0x0
 .vfp11_veneer  0x00000000080021c8        0x0 linker stubs

.v4_bx          0x00000000080021c8        0x0
 .v4_bx         0x00000000080021c8        0x0 linker stubs

.iplt           0x00000000080021c8        0x0
 .iplt          0x00000000080021c8        0x0 sdram.o

.rel.dyn        0x00000000080021c8        0x0
 .rel.iplt      0x00000000080021c8        0x0 sdram.o

.preinit_array  0x00000000080021c8        0x0
                0x00000000080021c8                . = ALIGN (0x4)
                0x00000000080021c8                __preinit_array_start = .
 *(.preinit_array)
                0x00000000080021c8                __preinit_array_end = .

.init_array     0x00000000080021c8        0x0
                0x00000000080021c8                . = ALIGN (0x4)
                0x00000000080021c8                __init_array_start = .
 *(SORT(.init_array.*))
 *(.init_array)
                0x00000000080021c8                __init_array_end = .

.fini_array     0x00000000080021c8        0x0
                0x00000000080021c8                . = ALIGN (0x4)
                0x00000000080021c8                __fini_array_start = .
 *(.fini_array)
 *(SORT(.fini_array.*))
                0x00000000080021c8                __fini_array_end = .

.ARM.extab
 *(.ARM.extab*)

.ARM.exidx      0x00000000080021c8        0x0
                0x00000000080021c8                __exidx_start = .
 *(.ARM.exidx*)
                0x00000000080021c8                __exidx_end = .
                0x00000000080021c8                . = ALIGN (0x4)
                0x00000000080021c8                _etext = .

.noinit
 *(.noinit*)
                0x00000000080021c8                . = ALIGN (0x4)

.data           0x0000000020000000       0x28 load address 0x00000000080021c8
                0x0000000020000000                _data = .
 *(.data*)
 .data.timing   0x0000000020000000       0x1c sdram.o
 .data.rcc_ahb_frequency
                0x000000002000001c        0x4 ../../../../../libopencm3//lib/libopencm3_stm32f4.a(rcc.o)
                0x000000002000001c                rcc_ahb_frequency
 .data.rcc_apb1_frequency
                0x0000000020000020        0x4 ../../../../../libopencm3//lib/libopencm3_stm32f4.a(rcc.o)
                0x0000000020000020                rcc_apb1_frequency
 .data.rcc_apb2_frequency
                0x0000000020000024        0x4 ../../../../../libopencm3//lib/libopencm3_stm32f4.a(rcc.o)
                0x0000000020000024                rcc_apb2_frequency
 *(.ramtext*)
                0x0000000020000028                . = ALIGN (0x4)
                0x0000000020000028                _edata = .
                0x00000000080021c8                _data_loadaddr = LOADADDR (.data)

.igot.plt       0x0000000020000028        0x0 load address 0x00000000080021f0
 .igot.plt      0x0000000020000028        0x0 sdram.o

.bss            0x0000000020000028       0xa8 load address 0x00000000080021f0
 *(.bss*)
 .bss.system_millis
                0x0000000020000028        0x4 clock.o
 .bss.recv_buf  0x000000002000002c       0x80 console.o
                0x000000002000002c                recv_buf
 .bss.recv_ndx_cur
                0x00000000200000ac        0x4 console.o
                0x00000000200000ac                recv_ndx_cur
 .bss.recv_ndx_nxt
                0x00000000200000b0        0x4 console.o
                0x00000000200000b0                recv_ndx_nxt
 .bss.cur_frame
                0x00000000200000b4        0x4 lcd-spi.o
                0x00000000200000b4                cur_frame
 .bss.display_frame
                0x00000000200000b8        0x4 lcd-spi.o
                0x00000000200000b8                display_frame
 .bss.__gfx_state
                0x00000000200000bc       0x14 gfx.o
                0x00000000200000bc                __gfx_state
 *(COMMON)
                0x00000000200000d0                . = ALIGN (0x4)
                0x00000000200000d0                _ebss = .

/DISCARD/
 *(.eh_frame)
                0x00000000200000d0                . = ALIGN (0x4)
                0x00000000200000d0                end = .
                0x0000000020030000                PROVIDE (_stack, (ORIGIN (ram) + LENGTH (ram)))
OUTPUT(lab4.elf elf32-littlearm)

.debug_info     0x0000000000000000     0xca89
 .debug_info    0x0000000000000000      0x9d9 sdram.o
 .debug_info    0x00000000000009d9      0x345 clock.o
 .debug_info    0x0000000000000d1e      0xa36 console.o
 .debug_info    0x0000000000001754      0xe48 lcd-spi.o
 .debug_info    0x000000000000259c     0x1ce5 gfx.o
 .debug_info    0x0000000000004281     0x1abc lab4.o
 .debug_info    0x0000000000005d3d      0x820 ../../../../../libopencm3//lib/libopencm3_stm32f4.a(adc_common_v1.o)
 .debug_info    0x000000000000655d      0x378 ../../../../../libopencm3//lib/libopencm3_stm32f4.a(adc_common_v1_multi.o)
 .debug_info    0x00000000000068d5      0x179 ../../../../../libopencm3//lib/libopencm3_stm32f4.a(adc_common_f47.o)
 .debug_info    0x0000000000006a4e      0x1e2 ../../../../../libopencm3//lib/libopencm3_stm32f4.a(fmc_common_f47.o)
 .debug_info    0x0000000000006c30      0x22c ../../../../../libopencm3//lib/libopencm3_stm32f4.a(gpio_common_all.o)
 .debug_info    0x0000000000006e5c      0x1eb ../../../../../libopencm3//lib/libopencm3_stm32f4.a(gpio_common_f0234.o)
 .debug_info    0x0000000000007047      0xab2 ../../../../../libopencm3//lib/libopencm3_stm32f4.a(rcc_common_all.o)
 .debug_info    0x0000000000007af9      0xfaa ../../../../../libopencm3//lib/libopencm3_stm32f4.a(rcc.o)
 .debug_info    0x0000000000008aa3      0xb30 ../../../../../libopencm3//lib/libopencm3_stm32f4.a(spi_common_all.o)
 .debug_info    0x00000000000095d3      0x2d8 ../../../../../libopencm3//lib/libopencm3_stm32f4.a(spi_common_v1.o)
 .debug_info    0x00000000000098ab      0x6ae ../../../../../libopencm3//lib/libopencm3_stm32f4.a(usart_common_all.o)
 .debug_info    0x0000000000009f59      0x2f4 ../../../../../libopencm3//lib/libopencm3_stm32f4.a(usart_common_f124.o)
 .debug_info    0x000000000000a24d      0x2be ../../../../../libopencm3//lib/libopencm3_stm32f4.a(vector.o)
 .debug_info    0x000000000000a50b      0x251 ../../../../../libopencm3//lib/libopencm3_stm32f4.a(systick.o)
 .debug_info    0x000000000000a75c      0x8e0 ../../../../../libopencm3//lib/libopencm3_stm32f4.a(scb.o)
 .debug_info    0x000000000000b03c      0x214 ../../../../../libopencm3//lib/libopencm3_stm32f4.a(nvic.o)
 .debug_info    0x000000000000b250       0xec ../../../../../libopencm3//lib/libopencm3_stm32f4.a(flash_common_all.o)
 .debug_info    0x000000000000b33c       0xec ../../../../../libopencm3//lib/libopencm3_stm32f4.a(flash_common_idcache.o)
 .debug_info    0x000000000000b428       0xd9 ../../../../../libopencm3//lib/libopencm3_stm32f4.a(pwr.o)
 .debug_info    0x000000000000b501      0x96e /usr/lib/gcc/arm-none-eabi/6.3.1/../../../arm-none-eabi/lib/thumb/v7e-m/fpv4-sp/hard/libc.a(lib_a-itoa.o)
 .debug_info    0x000000000000be6f       0xdb /usr/lib/gcc/arm-none-eabi/6.3.1/../../../arm-none-eabi/lib/thumb/v7e-m/fpv4-sp/hard/libc.a(lib_a-strlen.o)
 .debug_info    0x000000000000bf4a      0x997 /usr/lib/gcc/arm-none-eabi/6.3.1/../../../arm-none-eabi/lib/thumb/v7e-m/fpv4-sp/hard/libc.a(lib_a-utoa.o)
 .debug_info    0x000000000000c8e1       0xd4 /usr/lib/gcc/arm-none-eabi/6.3.1/thumb/v7e-m/fpv4-sp/hard/libgcc.a(_arm_addsubdf3.o)
 .debug_info    0x000000000000c9b5       0xd4 /usr/lib/gcc/arm-none-eabi/6.3.1/thumb/v7e-m/fpv4-sp/hard/libgcc.a(_arm_cmpdf2.o)

.debug_abbrev   0x0000000000000000     0x28e6
 .debug_abbrev  0x0000000000000000      0x18c sdram.o
 .debug_abbrev  0x000000000000018c      0x172 clock.o
 .debug_abbrev  0x00000000000002fe      0x1a8 console.o
 .debug_abbrev  0x00000000000004a6      0x32e lcd-spi.o
 .debug_abbrev  0x00000000000007d4      0x3d1 gfx.o
 .debug_abbrev  0x0000000000000ba5      0x32e lab4.o
 .debug_abbrev  0x0000000000000ed3      0x142 ../../../../../libopencm3//lib/libopencm3_stm32f4.a(adc_common_v1.o)
 .debug_abbrev  0x0000000000001015      0x14e ../../../../../libopencm3//lib/libopencm3_stm32f4.a(adc_common_v1_multi.o)
 .debug_abbrev  0x0000000000001163       0xcf ../../../../../libopencm3//lib/libopencm3_stm32f4.a(adc_common_f47.o)
 .debug_abbrev  0x0000000000001232       0xed ../../../../../libopencm3//lib/libopencm3_stm32f4.a(fmc_common_f47.o)
 .debug_abbrev  0x000000000000131f       0xf4 ../../../../../libopencm3//lib/libopencm3_stm32f4.a(gpio_common_all.o)
 .debug_abbrev  0x0000000000001413       0xb7 ../../../../../libopencm3//lib/libopencm3_stm32f4.a(gpio_common_f0234.o)
 .debug_abbrev  0x00000000000014ca      0x1aa ../../../../../libopencm3//lib/libopencm3_stm32f4.a(rcc_common_all.o)
 .debug_abbrev  0x0000000000001674      0x26d ../../../../../libopencm3//lib/libopencm3_stm32f4.a(rcc.o)
 .debug_abbrev  0x00000000000018e1      0x1fd ../../../../../libopencm3//lib/libopencm3_stm32f4.a(spi_common_all.o)
 .debug_abbrev  0x0000000000001ade      0x11b ../../../../../libopencm3//lib/libopencm3_stm32f4.a(spi_common_v1.o)
 .debug_abbrev  0x0000000000001bf9      0x160 ../../../../../libopencm3//lib/libopencm3_stm32f4.a(usart_common_all.o)
 .debug_abbrev  0x0000000000001d59      0x108 ../../../../../libopencm3//lib/libopencm3_stm32f4.a(usart_common_f124.o)
 .debug_abbrev  0x0000000000001e61      0x136 ../../../../../libopencm3//lib/libopencm3_stm32f4.a(vector.o)
 .debug_abbrev  0x0000000000001f97      0x130 ../../../../../libopencm3//lib/libopencm3_stm32f4.a(systick.o)
 .debug_abbrev  0x00000000000020c7      0x1bc ../../../../../libopencm3//lib/libopencm3_stm32f4.a(scb.o)
 .debug_abbrev  0x0000000000002283       0xa6 ../../../../../libopencm3//lib/libopencm3_stm32f4.a(nvic.o)
 .debug_abbrev  0x0000000000002329       0x8a ../../../../../libopencm3//lib/libopencm3_stm32f4.a(flash_common_all.o)
 .debug_abbrev  0x00000000000023b3       0x52 ../../../../../libopencm3//lib/libopencm3_stm32f4.a(flash_common_idcache.o)
 .debug_abbrev  0x0000000000002405       0x8a ../../../../../libopencm3//lib/libopencm3_stm32f4.a(pwr.o)
 .debug_abbrev  0x000000000000248f      0x214 /usr/lib/gcc/arm-none-eabi/6.3.1/../../../arm-none-eabi/lib/thumb/v7e-m/fpv4-sp/hard/libc.a(lib_a-itoa.o)
 .debug_abbrev  0x00000000000026a3       0x14 /usr/lib/gcc/arm-none-eabi/6.3.1/../../../arm-none-eabi/lib/thumb/v7e-m/fpv4-sp/hard/libc.a(lib_a-strlen.o)
 .debug_abbrev  0x00000000000026b7      0x207 /usr/lib/gcc/arm-none-eabi/6.3.1/../../../arm-none-eabi/lib/thumb/v7e-m/fpv4-sp/hard/libc.a(lib_a-utoa.o)
 .debug_abbrev  0x00000000000028be       0x14 /usr/lib/gcc/arm-none-eabi/6.3.1/thumb/v7e-m/fpv4-sp/hard/libgcc.a(_arm_addsubdf3.o)
 .debug_abbrev  0x00000000000028d2       0x14 /usr/lib/gcc/arm-none-eabi/6.3.1/thumb/v7e-m/fpv4-sp/hard/libgcc.a(_arm_cmpdf2.o)

.debug_loc      0x0000000000000000     0x3b9b
 .debug_loc     0x0000000000000000       0x45 sdram.o
 .debug_loc     0x0000000000000045       0x21 clock.o
 .debug_loc     0x0000000000000066      0x190 console.o
 .debug_loc     0x00000000000001f6      0x404 lcd-spi.o
 .debug_loc     0x00000000000005fa     0x145b gfx.o
 .debug_loc     0x0000000000001a55      0x1f2 lab4.o
 .debug_loc     0x0000000000001c47      0x3d2 ../../../../../libopencm3//lib/libopencm3_stm32f4.a(adc_common_v1.o)
 .debug_loc     0x0000000000002019      0x120 ../../../../../libopencm3//lib/libopencm3_stm32f4.a(adc_common_v1_multi.o)
 .debug_loc     0x0000000000002139       0xce ../../../../../libopencm3//lib/libopencm3_stm32f4.a(adc_common_f47.o)
 .debug_loc     0x0000000000002207      0x451 ../../../../../libopencm3//lib/libopencm3_stm32f4.a(fmc_common_f47.o)
 .debug_loc     0x0000000000002658       0x97 ../../../../../libopencm3//lib/libopencm3_stm32f4.a(gpio_common_all.o)
 .debug_loc     0x00000000000026ef       0xdd ../../../../../libopencm3//lib/libopencm3_stm32f4.a(gpio_common_f0234.o)
 .debug_loc     0x00000000000027cc      0x142 ../../../../../libopencm3//lib/libopencm3_stm32f4.a(rcc_common_all.o)
 .debug_loc     0x000000000000290e      0x727 ../../../../../libopencm3//lib/libopencm3_stm32f4.a(rcc.o)
 .debug_loc     0x0000000000003035      0x1a2 ../../../../../libopencm3//lib/libopencm3_stm32f4.a(spi_common_all.o)
 .debug_loc     0x00000000000031d7       0x60 ../../../../../libopencm3//lib/libopencm3_stm32f4.a(spi_common_v1.o)
 .debug_loc     0x0000000000003237      0x1ca ../../../../../libopencm3//lib/libopencm3_stm32f4.a(usart_common_all.o)
 .debug_loc     0x0000000000003401       0x63 ../../../../../libopencm3//lib/libopencm3_stm32f4.a(usart_common_f124.o)
 .debug_loc     0x0000000000003464       0xea ../../../../../libopencm3//lib/libopencm3_stm32f4.a(vector.o)
 .debug_loc     0x000000000000354e      0x170 ../../../../../libopencm3//lib/libopencm3_stm32f4.a(systick.o)
 .debug_loc     0x00000000000036be       0x21 ../../../../../libopencm3//lib/libopencm3_stm32f4.a(scb.o)
 .debug_loc     0x00000000000036df      0x129 ../../../../../libopencm3//lib/libopencm3_stm32f4.a(nvic.o)
 .debug_loc     0x0000000000003808       0x3f ../../../../../libopencm3//lib/libopencm3_stm32f4.a(flash_common_all.o)
 .debug_loc     0x0000000000003847       0x3f ../../../../../libopencm3//lib/libopencm3_stm32f4.a(pwr.o)
 .debug_loc     0x0000000000003886      0x161 /usr/lib/gcc/arm-none-eabi/6.3.1/../../../arm-none-eabi/lib/thumb/v7e-m/fpv4-sp/hard/libc.a(lib_a-itoa.o)
 .debug_loc     0x00000000000039e7      0x1b4 /usr/lib/gcc/arm-none-eabi/6.3.1/../../../arm-none-eabi/lib/thumb/v7e-m/fpv4-sp/hard/libc.a(lib_a-utoa.o)

.debug_aranges  0x0000000000000000      0xb98
 .debug_aranges
                0x0000000000000000       0x20 sdram.o
 .debug_aranges
                0x0000000000000020       0x38 clock.o
 .debug_aranges
                0x0000000000000058       0x48 console.o
 .debug_aranges
                0x00000000000000a0       0x40 lcd-spi.o
 .debug_aranges
                0x00000000000000e0       0xf8 gfx.o
 .debug_aranges
                0x00000000000001d8       0x20 lab4.o
 .debug_aranges
                0x00000000000001f8      0x158 ../../../../../libopencm3//lib/libopencm3_stm32f4.a(adc_common_v1.o)
 .debug_aranges
                0x0000000000000350       0xa8 ../../../../../libopencm3//lib/libopencm3_stm32f4.a(adc_common_v1_multi.o)
 .debug_aranges
                0x00000000000003f8       0x40 ../../../../../libopencm3//lib/libopencm3_stm32f4.a(adc_common_f47.o)
 .debug_aranges
                0x0000000000000438       0x28 ../../../../../libopencm3//lib/libopencm3_stm32f4.a(fmc_common_f47.o)
 .debug_aranges
                0x0000000000000460       0x50 ../../../../../libopencm3//lib/libopencm3_stm32f4.a(gpio_common_all.o)
 .debug_aranges
                0x00000000000004b0       0x30 ../../../../../libopencm3//lib/libopencm3_stm32f4.a(gpio_common_f0234.o)
 .debug_aranges
                0x00000000000004e0       0x70 ../../../../../libopencm3//lib/libopencm3_stm32f4.a(rcc_common_all.o)
 .debug_aranges
                0x0000000000000550      0x110 ../../../../../libopencm3//lib/libopencm3_stm32f4.a(rcc.o)
 .debug_aranges
                0x0000000000000660      0x178 ../../../../../libopencm3//lib/libopencm3_stm32f4.a(spi_common_all.o)
 .debug_aranges
                0x00000000000007d8       0x30 ../../../../../libopencm3//lib/libopencm3_stm32f4.a(spi_common_v1.o)
 .debug_aranges
                0x0000000000000808       0xd8 ../../../../../libopencm3//lib/libopencm3_stm32f4.a(usart_common_all.o)
 .debug_aranges
                0x00000000000008e0       0x40 ../../../../../libopencm3//lib/libopencm3_stm32f4.a(usart_common_f124.o)
 .debug_aranges
                0x0000000000000920       0x30 ../../../../../libopencm3//lib/libopencm3_stm32f4.a(vector.o)
 .debug_aranges
                0x0000000000000950       0x78 ../../../../../libopencm3//lib/libopencm3_stm32f4.a(systick.o)
 .debug_aranges
                0x00000000000009c8       0x30 ../../../../../libopencm3//lib/libopencm3_stm32f4.a(scb.o)
 .debug_aranges
                0x00000000000009f8       0x60 ../../../../../libopencm3//lib/libopencm3_stm32f4.a(nvic.o)
 .debug_aranges
                0x0000000000000a58       0x38 ../../../../../libopencm3//lib/libopencm3_stm32f4.a(flash_common_all.o)
 .debug_aranges
                0x0000000000000a90       0x48 ../../../../../libopencm3//lib/libopencm3_stm32f4.a(flash_common_idcache.o)
 .debug_aranges
                0x0000000000000ad8       0x20 ../../../../../libopencm3//lib/libopencm3_stm32f4.a(pwr.o)
 .debug_aranges
                0x0000000000000af8       0x20 /usr/lib/gcc/arm-none-eabi/6.3.1/../../../arm-none-eabi/lib/thumb/v7e-m/fpv4-sp/hard/libc.a(lib_a-itoa.o)
 .debug_aranges
                0x0000000000000b18       0x20 /usr/lib/gcc/arm-none-eabi/6.3.1/../../../arm-none-eabi/lib/thumb/v7e-m/fpv4-sp/hard/libc.a(lib_a-strlen.o)
 .debug_aranges
                0x0000000000000b38       0x20 /usr/lib/gcc/arm-none-eabi/6.3.1/../../../arm-none-eabi/lib/thumb/v7e-m/fpv4-sp/hard/libc.a(lib_a-utoa.o)
 .debug_aranges
                0x0000000000000b58       0x20 /usr/lib/gcc/arm-none-eabi/6.3.1/thumb/v7e-m/fpv4-sp/hard/libgcc.a(_arm_addsubdf3.o)
 .debug_aranges
                0x0000000000000b78       0x20 /usr/lib/gcc/arm-none-eabi/6.3.1/thumb/v7e-m/fpv4-sp/hard/libgcc.a(_arm_cmpdf2.o)

.debug_ranges   0x0000000000000000      0xb30
 .debug_ranges  0x0000000000000000       0x10 sdram.o
 .debug_ranges  0x0000000000000010       0x28 clock.o
 .debug_ranges  0x0000000000000038       0x38 console.o
 .debug_ranges  0x0000000000000070       0xa8 lcd-spi.o
 .debug_ranges  0x0000000000000118      0x148 gfx.o
 .debug_ranges  0x0000000000000260       0xd0 lab4.o
 .debug_ranges  0x0000000000000330      0x148 ../../../../../libopencm3//lib/libopencm3_stm32f4.a(adc_common_v1.o)
 .debug_ranges  0x0000000000000478       0x98 ../../../../../libopencm3//lib/libopencm3_stm32f4.a(adc_common_v1_multi.o)
 .debug_ranges  0x0000000000000510       0x30 ../../../../../libopencm3//lib/libopencm3_stm32f4.a(adc_common_f47.o)
 .debug_ranges  0x0000000000000540       0x18 ../../../../../libopencm3//lib/libopencm3_stm32f4.a(fmc_common_f47.o)
 .debug_ranges  0x0000000000000558       0x40 ../../../../../libopencm3//lib/libopencm3_stm32f4.a(gpio_common_all.o)
 .debug_ranges  0x0000000000000598       0x20 ../../../../../libopencm3//lib/libopencm3_stm32f4.a(gpio_common_f0234.o)
 .debug_ranges  0x00000000000005b8       0x60 ../../../../../libopencm3//lib/libopencm3_stm32f4.a(rcc_common_all.o)
 .debug_ranges  0x0000000000000618      0x118 ../../../../../libopencm3//lib/libopencm3_stm32f4.a(rcc.o)
 .debug_ranges  0x0000000000000730      0x168 ../../../../../libopencm3//lib/libopencm3_stm32f4.a(spi_common_all.o)
 .debug_ranges  0x0000000000000898       0x20 ../../../../../libopencm3//lib/libopencm3_stm32f4.a(spi_common_v1.o)
 .debug_ranges  0x00000000000008b8       0xc8 ../../../../../libopencm3//lib/libopencm3_stm32f4.a(usart_common_all.o)
 .debug_ranges  0x0000000000000980       0x30 ../../../../../libopencm3//lib/libopencm3_stm32f4.a(usart_common_f124.o)
 .debug_ranges  0x00000000000009b0       0x20 ../../../../../libopencm3//lib/libopencm3_stm32f4.a(vector.o)
 .debug_ranges  0x00000000000009d0       0x80 ../../../../../libopencm3//lib/libopencm3_stm32f4.a(systick.o)
 .debug_ranges  0x0000000000000a50       0x20 ../../../../../libopencm3//lib/libopencm3_stm32f4.a(scb.o)
 .debug_ranges  0x0000000000000a70       0x50 ../../../../../libopencm3//lib/libopencm3_stm32f4.a(nvic.o)
 .debug_ranges  0x0000000000000ac0       0x28 ../../../../../libopencm3//lib/libopencm3_stm32f4.a(flash_common_all.o)
 .debug_ranges  0x0000000000000ae8       0x38 ../../../../../libopencm3//lib/libopencm3_stm32f4.a(flash_common_idcache.o)
 .debug_ranges  0x0000000000000b20       0x10 ../../../../../libopencm3//lib/libopencm3_stm32f4.a(pwr.o)

.debug_macro    0x0000000000000000     0x6dff
 .debug_macro   0x0000000000000000      0x140 sdram.o
 .debug_macro   0x0000000000000140      0x8aa sdram.o
 .debug_macro   0x00000000000009ea       0x22 sdram.o
 .debug_macro   0x0000000000000a0c       0x4f sdram.o
 .debug_macro   0x0000000000000a5b       0x44 sdram.o
 .debug_macro   0x0000000000000a9f       0xfd sdram.o
 .debug_macro   0x0000000000000b9c       0x5e sdram.o
 .debug_macro   0x0000000000000bfa      0x1df sdram.o
 .debug_macro   0x0000000000000dd9       0x1c sdram.o
 .debug_macro   0x0000000000000df5       0x22 sdram.o
 .debug_macro   0x0000000000000e17       0xe8 sdram.o
 .debug_macro   0x0000000000000eff       0x76 sdram.o
 .debug_macro   0x0000000000000f75      0x280 sdram.o
 .debug_macro   0x00000000000011f5       0x76 sdram.o
 .debug_macro   0x000000000000126b      0x37e sdram.o
 .debug_macro   0x00000000000015e9       0xca sdram.o
 .debug_macro   0x00000000000016b3       0x8e sdram.o
 .debug_macro   0x0000000000001741       0x28 sdram.o
 .debug_macro   0x0000000000001769      0xcea sdram.o
 .debug_macro   0x0000000000002453      0x285 sdram.o
 .debug_macro   0x00000000000026d8      0x2b3 sdram.o
 .debug_macro   0x000000000000298b       0x16 sdram.o
 .debug_macro   0x00000000000029a1      0x10a clock.o
 .debug_macro   0x0000000000002aab       0x6e clock.o
 .debug_macro   0x0000000000002b19      0x22c clock.o
 .debug_macro   0x0000000000002d45       0x6f clock.o
 .debug_macro   0x0000000000002db4      0x1e8 console.o
 .debug_macro   0x0000000000002f9c       0x52 console.o
 .debug_macro   0x0000000000002fee       0x35 console.o
 .debug_macro   0x0000000000003023       0x9c console.o
 .debug_macro   0x00000000000030bf       0x94 console.o
 .debug_macro   0x0000000000003153      0x29e console.o
 .debug_macro   0x00000000000033f1       0xa0 console.o
 .debug_macro   0x0000000000003491       0x70 console.o
 .debug_macro   0x0000000000003501      0x458 console.o
 .debug_macro   0x0000000000003959       0x1f console.o
 .debug_macro   0x0000000000003978       0x16 console.o
 .debug_macro   0x000000000000398e      0x17a lcd-spi.o
 .debug_macro   0x0000000000003b08      0x2eb lcd-spi.o
 .debug_macro   0x0000000000003df3       0x16 lcd-spi.o
 .debug_macro   0x0000000000003e09       0x22 lcd-spi.o
 .debug_macro   0x0000000000003e2b       0x76 lcd-spi.o
 .debug_macro   0x0000000000003ea1      0x150 gfx.o
 .debug_macro   0x0000000000003ff1      0x16d gfx.o
 .debug_macro   0x000000000000415e       0x52 gfx.o
 .debug_macro   0x00000000000041b0       0x1f gfx.o
 .debug_macro   0x00000000000041cf       0x43 gfx.o
 .debug_macro   0x0000000000004212       0x20 gfx.o
 .debug_macro   0x0000000000004232      0x187 gfx.o
 .debug_macro   0x00000000000043b9      0x330 gfx.o
 .debug_macro   0x00000000000046e9       0xde gfx.o
 .debug_macro   0x00000000000047c7       0x16 gfx.o
 .debug_macro   0x00000000000047dd       0x35 gfx.o
 .debug_macro   0x0000000000004812       0x22 gfx.o
 .debug_macro   0x0000000000004834       0x58 gfx.o
 .debug_macro   0x000000000000488c       0x16 gfx.o
 .debug_macro   0x00000000000048a2      0x291 lab4.o
 .debug_macro   0x0000000000004b33       0x10 lab4.o
 .debug_macro   0x0000000000004b43      0x449 lab4.o
 .debug_macro   0x0000000000004f8c      0x2d5 lab4.o
 .debug_macro   0x0000000000005261      0x1be lab4.o
 .debug_macro   0x000000000000541f       0x16 lab4.o
 .debug_macro   0x0000000000005435       0xc7 ../../../../../libopencm3//lib/libopencm3_stm32f4.a(adc_common_v1.o)
 .debug_macro   0x00000000000054fc       0xc7 ../../../../../libopencm3//lib/libopencm3_stm32f4.a(adc_common_v1_multi.o)
 .debug_macro   0x00000000000055c3       0xc7 ../../../../../libopencm3//lib/libopencm3_stm32f4.a(adc_common_f47.o)
 .debug_macro   0x000000000000568a       0xbe ../../../../../libopencm3//lib/libopencm3_stm32f4.a(fmc_common_f47.o)
 .debug_macro   0x0000000000005748       0xd1 ../../../../../libopencm3//lib/libopencm3_stm32f4.a(gpio_common_all.o)
 .debug_macro   0x0000000000005819       0xd1 ../../../../../libopencm3//lib/libopencm3_stm32f4.a(gpio_common_f0234.o)
 .debug_macro   0x00000000000058ea       0xf0 ../../../../../libopencm3//lib/libopencm3_stm32f4.a(rcc_common_all.o)
 .debug_macro   0x00000000000059da      0x124 ../../../../../libopencm3//lib/libopencm3_stm32f4.a(rcc.o)
 .debug_macro   0x0000000000005afe       0x16 ../../../../../libopencm3//lib/libopencm3_stm32f4.a(rcc.o)
 .debug_macro   0x0000000000005b14       0x1c ../../../../../libopencm3//lib/libopencm3_stm32f4.a(rcc.o)
 .debug_macro   0x0000000000005b30      0x143 ../../../../../libopencm3//lib/libopencm3_stm32f4.a(rcc.o)
 .debug_macro   0x0000000000005c73       0x10 ../../../../../libopencm3//lib/libopencm3_stm32f4.a(rcc.o)
 .debug_macro   0x0000000000005c83       0xff ../../../../../libopencm3//lib/libopencm3_stm32f4.a(spi_common_all.o)
 .debug_macro   0x0000000000005d82       0xff ../../../../../libopencm3//lib/libopencm3_stm32f4.a(spi_common_v1.o)
 .debug_macro   0x0000000000005e81      0x10b ../../../../../libopencm3//lib/libopencm3_stm32f4.a(usart_common_all.o)
 .debug_macro   0x0000000000005f8c      0x10b ../../../../../libopencm3//lib/libopencm3_stm32f4.a(usart_common_f124.o)
 .debug_macro   0x0000000000006097       0xd3 ../../../../../libopencm3//lib/libopencm3_stm32f4.a(vector.o)
 .debug_macro   0x000000000000616a      0x452 ../../../../../libopencm3//lib/libopencm3_stm32f4.a(vector.o)
 .debug_macro   0x00000000000065bc       0x92 ../../../../../libopencm3//lib/libopencm3_stm32f4.a(systick.o)
 .debug_macro   0x000000000000664e       0x69 ../../../../../libopencm3//lib/libopencm3_stm32f4.a(systick.o)
 .debug_macro   0x00000000000066b7      0x148 ../../../../../libopencm3//lib/libopencm3_stm32f4.a(scb.o)
 .debug_macro   0x00000000000067ff       0x4c ../../../../../libopencm3//lib/libopencm3_stm32f4.a(scb.o)
 .debug_macro   0x000000000000684b       0x55 ../../../../../libopencm3//lib/libopencm3_stm32f4.a(scb.o)
 .debug_macro   0x00000000000068a0      0x10e ../../../../../libopencm3//lib/libopencm3_stm32f4.a(scb.o)
 .debug_macro   0x00000000000069ae       0x86 ../../../../../libopencm3//lib/libopencm3_stm32f4.a(scb.o)
 .debug_macro   0x0000000000006a34       0x4a ../../../../../libopencm3//lib/libopencm3_stm32f4.a(scb.o)
 .debug_macro   0x0000000000006a7e       0xb3 ../../../../../libopencm3//lib/libopencm3_stm32f4.a(nvic.o)
 .debug_macro   0x0000000000006b31       0x68 ../../../../../libopencm3//lib/libopencm3_stm32f4.a(nvic.o)
 .debug_macro   0x0000000000006b99       0xd7 ../../../../../libopencm3//lib/libopencm3_stm32f4.a(flash_common_all.o)
 .debug_macro   0x0000000000006c70       0xd7 ../../../../../libopencm3//lib/libopencm3_stm32f4.a(flash_common_idcache.o)
 .debug_macro   0x0000000000006d47       0xb8 ../../../../../libopencm3//lib/libopencm3_stm32f4.a(pwr.o)

.debug_line     0x0000000000000000     0x5d86
 .debug_line    0x0000000000000000      0x33d sdram.o
 .debug_line    0x000000000000033d      0x324 clock.o
 .debug_line    0x0000000000000661      0x4df console.o
 .debug_line    0x0000000000000b40      0x498 lcd-spi.o
 .debug_line    0x0000000000000fd8      0x5b4 gfx.o
 .debug_line    0x000000000000158c      0x570 lab4.o
 .debug_line    0x0000000000001afc      0x523 ../../../../../libopencm3//lib/libopencm3_stm32f4.a(adc_common_v1.o)
 .debug_line    0x000000000000201f      0x36e ../../../../../libopencm3//lib/libopencm3_stm32f4.a(adc_common_v1_multi.o)
 .debug_line    0x000000000000238d      0x2b3 ../../../../../libopencm3//lib/libopencm3_stm32f4.a(adc_common_f47.o)
 .debug_line    0x0000000000002640      0x261 ../../../../../libopencm3//lib/libopencm3_stm32f4.a(fmc_common_f47.o)
 .debug_line    0x00000000000028a1      0x2c0 ../../../../../libopencm3//lib/libopencm3_stm32f4.a(gpio_common_all.o)
 .debug_line    0x0000000000002b61      0x2b2 ../../../../../libopencm3//lib/libopencm3_stm32f4.a(gpio_common_f0234.o)
 .debug_line    0x0000000000002e13      0x2fb ../../../../../libopencm3//lib/libopencm3_stm32f4.a(rcc_common_all.o)
 .debug_line    0x000000000000310e      0x5ad ../../../../../libopencm3//lib/libopencm3_stm32f4.a(rcc.o)
 .debug_line    0x00000000000036bb      0x5b5 ../../../../../libopencm3//lib/libopencm3_stm32f4.a(spi_common_all.o)
 .debug_line    0x0000000000003c70      0x2c8 ../../../../../libopencm3//lib/libopencm3_stm32f4.a(spi_common_v1.o)
 .debug_line    0x0000000000003f38      0x443 ../../../../../libopencm3//lib/libopencm3_stm32f4.a(usart_common_all.o)
 .debug_line    0x000000000000437b      0x2f1 ../../../../../libopencm3//lib/libopencm3_stm32f4.a(usart_common_f124.o)
 .debug_line    0x000000000000466c      0x2ca ../../../../../libopencm3//lib/libopencm3_stm32f4.a(vector.o)
 .debug_line    0x0000000000004936      0x24c ../../../../../libopencm3//lib/libopencm3_stm32f4.a(systick.o)
 .debug_line    0x0000000000004b82      0x216 ../../../../../libopencm3//lib/libopencm3_stm32f4.a(scb.o)
 .debug_line    0x0000000000004d98      0x26f ../../../../../libopencm3//lib/libopencm3_stm32f4.a(nvic.o)
 .debug_line    0x0000000000005007      0x2a1 ../../../../../libopencm3//lib/libopencm3_stm32f4.a(flash_common_all.o)
 .debug_line    0x00000000000052a8      0x2c1 ../../../../../libopencm3//lib/libopencm3_stm32f4.a(flash_common_idcache.o)
 .debug_line    0x0000000000005569      0x20f ../../../../../libopencm3//lib/libopencm3_stm32f4.a(pwr.o)
 .debug_line    0x0000000000005778      0x165 /usr/lib/gcc/arm-none-eabi/6.3.1/../../../arm-none-eabi/lib/thumb/v7e-m/fpv4-sp/hard/libc.a(lib_a-itoa.o)
 .debug_line    0x00000000000058dd       0xb2 /usr/lib/gcc/arm-none-eabi/6.3.1/../../../arm-none-eabi/lib/thumb/v7e-m/fpv4-sp/hard/libc.a(lib_a-strlen.o)
 .debug_line    0x000000000000598f      0x1aa /usr/lib/gcc/arm-none-eabi/6.3.1/../../../arm-none-eabi/lib/thumb/v7e-m/fpv4-sp/hard/libc.a(lib_a-utoa.o)
 .debug_line    0x0000000000005b39      0x189 /usr/lib/gcc/arm-none-eabi/6.3.1/thumb/v7e-m/fpv4-sp/hard/libgcc.a(_arm_addsubdf3.o)
 .debug_line    0x0000000000005cc2       0xc4 /usr/lib/gcc/arm-none-eabi/6.3.1/thumb/v7e-m/fpv4-sp/hard/libgcc.a(_arm_cmpdf2.o)

.debug_str      0x0000000000000000    0x193fa
 .debug_str     0x0000000000000000     0xba67 sdram.o
                                       0xbc5b (size before relaxing)
 .debug_str     0x000000000000ba67      0xcca clock.o
                                       0x94c3 (size before relaxing)
 .debug_str     0x000000000000c731     0x2f31 console.o
                                       0xdadb (size before relaxing)
 .debug_str     0x000000000000f662     0x1091 lcd-spi.o
                                       0xbcdb (size before relaxing)
 .debug_str     0x00000000000106f3     0x32ee gfx.o
                                       0x6b82 (size before relaxing)
 .debug_str     0x00000000000139e1     0x296c lab4.o
                                      0x122de (size before relaxing)
 .debug_str     0x000000000001634d      0x54a ../../../../../libopencm3//lib/libopencm3_stm32f4.a(adc_common_v1.o)
                                       0x7628 (size before relaxing)
 .debug_str     0x0000000000016897      0x1c5 ../../../../../libopencm3//lib/libopencm3_stm32f4.a(adc_common_v1_multi.o)
                                       0x7312 (size before relaxing)
 .debug_str     0x0000000000016a5c       0x71 ../../../../../libopencm3//lib/libopencm3_stm32f4.a(adc_common_f47.o)
                                       0x71b9 (size before relaxing)
 .debug_str     0x0000000000016acd       0x37 ../../../../../libopencm3//lib/libopencm3_stm32f4.a(fmc_common_f47.o)
                                       0x6380 (size before relaxing)
 .debug_str     0x0000000000016b04       0x60 ../../../../../libopencm3//lib/libopencm3_stm32f4.a(gpio_common_all.o)
                                       0x5d74 (size before relaxing)
 .debug_str     0x0000000000016b64       0x61 ../../../../../libopencm3//lib/libopencm3_stm32f4.a(gpio_common_f0234.o)
                                       0x5d96 (size before relaxing)
 .debug_str     0x0000000000016bc5      0x475 ../../../../../libopencm3//lib/libopencm3_stm32f4.a(rcc_common_all.o)
                                       0x9208 (size before relaxing)
 .debug_str     0x000000000001703a      0xad3 ../../../../../libopencm3//lib/libopencm3_stm32f4.a(rcc.o)
                                       0x991f (size before relaxing)
 .debug_str     0x0000000000017b0d      0x3fa ../../../../../libopencm3//lib/libopencm3_stm32f4.a(spi_common_all.o)
                                       0x9c88 (size before relaxing)
 .debug_str     0x0000000000017f07       0x50 ../../../../../libopencm3//lib/libopencm3_stm32f4.a(spi_common_v1.o)
                                       0x9609 (size before relaxing)
 .debug_str     0x0000000000017f57      0x1ea ../../../../../libopencm3//lib/libopencm3_stm32f4.a(usart_common_all.o)
                                       0x9c8e (size before relaxing)
 .debug_str     0x0000000000018141       0x2d ../../../../../libopencm3//lib/libopencm3_stm32f4.a(usart_common_f124.o)
                                       0x9a48 (size before relaxing)
 .debug_str     0x000000000001816e      0xe72 ../../../../../libopencm3//lib/libopencm3_stm32f4.a(vector.o)
                                       0x662e (size before relaxing)
 .debug_str     0x0000000000018fe0       0xbd ../../../../../libopencm3//lib/libopencm3_stm32f4.a(systick.o)
                                       0x3c8c (size before relaxing)
 .debug_str     0x000000000001909d       0x42 ../../../../../libopencm3//lib/libopencm3_stm32f4.a(scb.o)
                                       0x7cea (size before relaxing)
 .debug_str     0x00000000000190df       0xc4 ../../../../../libopencm3//lib/libopencm3_stm32f4.a(nvic.o)
                                       0x58a5 (size before relaxing)
 .debug_str     0x00000000000191a3       0x64 ../../../../../libopencm3//lib/libopencm3_stm32f4.a(flash_common_all.o)
                                       0x50cb (size before relaxing)
 .debug_str     0x0000000000019207       0x47 ../../../../../libopencm3//lib/libopencm3_stm32f4.a(flash_common_idcache.o)
                                       0x50ed (size before relaxing)
 .debug_str     0x000000000001924e        0x6 ../../../../../libopencm3//lib/libopencm3_stm32f4.a(pwr.o)
                                       0x4cc9 (size before relaxing)
 .debug_str     0x0000000000019254      0x160 /usr/lib/gcc/arm-none-eabi/6.3.1/../../../arm-none-eabi/lib/thumb/v7e-m/fpv4-sp/hard/libc.a(lib_a-itoa.o)
                                        0x5e3 (size before relaxing)
 .debug_str     0x00000000000193b4       0x46 /usr/lib/gcc/arm-none-eabi/6.3.1/../../../arm-none-eabi/lib/thumb/v7e-m/fpv4-sp/hard/libc.a(lib_a-utoa.o)
                                        0x5e6 (size before relaxing)

.comment        0x0000000000000000       0x31
 .comment       0x0000000000000000       0x31 sdram.o
                                         0x32 (size before relaxing)
 .comment       0x0000000000000031       0x32 clock.o
 .comment       0x0000000000000031       0x32 console.o
 .comment       0x0000000000000031       0x32 lcd-spi.o
 .comment       0x0000000000000031       0x32 gfx.o
 .comment       0x0000000000000031       0x32 lab4.o
 .comment       0x0000000000000031       0x32 ../../../../../libopencm3//lib/libopencm3_stm32f4.a(adc_common_v1.o)
 .comment       0x0000000000000031       0x32 ../../../../../libopencm3//lib/libopencm3_stm32f4.a(adc_common_v1_multi.o)
 .comment       0x0000000000000031       0x32 ../../../../../libopencm3//lib/libopencm3_stm32f4.a(adc_common_f47.o)
 .comment       0x0000000000000031       0x32 ../../../../../libopencm3//lib/libopencm3_stm32f4.a(fmc_common_f47.o)
 .comment       0x0000000000000031       0x32 ../../../../../libopencm3//lib/libopencm3_stm32f4.a(gpio_common_all.o)
 .comment       0x0000000000000031       0x32 ../../../../../libopencm3//lib/libopencm3_stm32f4.a(gpio_common_f0234.o)
 .comment       0x0000000000000031       0x32 ../../../../../libopencm3//lib/libopencm3_stm32f4.a(rcc_common_all.o)
 .comment       0x0000000000000031       0x32 ../../../../../libopencm3//lib/libopencm3_stm32f4.a(rcc.o)
 .comment       0x0000000000000031       0x32 ../../../../../libopencm3//lib/libopencm3_stm32f4.a(spi_common_all.o)
 .comment       0x0000000000000031       0x32 ../../../../../libopencm3//lib/libopencm3_stm32f4.a(spi_common_v1.o)
 .comment       0x0000000000000031       0x32 ../../../../../libopencm3//lib/libopencm3_stm32f4.a(usart_common_all.o)
 .comment       0x0000000000000031       0x32 ../../../../../libopencm3//lib/libopencm3_stm32f4.a(usart_common_f124.o)
 .comment       0x0000000000000031       0x32 ../../../../../libopencm3//lib/libopencm3_stm32f4.a(vector.o)
 .comment       0x0000000000000031       0x32 ../../../../../libopencm3//lib/libopencm3_stm32f4.a(systick.o)
 .comment       0x0000000000000031       0x32 ../../../../../libopencm3//lib/libopencm3_stm32f4.a(scb.o)
 .comment       0x0000000000000031       0x32 ../../../../../libopencm3//lib/libopencm3_stm32f4.a(nvic.o)
 .comment       0x0000000000000031       0x32 ../../../../../libopencm3//lib/libopencm3_stm32f4.a(flash_common_all.o)
 .comment       0x0000000000000031       0x32 ../../../../../libopencm3//lib/libopencm3_stm32f4.a(flash_common_idcache.o)
 .comment       0x0000000000000031       0x32 ../../../../../libopencm3//lib/libopencm3_stm32f4.a(pwr.o)
 .comment       0x0000000000000031       0x32 /usr/lib/gcc/arm-none-eabi/6.3.1/../../../arm-none-eabi/lib/thumb/v7e-m/fpv4-sp/hard/libc.a(lib_a-itoa.o)
 .comment       0x0000000000000031       0x32 /usr/lib/gcc/arm-none-eabi/6.3.1/../../../arm-none-eabi/lib/thumb/v7e-m/fpv4-sp/hard/libc.a(lib_a-utoa.o)

.ARM.attributes
                0x0000000000000000       0x37
 .ARM.attributes
                0x0000000000000000       0x39 sdram.o
 .ARM.attributes
                0x0000000000000039       0x39 clock.o
 .ARM.attributes
                0x0000000000000072       0x39 console.o
 .ARM.attributes
                0x00000000000000ab       0x39 lcd-spi.o
 .ARM.attributes
                0x00000000000000e4       0x39 gfx.o
 .ARM.attributes
                0x000000000000011d       0x39 lab4.o
 .ARM.attributes
                0x0000000000000156       0x39 ../../../../../libopencm3//lib/libopencm3_stm32f4.a(adc_common_v1.o)
 .ARM.attributes
                0x000000000000018f       0x39 ../../../../../libopencm3//lib/libopencm3_stm32f4.a(adc_common_v1_multi.o)
 .ARM.attributes
                0x00000000000001c8       0x39 ../../../../../libopencm3//lib/libopencm3_stm32f4.a(adc_common_f47.o)
 .ARM.attributes
                0x0000000000000201       0x39 ../../../../../libopencm3//lib/libopencm3_stm32f4.a(fmc_common_f47.o)
 .ARM.attributes
                0x000000000000023a       0x39 ../../../../../libopencm3//lib/libopencm3_stm32f4.a(gpio_common_all.o)
 .ARM.attributes
                0x0000000000000273       0x39 ../../../../../libopencm3//lib/libopencm3_stm32f4.a(gpio_common_f0234.o)
 .ARM.attributes
                0x00000000000002ac       0x39 ../../../../../libopencm3//lib/libopencm3_stm32f4.a(rcc_common_all.o)
 .ARM.attributes
                0x00000000000002e5       0x39 ../../../../../libopencm3//lib/libopencm3_stm32f4.a(rcc.o)
 .ARM.attributes
                0x000000000000031e       0x39 ../../../../../libopencm3//lib/libopencm3_stm32f4.a(spi_common_all.o)
 .ARM.attributes
                0x0000000000000357       0x39 ../../../../../libopencm3//lib/libopencm3_stm32f4.a(spi_common_v1.o)
 .ARM.attributes
                0x0000000000000390       0x39 ../../../../../libopencm3//lib/libopencm3_stm32f4.a(usart_common_all.o)
 .ARM.attributes
                0x00000000000003c9       0x39 ../../../../../libopencm3//lib/libopencm3_stm32f4.a(usart_common_f124.o)
 .ARM.attributes
                0x0000000000000402       0x39 ../../../../../libopencm3//lib/libopencm3_stm32f4.a(vector.o)
 .ARM.attributes
                0x000000000000043b       0x39 ../../../../../libopencm3//lib/libopencm3_stm32f4.a(systick.o)
 .ARM.attributes
                0x0000000000000474       0x39 ../../../../../libopencm3//lib/libopencm3_stm32f4.a(scb.o)
 .ARM.attributes
                0x00000000000004ad       0x39 ../../../../../libopencm3//lib/libopencm3_stm32f4.a(nvic.o)
 .ARM.attributes
                0x00000000000004e6       0x39 ../../../../../libopencm3//lib/libopencm3_stm32f4.a(flash_common_all.o)
 .ARM.attributes
                0x000000000000051f       0x39 ../../../../../libopencm3//lib/libopencm3_stm32f4.a(flash_common_idcache.o)
 .ARM.attributes
                0x0000000000000558       0x39 ../../../../../libopencm3//lib/libopencm3_stm32f4.a(pwr.o)
 .ARM.attributes
                0x0000000000000591       0x34 /usr/lib/gcc/arm-none-eabi/6.3.1/../../../arm-none-eabi/lib/thumb/v7e-m/fpv4-sp/hard/libc.a(lib_a-itoa.o)
 .ARM.attributes
                0x00000000000005c5       0x20 /usr/lib/gcc/arm-none-eabi/6.3.1/../../../arm-none-eabi/lib/thumb/v7e-m/fpv4-sp/hard/libc.a(lib_a-strlen.o)
 .ARM.attributes
                0x00000000000005e5       0x34 /usr/lib/gcc/arm-none-eabi/6.3.1/../../../arm-none-eabi/lib/thumb/v7e-m/fpv4-sp/hard/libc.a(lib_a-utoa.o)
 .ARM.attributes
                0x0000000000000619       0x22 /usr/lib/gcc/arm-none-eabi/6.3.1/thumb/v7e-m/fpv4-sp/hard/libgcc.a(_arm_addsubdf3.o)
 .ARM.attributes
                0x000000000000063b       0x22 /usr/lib/gcc/arm-none-eabi/6.3.1/thumb/v7e-m/fpv4-sp/hard/libgcc.a(_arm_cmpdf2.o)

.debug_frame    0x0000000000000000     0x1878
 .debug_frame   0x0000000000000000       0x30 sdram.o
 .debug_frame   0x0000000000000030       0x5c clock.o
 .debug_frame   0x000000000000008c       0xb0 console.o
 .debug_frame   0x000000000000013c       0xc4 lcd-spi.o
 .debug_frame   0x0000000000000200      0x3a8 gfx.o
 .debug_frame   0x00000000000005a8       0x38 lab4.o
 .debug_frame   0x00000000000005e0      0x2b4 ../../../../../libopencm3//lib/libopencm3_stm32f4.a(adc_common_v1.o)
 .debug_frame   0x0000000000000894      0x130 ../../../../../libopencm3//lib/libopencm3_stm32f4.a(adc_common_v1_multi.o)
 .debug_frame   0x00000000000009c4       0x70 ../../../../../libopencm3//lib/libopencm3_stm32f4.a(adc_common_f47.o)
 .debug_frame   0x0000000000000a34       0x38 ../../../../../libopencm3//lib/libopencm3_stm32f4.a(fmc_common_f47.o)
 .debug_frame   0x0000000000000a6c       0x80 ../../../../../libopencm3//lib/libopencm3_stm32f4.a(gpio_common_all.o)
 .debug_frame   0x0000000000000aec       0x70 ../../../../../libopencm3//lib/libopencm3_stm32f4.a(gpio_common_f0234.o)
 .debug_frame   0x0000000000000b5c       0xe0 ../../../../../libopencm3//lib/libopencm3_stm32f4.a(rcc_common_all.o)
 .debug_frame   0x0000000000000c3c      0x22c ../../../../../libopencm3//lib/libopencm3_stm32f4.a(rcc.o)
 .debug_frame   0x0000000000000e68      0x2d0 ../../../../../libopencm3//lib/libopencm3_stm32f4.a(spi_common_all.o)
 .debug_frame   0x0000000000001138       0x4c ../../../../../libopencm3//lib/libopencm3_stm32f4.a(spi_common_v1.o)
 .debug_frame   0x0000000000001184      0x1b8 ../../../../../libopencm3//lib/libopencm3_stm32f4.a(usart_common_all.o)
 .debug_frame   0x000000000000133c       0x60 ../../../../../libopencm3//lib/libopencm3_stm32f4.a(usart_common_f124.o)
 .debug_frame   0x000000000000139c       0x4c ../../../../../libopencm3//lib/libopencm3_stm32f4.a(vector.o)
 .debug_frame   0x00000000000013e8       0xd8 ../../../../../libopencm3//lib/libopencm3_stm32f4.a(systick.o)
 .debug_frame   0x00000000000014c0       0x40 ../../../../../libopencm3//lib/libopencm3_stm32f4.a(scb.o)
 .debug_frame   0x0000000000001500       0xa0 ../../../../../libopencm3//lib/libopencm3_stm32f4.a(nvic.o)
 .debug_frame   0x00000000000015a0       0x50 ../../../../../libopencm3//lib/libopencm3_stm32f4.a(flash_common_all.o)
 .debug_frame   0x00000000000015f0       0x70 ../../../../../libopencm3//lib/libopencm3_stm32f4.a(flash_common_idcache.o)
 .debug_frame   0x0000000000001660       0x20 ../../../../../libopencm3//lib/libopencm3_stm32f4.a(pwr.o)
 .debug_frame   0x0000000000001680       0x3c /usr/lib/gcc/arm-none-eabi/6.3.1/../../../arm-none-eabi/lib/thumb/v7e-m/fpv4-sp/hard/libc.a(lib_a-itoa.o)
 .debug_frame   0x00000000000016bc       0x4c /usr/lib/gcc/arm-none-eabi/6.3.1/../../../arm-none-eabi/lib/thumb/v7e-m/fpv4-sp/hard/libc.a(lib_a-utoa.o)
 .debug_frame   0x0000000000001708       0xac /usr/lib/gcc/arm-none-eabi/6.3.1/thumb/v7e-m/fpv4-sp/hard/libgcc.a(_arm_addsubdf3.o)
 .debug_frame   0x00000000000017b4       0xc4 /usr/lib/gcc/arm-none-eabi/6.3.1/thumb/v7e-m/fpv4-sp/hard/libgcc.a(_arm_cmpdf2.o)

Cross Reference Table

Symbol                                            File
__adddf3                                          /usr/lib/gcc/arm-none-eabi/6.3.1/thumb/v7e-m/fpv4-sp/hard/libgcc.a(_arm_addsubdf3.o)
__aeabi_cdcmpeq                                   /usr/lib/gcc/arm-none-eabi/6.3.1/thumb/v7e-m/fpv4-sp/hard/libgcc.a(_arm_cmpdf2.o)
__aeabi_cdcmple                                   /usr/lib/gcc/arm-none-eabi/6.3.1/thumb/v7e-m/fpv4-sp/hard/libgcc.a(_arm_cmpdf2.o)
__aeabi_cdrcmple                                  /usr/lib/gcc/arm-none-eabi/6.3.1/thumb/v7e-m/fpv4-sp/hard/libgcc.a(_arm_cmpdf2.o)
__aeabi_dadd                                      /usr/lib/gcc/arm-none-eabi/6.3.1/thumb/v7e-m/fpv4-sp/hard/libgcc.a(_arm_addsubdf3.o)
__aeabi_dcmpeq                                    /usr/lib/gcc/arm-none-eabi/6.3.1/thumb/v7e-m/fpv4-sp/hard/libgcc.a(_arm_cmpdf2.o)
__aeabi_dcmpge                                    /usr/lib/gcc/arm-none-eabi/6.3.1/thumb/v7e-m/fpv4-sp/hard/libgcc.a(_arm_cmpdf2.o)
__aeabi_dcmpgt                                    /usr/lib/gcc/arm-none-eabi/6.3.1/thumb/v7e-m/fpv4-sp/hard/libgcc.a(_arm_cmpdf2.o)
__aeabi_dcmple                                    /usr/lib/gcc/arm-none-eabi/6.3.1/thumb/v7e-m/fpv4-sp/hard/libgcc.a(_arm_cmpdf2.o)
__aeabi_dcmplt                                    /usr/lib/gcc/arm-none-eabi/6.3.1/thumb/v7e-m/fpv4-sp/hard/libgcc.a(_arm_cmpdf2.o)
                                                  lab4.o
__aeabi_drsub                                     /usr/lib/gcc/arm-none-eabi/6.3.1/thumb/v7e-m/fpv4-sp/hard/libgcc.a(_arm_addsubdf3.o)
__aeabi_dsub                                      /usr/lib/gcc/arm-none-eabi/6.3.1/thumb/v7e-m/fpv4-sp/hard/libgcc.a(_arm_addsubdf3.o)
__aeabi_f2d                                       /usr/lib/gcc/arm-none-eabi/6.3.1/thumb/v7e-m/fpv4-sp/hard/libgcc.a(_arm_addsubdf3.o)
__aeabi_i2d                                       /usr/lib/gcc/arm-none-eabi/6.3.1/thumb/v7e-m/fpv4-sp/hard/libgcc.a(_arm_addsubdf3.o)
                                                  lab4.o
__aeabi_l2d                                       /usr/lib/gcc/arm-none-eabi/6.3.1/thumb/v7e-m/fpv4-sp/hard/libgcc.a(_arm_addsubdf3.o)
__aeabi_ui2d                                      /usr/lib/gcc/arm-none-eabi/6.3.1/thumb/v7e-m/fpv4-sp/hard/libgcc.a(_arm_addsubdf3.o)
__aeabi_ul2d                                      /usr/lib/gcc/arm-none-eabi/6.3.1/thumb/v7e-m/fpv4-sp/hard/libgcc.a(_arm_addsubdf3.o)
__cmpdf2                                          /usr/lib/gcc/arm-none-eabi/6.3.1/thumb/v7e-m/fpv4-sp/hard/libgcc.a(_arm_cmpdf2.o)
__eqdf2                                           /usr/lib/gcc/arm-none-eabi/6.3.1/thumb/v7e-m/fpv4-sp/hard/libgcc.a(_arm_cmpdf2.o)
__extendsfdf2                                     /usr/lib/gcc/arm-none-eabi/6.3.1/thumb/v7e-m/fpv4-sp/hard/libgcc.a(_arm_addsubdf3.o)
__fini_array_end                                  ../../../../../libopencm3//lib/libopencm3_stm32f4.a(vector.o)
__fini_array_start                                ../../../../../libopencm3//lib/libopencm3_stm32f4.a(vector.o)
__floatdidf                                       /usr/lib/gcc/arm-none-eabi/6.3.1/thumb/v7e-m/fpv4-sp/hard/libgcc.a(_arm_addsubdf3.o)
__floatsidf                                       /usr/lib/gcc/arm-none-eabi/6.3.1/thumb/v7e-m/fpv4-sp/hard/libgcc.a(_arm_addsubdf3.o)
__floatundidf                                     /usr/lib/gcc/arm-none-eabi/6.3.1/thumb/v7e-m/fpv4-sp/hard/libgcc.a(_arm_addsubdf3.o)
__floatunsidf                                     /usr/lib/gcc/arm-none-eabi/6.3.1/thumb/v7e-m/fpv4-sp/hard/libgcc.a(_arm_addsubdf3.o)
__gedf2                                           /usr/lib/gcc/arm-none-eabi/6.3.1/thumb/v7e-m/fpv4-sp/hard/libgcc.a(_arm_cmpdf2.o)
__gfx_state                                       gfx.o
__gtdf2                                           /usr/lib/gcc/arm-none-eabi/6.3.1/thumb/v7e-m/fpv4-sp/hard/libgcc.a(_arm_cmpdf2.o)
__init_array_end                                  ../../../../../libopencm3//lib/libopencm3_stm32f4.a(vector.o)
__init_array_start                                ../../../../../libopencm3//lib/libopencm3_stm32f4.a(vector.o)
__itoa                                            /usr/lib/gcc/arm-none-eabi/6.3.1/../../../arm-none-eabi/lib/thumb/v7e-m/fpv4-sp/hard/libc.a(lib_a-itoa.o)
__ledf2                                           /usr/lib/gcc/arm-none-eabi/6.3.1/thumb/v7e-m/fpv4-sp/hard/libgcc.a(_arm_cmpdf2.o)
__ltdf2                                           /usr/lib/gcc/arm-none-eabi/6.3.1/thumb/v7e-m/fpv4-sp/hard/libgcc.a(_arm_cmpdf2.o)
__nedf2                                           /usr/lib/gcc/arm-none-eabi/6.3.1/thumb/v7e-m/fpv4-sp/hard/libgcc.a(_arm_cmpdf2.o)
__preinit_array_end                               ../../../../../libopencm3//lib/libopencm3_stm32f4.a(vector.o)
__preinit_array_start                             ../../../../../libopencm3//lib/libopencm3_stm32f4.a(vector.o)
__subdf3                                          /usr/lib/gcc/arm-none-eabi/6.3.1/thumb/v7e-m/fpv4-sp/hard/libgcc.a(_arm_addsubdf3.o)
__utoa                                            /usr/lib/gcc/arm-none-eabi/6.3.1/../../../arm-none-eabi/lib/thumb/v7e-m/fpv4-sp/hard/libc.a(lib_a-utoa.o)
                                                  /usr/lib/gcc/arm-none-eabi/6.3.1/../../../arm-none-eabi/lib/thumb/v7e-m/fpv4-sp/hard/libc.a(lib_a-itoa.o)
_data                                             ../../../../../libopencm3//lib/libopencm3_stm32f4.a(vector.o)
_data_loadaddr                                    ../../../../../libopencm3//lib/libopencm3_stm32f4.a(vector.o)
_ebss                                             ../../../../../libopencm3//lib/libopencm3_stm32f4.a(vector.o)
_edata                                            ../../../../../libopencm3//lib/libopencm3_stm32f4.a(vector.o)
_stack                                            ../../../../../libopencm3//lib/libopencm3_stm32f4.a(vector.o)
adc_awd                                           ../../../../../libopencm3//lib/libopencm3_stm32f4.a(adc_common_v1_multi.o)
adc_clear_flag                                    ../../../../../libopencm3//lib/libopencm3_stm32f4.a(adc_common_v1.o)
adc_clear_overrun_flag                            ../../../../../libopencm3//lib/libopencm3_stm32f4.a(adc_common_v1_multi.o)
adc_disable_analog_watchdog_injected              ../../../../../libopencm3//lib/libopencm3_stm32f4.a(adc_common_v1.o)
adc_disable_analog_watchdog_regular               ../../../../../libopencm3//lib/libopencm3_stm32f4.a(adc_common_v1.o)
adc_disable_automatic_injected_group_conversion   ../../../../../libopencm3//lib/libopencm3_stm32f4.a(adc_common_v1.o)
adc_disable_awd_interrupt                         ../../../../../libopencm3//lib/libopencm3_stm32f4.a(adc_common_v1.o)
adc_disable_discontinuous_mode_injected           ../../../../../libopencm3//lib/libopencm3_stm32f4.a(adc_common_v1.o)
adc_disable_discontinuous_mode_regular            ../../../../../libopencm3//lib/libopencm3_stm32f4.a(adc_common_v1.o)
adc_disable_dma                                   ../../../../../libopencm3//lib/libopencm3_stm32f4.a(adc_common_v1.o)
adc_disable_eoc_interrupt                         ../../../../../libopencm3//lib/libopencm3_stm32f4.a(adc_common_v1.o)
adc_disable_eoc_interrupt_injected                ../../../../../libopencm3//lib/libopencm3_stm32f4.a(adc_common_v1.o)
adc_disable_external_trigger_injected             ../../../../../libopencm3//lib/libopencm3_stm32f4.a(adc_common_v1_multi.o)
                                                  ../../../../../libopencm3//lib/libopencm3_stm32f4.a(adc_common_v1.o)
adc_disable_external_trigger_regular              ../../../../../libopencm3//lib/libopencm3_stm32f4.a(adc_common_v1_multi.o)
adc_disable_overrun_interrupt                     ../../../../../libopencm3//lib/libopencm3_stm32f4.a(adc_common_v1_multi.o)
adc_disable_scan_mode                             ../../../../../libopencm3//lib/libopencm3_stm32f4.a(adc_common_v1.o)
                                                  lab4.o
adc_disable_temperature_sensor                    ../../../../../libopencm3//lib/libopencm3_stm32f4.a(adc_common_v1_multi.o)
adc_disable_vbat_sensor                           ../../../../../libopencm3//lib/libopencm3_stm32f4.a(adc_common_f47.o)
adc_enable_analog_watchdog_injected               ../../../../../libopencm3//lib/libopencm3_stm32f4.a(adc_common_v1.o)
adc_enable_analog_watchdog_on_all_channels        ../../../../../libopencm3//lib/libopencm3_stm32f4.a(adc_common_v1.o)
adc_enable_analog_watchdog_on_selected_channel    ../../../../../libopencm3//lib/libopencm3_stm32f4.a(adc_common_v1.o)
adc_enable_analog_watchdog_regular                ../../../../../libopencm3//lib/libopencm3_stm32f4.a(adc_common_v1.o)
adc_enable_automatic_injected_group_conversion    ../../../../../libopencm3//lib/libopencm3_stm32f4.a(adc_common_v1.o)
adc_enable_awd_interrupt                          ../../../../../libopencm3//lib/libopencm3_stm32f4.a(adc_common_v1.o)
adc_enable_discontinuous_mode_injected            ../../../../../libopencm3//lib/libopencm3_stm32f4.a(adc_common_v1.o)
adc_enable_discontinuous_mode_regular             ../../../../../libopencm3//lib/libopencm3_stm32f4.a(adc_common_v1.o)
adc_enable_dma                                    ../../../../../libopencm3//lib/libopencm3_stm32f4.a(adc_common_v1.o)
adc_enable_eoc_interrupt                          ../../../../../libopencm3//lib/libopencm3_stm32f4.a(adc_common_v1.o)
adc_enable_eoc_interrupt_injected                 ../../../../../libopencm3//lib/libopencm3_stm32f4.a(adc_common_v1.o)
adc_enable_external_trigger_injected              ../../../../../libopencm3//lib/libopencm3_stm32f4.a(adc_common_v1_multi.o)
adc_enable_external_trigger_regular               ../../../../../libopencm3//lib/libopencm3_stm32f4.a(adc_common_v1_multi.o)
adc_enable_overrun_interrupt                      ../../../../../libopencm3//lib/libopencm3_stm32f4.a(adc_common_v1_multi.o)
adc_enable_scan_mode                              ../../../../../libopencm3//lib/libopencm3_stm32f4.a(adc_common_v1.o)
adc_enable_temperature_sensor                     ../../../../../libopencm3//lib/libopencm3_stm32f4.a(adc_common_v1_multi.o)
adc_enable_vbat_sensor                            ../../../../../libopencm3//lib/libopencm3_stm32f4.a(adc_common_f47.o)
adc_eoc                                           ../../../../../libopencm3//lib/libopencm3_stm32f4.a(adc_common_v1.o)
                                                  lab4.o
adc_eoc_after_each                                ../../../../../libopencm3//lib/libopencm3_stm32f4.a(adc_common_v1_multi.o)
adc_eoc_after_group                               ../../../../../libopencm3//lib/libopencm3_stm32f4.a(adc_common_v1_multi.o)
adc_eoc_injected                                  ../../../../../libopencm3//lib/libopencm3_stm32f4.a(adc_common_v1.o)
adc_get_flag                                      ../../../../../libopencm3//lib/libopencm3_stm32f4.a(adc_common_v1.o)
adc_get_overrun_flag                              ../../../../../libopencm3//lib/libopencm3_stm32f4.a(adc_common_v1_multi.o)
adc_isr                                           ../../../../../libopencm3//lib/libopencm3_stm32f4.a(vector.o)
adc_power_off                                     ../../../../../libopencm3//lib/libopencm3_stm32f4.a(adc_common_v1.o)
                                                  lab4.o
adc_power_on                                      ../../../../../libopencm3//lib/libopencm3_stm32f4.a(adc_common_v1_multi.o)
                                                  lab4.o
adc_read_injected                                 ../../../../../libopencm3//lib/libopencm3_stm32f4.a(adc_common_v1.o)
adc_read_regular                                  ../../../../../libopencm3//lib/libopencm3_stm32f4.a(adc_common_v1.o)
                                                  lab4.o
adc_set_clk_prescale                              ../../../../../libopencm3//lib/libopencm3_stm32f4.a(adc_common_v1_multi.o)
adc_set_continuous_conversion_mode                ../../../../../libopencm3//lib/libopencm3_stm32f4.a(adc_common_v1.o)
adc_set_dma_continue                              ../../../../../libopencm3//lib/libopencm3_stm32f4.a(adc_common_v1_multi.o)
adc_set_dma_terminate                             ../../../../../libopencm3//lib/libopencm3_stm32f4.a(adc_common_v1_multi.o)
adc_set_injected_offset                           ../../../../../libopencm3//lib/libopencm3_stm32f4.a(adc_common_v1.o)
adc_set_injected_sequence                         ../../../../../libopencm3//lib/libopencm3_stm32f4.a(adc_common_v1.o)
adc_set_left_aligned                              ../../../../../libopencm3//lib/libopencm3_stm32f4.a(adc_common_v1.o)
adc_set_multi_mode                                ../../../../../libopencm3//lib/libopencm3_stm32f4.a(adc_common_f47.o)
adc_set_regular_sequence                          ../../../../../libopencm3//lib/libopencm3_stm32f4.a(adc_common_v1.o)
                                                  lab4.o
adc_set_resolution                                ../../../../../libopencm3//lib/libopencm3_stm32f4.a(adc_common_v1_multi.o)
adc_set_right_aligned                             ../../../../../libopencm3//lib/libopencm3_stm32f4.a(adc_common_v1.o)
adc_set_sample_time                               ../../../../../libopencm3//lib/libopencm3_stm32f4.a(adc_common_f47.o)
adc_set_sample_time_on_all_channels               ../../../../../libopencm3//lib/libopencm3_stm32f4.a(adc_common_f47.o)
                                                  lab4.o
adc_set_single_conversion_mode                    ../../../../../libopencm3//lib/libopencm3_stm32f4.a(adc_common_v1.o)
adc_set_watchdog_high_threshold                   ../../../../../libopencm3//lib/libopencm3_stm32f4.a(adc_common_v1.o)
adc_set_watchdog_low_threshold                    ../../../../../libopencm3//lib/libopencm3_stm32f4.a(adc_common_v1.o)
adc_start_conversion_injected                     ../../../../../libopencm3//lib/libopencm3_stm32f4.a(adc_common_v1.o)
adc_start_conversion_regular                      ../../../../../libopencm3//lib/libopencm3_stm32f4.a(adc_common_v1.o)
                                                  lab4.o
blocking_handler                                  ../../../../../libopencm3//lib/libopencm3_stm32f4.a(vector.o)
bus_fault_handler                                 ../../../../../libopencm3//lib/libopencm3_stm32f4.a(vector.o)
can1_rx0_isr                                      ../../../../../libopencm3//lib/libopencm3_stm32f4.a(vector.o)
can1_rx1_isr                                      ../../../../../libopencm3//lib/libopencm3_stm32f4.a(vector.o)
can1_sce_isr                                      ../../../../../libopencm3//lib/libopencm3_stm32f4.a(vector.o)
can1_tx_isr                                       ../../../../../libopencm3//lib/libopencm3_stm32f4.a(vector.o)
can2_rx0_isr                                      ../../../../../libopencm3//lib/libopencm3_stm32f4.a(vector.o)
can2_rx1_isr                                      ../../../../../libopencm3//lib/libopencm3_stm32f4.a(vector.o)
can2_sce_isr                                      ../../../../../libopencm3//lib/libopencm3_stm32f4.a(vector.o)
can2_tx_isr                                       ../../../../../libopencm3//lib/libopencm3_stm32f4.a(vector.o)
clock_setup                                       clock.o
                                                  lab4.o
console_getc                                      console.o
console_gets                                      console.o
console_putc                                      console.o
                                                  lcd-spi.o
console_puts                                      console.o
                                                  lcd-spi.o
console_setup                                     console.o
                                                  lab4.o
cryp_isr                                          ../../../../../libopencm3//lib/libopencm3_stm32f4.a(vector.o)
cur_frame                                         lcd-spi.o
dcmi_isr                                          ../../../../../libopencm3//lib/libopencm3_stm32f4.a(vector.o)
debug_monitor_handler                             ../../../../../libopencm3//lib/libopencm3_stm32f4.a(vector.o)
display_frame                                     lcd-spi.o
dma1_stream0_isr                                  ../../../../../libopencm3//lib/libopencm3_stm32f4.a(vector.o)
dma1_stream1_isr                                  ../../../../../libopencm3//lib/libopencm3_stm32f4.a(vector.o)
dma1_stream2_isr                                  ../../../../../libopencm3//lib/libopencm3_stm32f4.a(vector.o)
dma1_stream3_isr                                  ../../../../../libopencm3//lib/libopencm3_stm32f4.a(vector.o)
dma1_stream4_isr                                  ../../../../../libopencm3//lib/libopencm3_stm32f4.a(vector.o)
dma1_stream5_isr                                  ../../../../../libopencm3//lib/libopencm3_stm32f4.a(vector.o)
dma1_stream6_isr                                  ../../../../../libopencm3//lib/libopencm3_stm32f4.a(vector.o)
dma1_stream7_isr                                  ../../../../../libopencm3//lib/libopencm3_stm32f4.a(vector.o)
dma2_stream0_isr                                  ../../../../../libopencm3//lib/libopencm3_stm32f4.a(vector.o)
dma2_stream1_isr                                  ../../../../../libopencm3//lib/libopencm3_stm32f4.a(vector.o)
dma2_stream2_isr                                  ../../../../../libopencm3//lib/libopencm3_stm32f4.a(vector.o)
dma2_stream3_isr                                  ../../../../../libopencm3//lib/libopencm3_stm32f4.a(vector.o)
dma2_stream4_isr                                  ../../../../../libopencm3//lib/libopencm3_stm32f4.a(vector.o)
dma2_stream5_isr                                  ../../../../../libopencm3//lib/libopencm3_stm32f4.a(vector.o)
dma2_stream6_isr                                  ../../../../../libopencm3//lib/libopencm3_stm32f4.a(vector.o)
dma2_stream7_isr                                  ../../../../../libopencm3//lib/libopencm3_stm32f4.a(vector.o)
dma2d_isr                                         ../../../../../libopencm3//lib/libopencm3_stm32f4.a(vector.o)
eth_isr                                           ../../../../../libopencm3//lib/libopencm3_stm32f4.a(vector.o)
eth_wkup_isr                                      ../../../../../libopencm3//lib/libopencm3_stm32f4.a(vector.o)
exti0_isr                                         ../../../../../libopencm3//lib/libopencm3_stm32f4.a(vector.o)
exti15_10_isr                                     ../../../../../libopencm3//lib/libopencm3_stm32f4.a(vector.o)
exti1_isr                                         ../../../../../libopencm3//lib/libopencm3_stm32f4.a(vector.o)
exti2_isr                                         ../../../../../libopencm3//lib/libopencm3_stm32f4.a(vector.o)
exti3_isr                                         ../../../../../libopencm3//lib/libopencm3_stm32f4.a(vector.o)
exti4_isr                                         ../../../../../libopencm3//lib/libopencm3_stm32f4.a(vector.o)
exti9_5_isr                                       ../../../../../libopencm3//lib/libopencm3_stm32f4.a(vector.o)
flash_dcache_disable                              ../../../../../libopencm3//lib/libopencm3_stm32f4.a(flash_common_idcache.o)
                                                  ../../../../../libopencm3//lib/libopencm3_stm32f4.a(rcc.o)
flash_dcache_enable                               ../../../../../libopencm3//lib/libopencm3_stm32f4.a(flash_common_idcache.o)
                                                  ../../../../../libopencm3//lib/libopencm3_stm32f4.a(rcc.o)
flash_dcache_reset                                ../../../../../libopencm3//lib/libopencm3_stm32f4.a(flash_common_idcache.o)
flash_icache_disable                              ../../../../../libopencm3//lib/libopencm3_stm32f4.a(flash_common_idcache.o)
                                                  ../../../../../libopencm3//lib/libopencm3_stm32f4.a(rcc.o)
flash_icache_enable                               ../../../../../libopencm3//lib/libopencm3_stm32f4.a(flash_common_idcache.o)
                                                  ../../../../../libopencm3//lib/libopencm3_stm32f4.a(rcc.o)
flash_icache_reset                                ../../../../../libopencm3//lib/libopencm3_stm32f4.a(flash_common_idcache.o)
flash_isr                                         ../../../../../libopencm3//lib/libopencm3_stm32f4.a(vector.o)
flash_prefetch_disable                            ../../../../../libopencm3//lib/libopencm3_stm32f4.a(flash_common_all.o)
flash_prefetch_enable                             ../../../../../libopencm3//lib/libopencm3_stm32f4.a(flash_common_all.o)
flash_set_ws                                      ../../../../../libopencm3//lib/libopencm3_stm32f4.a(flash_common_all.o)
                                                  ../../../../../libopencm3//lib/libopencm3_stm32f4.a(rcc.o)
flash_unlock_option_bytes                         ../../../../../libopencm3//lib/libopencm3_stm32f4.a(flash_common_all.o)
fpu_isr                                           ../../../../../libopencm3//lib/libopencm3_stm32f4.a(vector.o)
fsmc_isr                                          ../../../../../libopencm3//lib/libopencm3_stm32f4.a(vector.o)
gfx_drawBitmap                                    gfx.o
gfx_drawChar                                      gfx.o
gfx_drawCircle                                    gfx.o
gfx_drawCircleHelper                              gfx.o
gfx_drawFastHLine                                 gfx.o
gfx_drawFastVLine                                 gfx.o
gfx_drawLine                                      gfx.o
gfx_drawPixel                                     gfx.o
gfx_drawRect                                      gfx.o
gfx_drawRoundRect                                 gfx.o
gfx_drawTriangle                                  gfx.o
gfx_fillCircle                                    gfx.o
gfx_fillCircleHelper                              gfx.o
gfx_fillRect                                      gfx.o
gfx_fillRoundRect                                 gfx.o
gfx_fillScreen                                    gfx.o
                                                  lab4.o
gfx_fillTriangle                                  gfx.o
gfx_getRotation                                   gfx.o
gfx_height                                        gfx.o
gfx_init                                          gfx.o
                                                  lab4.o