Archive member included to satisfy reference by file (symbol)

../../../../../libopencm3//lib/libopencm3_stm32f4.a(adc_common_v1.o)
                              lab4.o (adc_power_off)
../../../../../libopencm3//lib/libopencm3_stm32f4.a(adc_common_v1_multi.o)
                              lab4.o (adc_power_on)
../../../../../libopencm3//lib/libopencm3_stm32f4.a(adc_common_f47.o)
                              lab4.o (adc_set_sample_time_on_all_channels)
../../../../../libopencm3//lib/libopencm3_stm32f4.a(fmc_common_f47.o)
                              sdram.o (sdram_timing)
../../../../../libopencm3//lib/libopencm3_stm32f4.a(gpio_common_all.o)
                              lcd-spi.o (gpio_set)
../../../../../libopencm3//lib/libopencm3_stm32f4.a(gpio_common_f0234.o)
                              sdram.o (gpio_mode_setup)
../../../../../libopencm3//lib/libopencm3_stm32f4.a(rcc_common_all.o)
                              sdram.o (rcc_periph_clock_enable)
../../../../../libopencm3//lib/libopencm3_stm32f4.a(rcc.o)
                              clock.o (rcc_clock_setup_pll)
../../../../../libopencm3//lib/libopencm3_stm32f4.a(spi_common_all.o)
                              lcd-spi.o (spi_enable)
../../../../../libopencm3//lib/libopencm3_stm32f4.a(spi_common_v1.o)
                              lcd-spi.o (spi_init_master)
../../../../../libopencm3//lib/libopencm3_stm32f4.a(usart_common_all.o)
                              console.o (usart_set_baudrate)
../../../../../libopencm3//lib/libopencm3_stm32f4.a(usart_common_f124.o)
                              ../../../../../libopencm3//lib/libopencm3_stm32f4.a(usart_common_all.o) (usart_send)
../../../../../libopencm3//lib/libopencm3_stm32f4.a(vector.o)
                              (reset_handler)
../../../../../libopencm3//lib/libopencm3_stm32f4.a(systick.o)
                              clock.o (systick_set_reload)
../../../../../libopencm3//lib/libopencm3_stm32f4.a(scb.o)
                              console.o (scb_reset_system)
../../../../../libopencm3//lib/libopencm3_stm32f4.a(nvic.o)
                              console.o (nvic_enable_irq)
../../../../../libopencm3//lib/libopencm3_stm32f4.a(flash_common_all.o)
                              ../../../../../libopencm3//lib/libopencm3_stm32f4.a(rcc.o) (flash_set_ws)
../../../../../libopencm3//lib/libopencm3_stm32f4.a(flash_common_idcache.o)
                              ../../../../../libopencm3//lib/libopencm3_stm32f4.a(rcc.o) (flash_dcache_enable)
../../../../../libopencm3//lib/libopencm3_stm32f4.a(pwr.o)
                              ../../../../../libopencm3//lib/libopencm3_stm32f4.a(rcc.o) (pwr_set_vos_scale)
/usr/lib/gcc/arm-none-eabi/6.3.1/../../../arm-none-eabi/lib/thumb/v7e-m/fpv4-sp/hard/libc.a(lib_a-itoa.o)
                              lab4.o (itoa)
/usr/lib/gcc/arm-none-eabi/6.3.1/../../../arm-none-eabi/lib/thumb/v7e-m/fpv4-sp/hard/libc.a(lib_a-strlen.o)
                              lab4.o (strlen)
/usr/lib/gcc/arm-none-eabi/6.3.1/../../../arm-none-eabi/lib/thumb/v7e-m/fpv4-sp/hard/libc.a(lib_a-utoa.o)
                              /usr/lib/gcc/arm-none-eabi/6.3.1/../../../arm-none-eabi/lib/thumb/v7e-m/fpv4-sp/hard/libc.a(lib_a-itoa.o) (__utoa)

Discarded input sections

 .group         0x0000000000000000        0x8 sdram.o
 .group         0x0000000000000000        0x8 sdram.o
 .group         0x0000000000000000        0x8 sdram.o
 .group         0x0000000000000000        0x8 sdram.o
 .group         0x0000000000000000        0x8 sdram.o
 .group         0x0000000000000000        0x8 sdram.o
 .group         0x0000000000000000        0x8 sdram.o
 .group         0x0000000000000000        0x8 sdram.o
 .group         0x0000000000000000        0x8 sdram.o
 .group         0x0000000000000000        0x8 sdram.o
 .group         0x0000000000000000        0x8 sdram.o
 .group         0x0000000000000000        0x8 sdram.o
 .group         0x0000000000000000        0x8 sdram.o
 .group         0x0000000000000000        0x8 sdram.o
 .group         0x0000000000000000        0x8 sdram.o
 .group         0x0000000000000000        0x8 sdram.o
 .group         0x0000000000000000        0x8 sdram.o
 .group         0x0000000000000000        0x8 sdram.o
 .group         0x0000000000000000        0x8 sdram.o
 .group         0x0000000000000000        0x8 sdram.o
 .group         0x0000000000000000        0x8 sdram.o
 .text          0x0000000000000000        0x0 sdram.o
 .data          0x0000000000000000        0x0 sdram.o
 .bss           0x0000000000000000        0x0 sdram.o
 .group         0x0000000000000000        0x8 clock.o
 .group         0x0000000000000000        0x8 clock.o
 .group         0x0000000000000000        0x8 clock.o
 .group         0x0000000000000000        0x8 clock.o
 .group         0x0000000000000000        0x8 clock.o
 .group         0x0000000000000000        0x8 clock.o
 .group         0x0000000000000000        0x8 clock.o
 .group         0x0000000000000000        0x8 clock.o
[...]
Memory Configuration

Name             Origin             Length             Attributes
rom              0x0000000008000000 0x0000000000200000 xr
ccm              0x0000000010000000 0x0000000000010000 xrw
ram              0x0000000020000000 0x0000000000030000 xrw
*default*        0x0000000000000000 0xffffffffffffffff

Linker script and memory map

LOAD sdram.o
LOAD clock.o
LOAD console.o
LOAD lcd-spi.o
LOAD gfx.o
LOAD lab4.o
LOAD /usr/lib/gcc/arm-none-eabi/6.3.1/../../../arm-none-eabi/lib/thumb/v7e-m/fpv4-sp/hard/libm.a
LOAD ../../../../../libopencm3//lib/libopencm3_stm32f4.a
START GROUP
LOAD /usr/lib/gcc/arm-none-eabi/6.3.1/../../../arm-none-eabi/lib/thumb/v7e-m/fpv4-sp/hard/libc.a
LOAD /usr/lib/gcc/arm-none-eabi/6.3.1/thumb/v7e-m/fpv4-sp/hard/libgcc.a
LOAD /usr/lib/gcc/arm-none-eabi/6.3.1/../../../arm-none-eabi/lib/thumb/v7e-m/fpv4-sp/hard/libnosys.a
END GROUP
START GROUP
LOAD /usr/lib/gcc/arm-none-eabi/6.3.1/thumb/v7e-m/fpv4-sp/hard/libgcc.a
LOAD /usr/lib/gcc/arm-none-eabi/6.3.1/../../../arm-none-eabi/lib/thumb/v7e-m/fpv4-sp/hard/libg.a
LOAD /usr/lib/gcc/arm-none-eabi/6.3.1/../../../arm-none-eabi/lib/thumb/v7e-m/fpv4-sp/hard/libc.a
END GROUP

.text           0x0000000008000000     0x1ee4
 *(.vectors)
 .vectors       0x0000000008000000      0x1ac ../../../../../libopencm3//lib/libopencm3_stm32f4.a(vector.o)
                0x0000000008000000                vector_table
 *(.text*)
 .text.sdram_init
                0x00000000080001ac       0xf8 sdram.o
                0x00000000080001ac                sdram_init
 .text.sys_tick_handler
                0x00000000080002a4       0x10 clock.o
                0x00000000080002a4                sys_tick_handler
 .text.msleep   0x00000000080002b4       0x14 clock.o
                0x00000000080002b4                msleep
 .text.clock_setup
                0x00000000080002c8       0x28 clock.o
                0x00000000080002c8                clock_setup
 .text.usart1_isr
                0x00000000080002f0       0x58 console.o
                0x00000000080002f0                usart1_isr
 .text.console_setup
                0x0000000008000348       0x80 console.o
                0x0000000008000348                console_setup
 .text.lcd_command
                0x00000000080003c8       0x70 lcd-spi.o
 .text.lcd_draw_pixel
                0x0000000008000438       0x14 lcd-spi.o
                0x0000000008000438                lcd_draw_pixel
 .text.lcd_show_frame
                0x000000000800044c       0x68 lcd-spi.o
                0x000000000800044c                lcd_show_frame
 .text.lcd_spi_init
                0x00000000080004b4       0xf4 lcd-spi.o
                0x00000000080004b4                lcd_spi_init
 .text.gfx_drawPixel
                0x00000000080005a8       0x2c gfx.o
                0x00000000080005a8                gfx_drawPixel
 .text.gfx_init
                0x00000000080005d4       0x24 gfx.o
                0x00000000080005d4                gfx_init
 .text.gfx_drawLine
                0x00000000080005f8       0xb2 gfx.o
                0x00000000080005f8                gfx_drawLine
 .text.gfx_drawFastVLine
                0x00000000080006aa       0x16 gfx.o
                0x00000000080006aa                gfx_drawFastVLine
 .text.gfx_fillRect
                0x00000000080006c0       0x2a gfx.o
                0x00000000080006c0                gfx_fillRect
 *fill*         0x00000000080006ea        0x2 
 .text.gfx_fillScreen
                0x00000000080006ec       0x20 gfx.o
                0x00000000080006ec                gfx_fillScreen
 .text.gfx_drawChar
                0x000000000800070c       0xec gfx.o
                0x000000000800070c                gfx_drawChar
 .text.gfx_write
                0x00000000080007f8       0x74 gfx.o
                0x00000000080007f8                gfx_write
 .text.gfx_puts
                0x000000000800086c       0x12 gfx.o
                0x000000000800086c                gfx_puts
 *fill*         0x000000000800087e        0x2 
 .text.gfx_setCursor
                0x0000000008000880        0xc gfx.o
                0x0000000008000880                gfx_setCursor
 .text.gfx_setTextSize
                0x000000000800088c       0x10 gfx.o
                0x000000000800088c                gfx_setTextSize
 .text.gfx_setTextColor
                0x000000000800089c        0xc gfx.o
                0x000000000800089c                gfx_setTextColor
 .text.read_xyz
                0x00000000080008a8      0x1ac lab4.o
                0x00000000080008a8                read_xyz
 .text.startup.main
                0x0000000008000a54      0x46c lab4.o
                0x0000000008000a54                main
 .text.adc_power_off
                0x0000000008000ec0        0xa ../../../../../libopencm3//lib/libopencm3_stm32f4.a(adc_common_v1.o)
                0x0000000008000ec0                adc_power_off
 .text.adc_disable_scan_mode
                0x0000000008000eca        0xa ../../../../../libopencm3//lib/libopencm3_stm32f4.a(adc_common_v1.o)
                0x0000000008000eca                adc_disable_scan_mode
 .text.adc_eoc  0x0000000008000ed4        0x8 ../../../../../libopencm3//lib/libopencm3_stm32f4.a(adc_common_v1.o)
                0x0000000008000ed4                adc_eoc
 .text.adc_read_regular
                0x0000000008000edc        0x4 ../../../../../libopencm3//lib/libopencm3_stm32f4.a(adc_common_v1.o)
                0x0000000008000edc                adc_read_regular
 .text.adc_set_regular_sequence
                0x0000000008000ee0       0x74 ../../../../../libopencm3//lib/libopencm3_stm32f4.a(adc_common_v1.o)
                0x0000000008000ee0                adc_set_regular_sequence
 .text.adc_start_conversion_regular
                0x0000000008000f54       0x14 ../../../../../libopencm3//lib/libopencm3_stm32f4.a(adc_common_v1.o)
                0x0000000008000f54                adc_start_conversion_regular
 .text.adc_power_on
                0x0000000008000f68        0xa ../../../../../libopencm3//lib/libopencm3_stm32f4.a(adc_common_v1_multi.o)
                0x0000000008000f68                adc_power_on
 .text.adc_set_sample_time_on_all_channels
                0x0000000008000f72       0x2a ../../../../../libopencm3//lib/libopencm3_stm32f4.a(adc_common_f47.o)
                0x0000000008000f72                adc_set_sample_time_on_all_channels
 .text.sdram_timing
                0x0000000008000f9c       0x4e ../../../../../libopencm3//lib/libopencm3_stm32f4.a(fmc_common_f47.o)
                0x0000000008000f9c                sdram_timing
 *fill*         0x0000000008000fea        0x2 
 .text.sdram_command
                0x0000000008000fec       0x64 ../../../../../libopencm3//lib/libopencm3_stm32f4.a(fmc_common_f47.o)
                0x0000000008000fec                sdram_command
 .text.gpio_set
                0x0000000008001050        0x4 ../../../../../libopencm3//lib/libopencm3_stm32f4.a(gpio_common_all.o)
                0x0000000008001050                gpio_set
 .text.gpio_clear
                0x0000000008001054        0x6 ../../../../../libopencm3//lib/libopencm3_stm32f4.a(gpio_common_all.o)
                0x0000000008001054                gpio_clear
 .text.gpio_get
                0x000000000800105a        0x6 ../../../../../libopencm3//lib/libopencm3_stm32f4.a(gpio_common_all.o)
                0x000000000800105a                gpio_get
 .text.gpio_toggle
                0x0000000008001060       0x12 ../../../../../libopencm3//lib/libopencm3_stm32f4.a(gpio_common_all.o)
                0x0000000008001060                gpio_toggle
 .text.gpio_mode_setup
                0x0000000008001072       0x44 ../../../../../libopencm3//lib/libopencm3_stm32f4.a(gpio_common_f0234.o)
                0x0000000008001072                gpio_mode_setup
 .text.gpio_set_output_options
                0x00000000080010b6       0x36 ../../../../../libopencm3//lib/libopencm3_stm32f4.a(gpio_common_f0234.o)
                0x00000000080010b6                gpio_set_output_options
 .text.gpio_set_af
                0x00000000080010ec       0x58 ../../../../../libopencm3//lib/libopencm3_stm32f4.a(gpio_common_f0234.o)
                0x00000000080010ec                gpio_set_af
 .text.rcc_periph_clock_enable
                0x0000000008001144       0x1a ../../../../../libopencm3//lib/libopencm3_stm32f4.a(rcc_common_all.o)
                0x0000000008001144                rcc_periph_clock_enable
 *fill*         0x000000000800115e        0x2 
 .text.rcc_is_osc_ready
                0x0000000008001160       0x5c ../../../../../libopencm3//lib/libopencm3_stm32f4.a(rcc.o)
                0x0000000008001160                rcc_is_osc_ready
 .text.rcc_wait_for_osc_ready
                0x00000000080011bc       0x10 ../../../../../libopencm3//lib/libopencm3_stm32f4.a(rcc.o)
                0x00000000080011bc                rcc_wait_for_osc_ready
 .text.rcc_osc_on
                0x00000000080011cc       0x58 ../../../../../libopencm3//lib/libopencm3_stm32f4.a(rcc.o)
                0x00000000080011cc                rcc_osc_on
 .text.rcc_osc_off
                0x0000000008001224       0x58 ../../../../../libopencm3//lib/libopencm3_stm32f4.a(rcc.o)
                0x0000000008001224                rcc_osc_off
 .text.rcc_set_sysclk_source
                0x000000000800127c       0x14 ../../../../../libopencm3//lib/libopencm3_stm32f4.a(rcc.o)
                0x000000000800127c                rcc_set_sysclk_source
 .text.rcc_set_ppre2
                0x0000000008001290       0x14 ../../../../../libopencm3//lib/libopencm3_stm32f4.a(rcc.o)
                0x0000000008001290                rcc_set_ppre2
 .text.rcc_set_ppre1
                0x00000000080012a4       0x14 ../../../../../libopencm3//lib/libopencm3_stm32f4.a(rcc.o)
                0x00000000080012a4                rcc_set_ppre1
 .text.rcc_set_hpre
                0x00000000080012b8       0x14 ../../../../../libopencm3//lib/libopencm3_stm32f4.a(rcc.o)
                0x00000000080012b8                rcc_set_hpre
 .text.rcc_set_main_pll_hsi
                0x00000000080012cc       0x44 ../../../../../libopencm3//lib/libopencm3_stm32f4.a(rcc.o)
                0x00000000080012cc                rcc_set_main_pll_hsi
 .text.rcc_set_main_pll_hse
                0x0000000008001310       0x44 ../../../../../libopencm3//lib/libopencm3_stm32f4.a(rcc.o)
                0x0000000008001310                rcc_set_main_pll_hse
 .text.rcc_clock_setup_pll
                0x0000000008001354       0xf4 ../../../../../libopencm3//lib/libopencm3_stm32f4.a(rcc.o)
                0x0000000008001354                rcc_clock_setup_pll
 .text.spi_enable
                0x0000000008001448        0xa ../../../../../libopencm3//lib/libopencm3_stm32f4.a(spi_common_all.o)
                0x0000000008001448                spi_enable
 .text.spi_send
                0x0000000008001452        0xa ../../../../../libopencm3//lib/libopencm3_stm32f4.a(spi_common_all.o)
                0x0000000008001452                spi_send
 .text.spi_read
                0x000000000800145c        0xc ../../../../../libopencm3//lib/libopencm3_stm32f4.a(spi_common_all.o)
                0x000000000800145c                spi_read
 .text.spi_xfer
                0x0000000008001468        0xe ../../../../../libopencm3//lib/libopencm3_stm32f4.a(spi_common_all.o)
                0x0000000008001468                spi_xfer
 .text.spi_set_unidirectional_mode
                0x0000000008001476        0xa ../../../../../libopencm3//lib/libopencm3_stm32f4.a(spi_common_all.o)
                0x0000000008001476                spi_set_unidirectional_mode
 .text.spi_set_full_duplex_mode
                0x0000000008001480        0xa ../../../../../libopencm3//lib/libopencm3_stm32f4.a(spi_common_all.o)
                0x0000000008001480                spi_set_full_duplex_mode
 .text.spi_enable_software_slave_management
                0x000000000800148a       0x12 ../../../../../libopencm3//lib/libopencm3_stm32f4.a(spi_common_all.o)
                0x000000000800148a                spi_enable_software_slave_management
 .text.spi_set_nss_high
                0x000000000800149c        0xa ../../../../../libopencm3//lib/libopencm3_stm32f4.a(spi_common_all.o)
                0x000000000800149c                spi_set_nss_high
 .text.spi_send_msb_first
                0x00000000080014a6        0xa ../../../../../libopencm3//lib/libopencm3_stm32f4.a(spi_common_all.o)
                0x00000000080014a6                spi_send_msb_first
 .text.spi_set_baudrate_prescaler
                0x00000000080014b0       0x16 ../../../../../libopencm3//lib/libopencm3_stm32f4.a(spi_common_all.o)
                0x00000000080014b0                spi_set_baudrate_prescaler
 .text.spi_set_master_mode
                0x00000000080014c6        0xa ../../../../../libopencm3//lib/libopencm3_stm32f4.a(spi_common_all.o)
                0x00000000080014c6                spi_set_master_mode
 .text.spi_set_clock_polarity_0
                0x00000000080014d0        0xa ../../../../../libopencm3//lib/libopencm3_stm32f4.a(spi_common_all.o)
                0x00000000080014d0                spi_set_clock_polarity_0
 .text.spi_set_clock_phase_0
                0x00000000080014da        0xa ../../../../../libopencm3//lib/libopencm3_stm32f4.a(spi_common_all.o)
                0x00000000080014da                spi_set_clock_phase_0
 .text.spi_enable_ss_output
                0x00000000080014e4        0xa ../../../../../libopencm3//lib/libopencm3_stm32f4.a(spi_common_all.o)
                0x00000000080014e4                spi_enable_ss_output
 .text.spi_init_master
                0x00000000080014ee       0x28 ../../../../../libopencm3//lib/libopencm3_stm32f4.a(spi_common_v1.o)
                0x00000000080014ee                spi_init_master
 *fill*         0x0000000008001516        0x2 
 .text.usart_set_baudrate
                0x0000000008001518       0x2c ../../../../../libopencm3//lib/libopencm3_stm32f4.a(usart_common_all.o)
                0x0000000008001518                usart_set_baudrate
 .text.usart_set_databits
                0x0000000008001544       0x12 ../../../../../libopencm3//lib/libopencm3_stm32f4.a(usart_common_all.o)
                0x0000000008001544                usart_set_databits
 .text.usart_set_stopbits
                0x0000000008001556        0xc ../../../../../libopencm3//lib/libopencm3_stm32f4.a(usart_common_all.o)
                0x0000000008001556                usart_set_stopbits
 .text.usart_set_parity
                0x0000000008001562        0xc ../../../../../libopencm3//lib/libopencm3_stm32f4.a(usart_common_all.o)
                0x0000000008001562                usart_set_parity
 .text.usart_set_mode
                0x000000000800156e        0xc ../../../../../libopencm3//lib/libopencm3_stm32f4.a(usart_common_all.o)
                0x000000000800156e                usart_set_mode
 .text.usart_set_flow_control
                0x000000000800157a        0xc ../../../../../libopencm3//lib/libopencm3_stm32f4.a(usart_common_all.o)
                0x000000000800157a                usart_set_flow_control
 .text.usart_enable
                0x0000000008001586        0xa ../../../../../libopencm3//lib/libopencm3_stm32f4.a(usart_common_all.o)
                0x0000000008001586                usart_enable
 .text.usart_send_blocking
                0x0000000008001590       0x16 ../../../../../libopencm3//lib/libopencm3_stm32f4.a(usart_common_all.o)
                0x0000000008001590                usart_send_blocking
 .text.usart_enable_rx_interrupt
                0x00000000080015a6        0xa ../../../../../libopencm3//lib/libopencm3_stm32f4.a(usart_common_all.o)
                0x00000000080015a6                usart_enable_rx_interrupt
 .text.usart_send
                0x00000000080015b0        0x8 ../../../../../libopencm3//lib/libopencm3_stm32f4.a(usart_common_f124.o)
                0x00000000080015b0                usart_send
 .text.usart_wait_send_ready
                0x00000000080015b8        0x8 ../../../../../libopencm3//lib/libopencm3_stm32f4.a(usart_common_f124.o)
                0x00000000080015b8                usart_wait_send_ready
 .text.blocking_handler
                0x00000000080015c0        0x2 ../../../../../libopencm3//lib/libopencm3_stm32f4.a(vector.o)
                0x00000000080015c0                dma2_stream1_isr
                0x00000000080015c0                tim8_brk_tim12_isr
                0x00000000080015c0                dma1_stream7_isr
                0x00000000080015c0                usart3_isr
                0x00000000080015c0                tim7_isr
                0x00000000080015c0                dma2d_isr
                0x00000000080015c0                uart8_isr
                0x00000000080015c0                dma1_stream2_isr
                0x00000000080015c0                otg_hs_isr
                0x00000000080015c0                blocking_handler
                0x00000000080015c0                tim5_isr
                0x00000000080015c0                rtc_wkup_isr
                0x00000000080015c0                otg_fs_isr
                0x00000000080015c0                spi1_isr
                0x00000000080015c0                i2c3_er_isr
                0x00000000080015c0                exti2_isr
                0x00000000080015c0                spi5_isr
                0x00000000080015c0                usb_fs_wkup_isr
                0x00000000080015c0                tamp_stamp_isr
                0x00000000080015c0                can1_rx1_isr
                0x00000000080015c0                dma2_stream0_isr
                0x00000000080015c0                i2c3_ev_isr
                0x00000000080015c0                usage_fault_handler
                0x00000000080015c0                can2_rx0_isr
                0x00000000080015c0                dma1_stream6_isr
                0x00000000080015c0                can2_rx1_isr
                0x00000000080015c0                can1_sce_isr
                0x00000000080015c0                tim1_cc_isr
                0x00000000080015c0                can1_tx_isr
                0x00000000080015c0                tim1_up_tim10_isr
                0x00000000080015c0                sdio_isr
                0x00000000080015c0                eth_isr
                0x00000000080015c0                spi6_isr
                0x00000000080015c0                dma2_stream5_isr
                0x00000000080015c0                pvd_isr
                0x00000000080015c0                can1_rx0_isr
                0x00000000080015c0                rcc_isr
                0x00000000080015c0                dma2_stream3_isr
                0x00000000080015c0                flash_isr
                0x00000000080015c0                uart4_isr
                0x00000000080015c0                lcd_tft_isr
                0x00000000080015c0                rtc_alarm_isr
                0x00000000080015c0                exti15_10_isr
                0x00000000080015c0                hash_rng_isr
                0x00000000080015c0                tim1_trg_com_tim11_isr
                0x00000000080015c0                hard_fault_handler
                0x00000000080015c0                exti1_isr
                0x00000000080015c0                i2c1_ev_isr
                0x00000000080015c0                usart6_isr
                0x00000000080015c0                spi2_isr
                0x00000000080015c0                cryp_isr
                0x00000000080015c0                nvic_wwdg_isr
                0x00000000080015c0                dma1_stream1_isr
                0x00000000080015c0                dma2_stream4_isr
                0x00000000080015c0                exti3_isr
                0x00000000080015c0                tim3_isr
                0x00000000080015c0                usart2_isr
                0x00000000080015c0                sai1_isr
                0x00000000080015c0                fpu_isr
                0x00000000080015c0                dma1_stream4_isr
                0x00000000080015c0                i2c2_er_isr
                0x00000000080015c0                i2c2_ev_isr
                0x00000000080015c0                uart5_isr
                0x00000000080015c0                dma2_stream6_isr
                0x00000000080015c0                spi4_isr
                0x00000000080015c0                adc_isr
                0x00000000080015c0                dma2_stream7_isr
                0x00000000080015c0                tim8_up_tim13_isr
                0x00000000080015c0                fsmc_isr
                0x00000000080015c0                exti4_isr
                0x00000000080015c0                tim6_dac_isr
                0x00000000080015c0                dma1_stream3_isr
                0x00000000080015c0                tim8_trg_com_tim14_isr
                0x00000000080015c0                mem_manage_handler
                0x00000000080015c0                lcd_tft_err_isr
                0x00000000080015c0                can2_tx_isr
                0x00000000080015c0                exti9_5_isr
                0x00000000080015c0                tim1_brk_tim9_isr
                0x00000000080015c0                uart7_isr
                0x00000000080015c0                can2_sce_isr
                0x00000000080015c0                tim4_isr
                0x00000000080015c0                otg_hs_wkup_isr
                0x00000000080015c0                i2c1_er_isr
                0x00000000080015c0                dma1_stream0_isr
                0x00000000080015c0                tim8_cc_isr
                0x00000000080015c0                dcmi_isr
                0x00000000080015c0                dma2_stream2_isr
                0x00000000080015c0                eth_wkup_isr
                0x00000000080015c0                bus_fault_handler
                0x00000000080015c0                otg_hs_ep1_out_isr
                0x00000000080015c0                spi3_isr
                0x00000000080015c0                dma1_stream5_isr
                0x00000000080015c0                otg_hs_ep1_in_isr
                0x00000000080015c0                tim2_isr
                0x00000000080015c0                exti0_isr
 .text.null_handler
                0x00000000080015c2        0x2 ../../../../../libopencm3//lib/libopencm3_stm32f4.a(vector.o)
                0x00000000080015c2                null_handler
                0x00000000080015c2                sv_call_handler
                0x00000000080015c2                pend_sv_handler
                0x00000000080015c2                debug_monitor_handler
                0x00000000080015c2                nmi_handler
 .text.reset_handler
                0x00000000080015c4       0x9c ../../../../../libopencm3//lib/libopencm3_stm32f4.a(vector.o)
                0x00000000080015c4                reset_handler
 .text.systick_set_reload
                0x0000000008001660       0x10 ../../../../../libopencm3//lib/libopencm3_stm32f4.a(systick.o)
                0x0000000008001660                systick_set_reload
 .text.systick_set_clocksource
                0x0000000008001670       0x18 ../../../../../libopencm3//lib/libopencm3_stm32f4.a(systick.o)
                0x0000000008001670                systick_set_clocksource
 .text.systick_interrupt_enable
                0x0000000008001688       0x10 ../../../../../libopencm3//lib/libopencm3_stm32f4.a(systick.o)
                0x0000000008001688                systick_interrupt_enable
 .text.systick_counter_enable
                0x0000000008001698       0x10 ../../../../../libopencm3//lib/libopencm3_stm32f4.a(systick.o)
                0x0000000008001698                systick_counter_enable
 .text.scb_reset_system
                0x00000000080016a8       0x10 ../../../../../libopencm3//lib/libopencm3_stm32f4.a(scb.o)
                0x00000000080016a8                scb_reset_system
 .text.nvic_enable_irq
                0x00000000080016b8       0x1c ../../../../../libopencm3//lib/libopencm3_stm32f4.a(nvic.o)
                0x00000000080016b8                nvic_enable_irq
 .text.flash_set_ws
                0x00000000080016d4       0x14 ../../../../../libopencm3//lib/libopencm3_stm32f4.a(flash_common_all.o)
                0x00000000080016d4                flash_set_ws
 .text.flash_dcache_enable
                0x00000000080016e8       0x10 ../../../../../libopencm3//lib/libopencm3_stm32f4.a(flash_common_idcache.o)
                0x00000000080016e8                flash_dcache_enable
 .text.flash_dcache_disable
                0x00000000080016f8       0x10 ../../../../../libopencm3//lib/libopencm3_stm32f4.a(flash_common_idcache.o)
                0x00000000080016f8                flash_dcache_disable
 .text.flash_icache_enable
                0x0000000008001708       0x10 ../../../../../libopencm3//lib/libopencm3_stm32f4.a(flash_common_idcache.o)
                0x0000000008001708                flash_icache_enable
 .text.flash_icache_disable
                0x0000000008001718       0x10 ../../../../../libopencm3//lib/libopencm3_stm32f4.a(flash_common_idcache.o)
                0x0000000008001718                flash_icache_disable
 .text.pwr_set_vos_scale
                0x0000000008001728       0x18 ../../../../../libopencm3//lib/libopencm3_stm32f4.a(pwr.o)
                0x0000000008001728                pwr_set_vos_scale
 .text          0x0000000008001740       0x34 /usr/lib/gcc/arm-none-eabi/6.3.1/../../../arm-none-eabi/lib/thumb/v7e-m/fpv4-sp/hard/libc.a(lib_a-itoa.o)
                0x0000000008001740                __itoa
                0x0000000008001770                itoa
 *fill*         0x0000000008001774        0xc 
 .text          0x0000000008001780       0xdc /usr/lib/gcc/arm-none-eabi/6.3.1/../../../arm-none-eabi/lib/thumb/v7e-m/fpv4-sp/hard/libc.a(lib_a-strlen.o)
                0x0000000008001780                strlen
 .text          0x000000000800185c       0x84 /usr/lib/gcc/arm-none-eabi/6.3.1/../../../arm-none-eabi/lib/thumb/v7e-m/fpv4-sp/hard/libc.a(lib_a-utoa.o)
                0x000000000800185c                __utoa
                0x00000000080018dc                utoa
                0x00000000080018e0                . = ALIGN (0x4)
 *(.rodata*)
 .rodata.sdram_pins
                0x00000000080018e0       0x30 sdram.o
 .rodata.cmd_args
                0x0000000008001910       0x3a lcd-spi.o
 .rodata.initialization
                0x000000000800194a       0x50 lcd-spi.o
                0x000000000800194a                initialization
 .rodata.mcm_font
                0x000000000800199a      0x480 gfx.o
 .rodata.main.str1.1
                0x0000000008001e1a       0x48 lab4.o
 .rodata.CSWTCH.2
                0x0000000008001e62        0x3 ../../../../../libopencm3//lib/libopencm3_stm32f4.a(fmc_common_f47.o)
 *fill*         0x0000000008001e65        0x3 
 .rodata.rcc_hse_8mhz_3v3
                0x0000000008001e68       0x54 ../../../../../libopencm3//lib/libopencm3_stm32f4.a(rcc.o)
                0x0000000008001e68                rcc_hse_8mhz_3v3
 .rodata.str1.4
                0x0000000008001ebc       0x28 /usr/lib/gcc/arm-none-eabi/6.3.1/../../../arm-none-eabi/lib/thumb/v7e-m/fpv4-sp/hard/libc.a(lib_a-utoa.o)
                                         0x25 (size before relaxing)
                0x0000000008001ee4                . = ALIGN (0x4)

.glue_7         0x0000000008001ee4        0x0
 .glue_7        0x0000000008001ee4        0x0 linker stubs

.glue_7t        0x0000000008001ee4        0x0
 .glue_7t       0x0000000008001ee4        0x0 linker stubs

.vfp11_veneer   0x0000000008001ee4        0x0
 .vfp11_veneer  0x0000000008001ee4        0x0 linker stubs

.v4_bx          0x0000000008001ee4        0x0
 .v4_bx         0x0000000008001ee4        0x0 linker stubs

.iplt           0x0000000008001ee4        0x0
 .iplt          0x0000000008001ee4        0x0 sdram.o

.rel.dyn        0x0000000008001ee4        0x0
 .rel.iplt      0x0000000008001ee4        0x0 sdram.o

.preinit_array  0x0000000008001ee4        0x0
                0x0000000008001ee4                . = ALIGN (0x4)
                0x0000000008001ee4                __preinit_array_start = .
 *(.preinit_array)
                0x0000000008001ee4                __preinit_array_end = .

.init_array     0x0000000008001ee4        0x0
                0x0000000008001ee4                . = ALIGN (0x4)
                0x0000000008001ee4                __init_array_start = .
 *(SORT(.init_array.*))
 *(.init_array)
                0x0000000008001ee4                __init_array_end = .

.fini_array     0x0000000008001ee4        0x0
                0x0000000008001ee4                . = ALIGN (0x4)
                0x0000000008001ee4                __fini_array_start = .
 *(.fini_array)
 *(SORT(.fini_array.*))
                0x0000000008001ee4                __fini_array_end = .

.ARM.extab
 *(.ARM.extab*)

.ARM.exidx      0x0000000008001ee4        0x0
                0x0000000008001ee4                __exidx_start = .
 *(.ARM.exidx*)
                0x0000000008001ee4                __exidx_end = .
                0x0000000008001ee4                . = ALIGN (0x4)
                0x0000000008001ee4                _etext = .

.noinit
 *(.noinit*)
                0x0000000008001ee4                . = ALIGN (0x4)

.data           0x0000000020000000       0x28 load address 0x0000000008001ee4
                0x0000000020000000                _data = .
 *(.data*)
 .data.timing   0x0000000020000000       0x1c sdram.o
 .data.rcc_ahb_frequency
                0x000000002000001c        0x4 ../../../../../libopencm3//lib/libopencm3_stm32f4.a(rcc.o)
                0x000000002000001c                rcc_ahb_frequency
 .data.rcc_apb1_frequency
                0x0000000020000020        0x4 ../../../../../libopencm3//lib/libopencm3_stm32f4.a(rcc.o)
                0x0000000020000020                rcc_apb1_frequency
 .data.rcc_apb2_frequency
                0x0000000020000024        0x4 ../../../../../libopencm3//lib/libopencm3_stm32f4.a(rcc.o)
                0x0000000020000024                rcc_apb2_frequency
 *(.ramtext*)
                0x0000000020000028                . = ALIGN (0x4)
                0x0000000020000028                _edata = .
                0x0000000008001ee4                _data_loadaddr = LOADADDR (.data)

.igot.plt       0x0000000020000028        0x0 load address 0x0000000008001f0c
 .igot.plt      0x0000000020000028        0x0 sdram.o

.bss            0x0000000020000028       0xb0 load address 0x0000000008001f0c
 *(.bss*)
 .bss.system_millis
                0x0000000020000028        0x4 clock.o
 .bss.recv_buf  0x000000002000002c       0x80 console.o
                0x000000002000002c                recv_buf
 .bss.recv_ndx_cur
                0x00000000200000ac        0x4 console.o
                0x00000000200000ac                recv_ndx_cur
 .bss.recv_ndx_nxt
                0x00000000200000b0        0x4 console.o
                0x00000000200000b0                recv_ndx_nxt
 .bss.cur_frame
                0x00000000200000b4        0x4 lcd-spi.o
                0x00000000200000b4                cur_frame
 .bss.display_frame
                0x00000000200000b8        0x4 lcd-spi.o
                0x00000000200000b8                display_frame
 .bss.__gfx_state
                0x00000000200000bc       0x14 gfx.o
                0x00000000200000bc                __gfx_state
 .bss.axis_data_x
                0x00000000200000d0        0x2 lab4.o
                0x00000000200000d0                axis_data_x
 .bss.axis_data_y
                0x00000000200000d2        0x2 lab4.o
                0x00000000200000d2                axis_data_y
 .bss.axis_data_z
                0x00000000200000d4        0x2 lab4.o
                0x00000000200000d4                axis_data_z
 *(COMMON)
                0x00000000200000d8                . = ALIGN (0x4)
 *fill*         0x00000000200000d6        0x2 
                0x00000000200000d8                _ebss = .

/DISCARD/
 *(.eh_frame)
                0x00000000200000d8                . = ALIGN (0x4)
                0x00000000200000d8                end = .
                0x0000000020030000                PROVIDE (_stack, (ORIGIN (ram) + LENGTH (ram)))
OUTPUT(lab4.elf elf32-littlearm)

.debug_info     0x0000000000000000     0xcdfc
 .debug_info    0x0000000000000000      0x9d9 sdram.o
 .debug_info    0x00000000000009d9      0x345 clock.o
 .debug_info    0x0000000000000d1e      0xa36 console.o
 .debug_info    0x0000000000001754      0xbff lcd-spi.o
 .debug_info    0x0000000000002353     0x1ce5 gfx.o
 .debug_info    0x0000000000004038     0x2220 lab4.o
 .debug_info    0x0000000000006258      0x820 ../../../../../libopencm3//lib/libopencm3_stm32f4.a(adc_common_v1.o)
 .debug_info    0x0000000000006a78      0x378 ../../../../../libopencm3//lib/libopencm3_stm32f4.a(adc_common_v1_multi.o)
 .debug_info    0x0000000000006df0      0x179 ../../../../../libopencm3//lib/libopencm3_stm32f4.a(adc_common_f47.o)
 .debug_info    0x0000000000006f69      0x1e2 ../../../../../libopencm3//lib/libopencm3_stm32f4.a(fmc_common_f47.o)
 .debug_info    0x000000000000714b      0x22c ../../../../../libopencm3//lib/libopencm3_stm32f4.a(gpio_common_all.o)
 .debug_info    0x0000000000007377      0x1eb ../../../../../libopencm3//lib/libopencm3_stm32f4.a(gpio_common_f0234.o)
 .debug_info    0x0000000000007562      0xab2 ../../../../../libopencm3//lib/libopencm3_stm32f4.a(rcc_common_all.o)
 .debug_info    0x0000000000008014      0xfaa ../../../../../libopencm3//lib/libopencm3_stm32f4.a(rcc.o)
 .debug_info    0x0000000000008fbe      0xb30 ../../../../../libopencm3//lib/libopencm3_stm32f4.a(spi_common_all.o)
 .debug_info    0x0000000000009aee      0x2d8 ../../../../../libopencm3//lib/libopencm3_stm32f4.a(spi_common_v1.o)
 .debug_info    0x0000000000009dc6      0x6ae ../../../../../libopencm3//lib/libopencm3_stm32f4.a(usart_common_all.o)
 .debug_info    0x000000000000a474      0x2f4 ../../../../../libopencm3//lib/libopencm3_stm32f4.a(usart_common_f124.o)
 .debug_info    0x000000000000a768      0x2be ../../../../../libopencm3//lib/libopencm3_stm32f4.a(vector.o)
 .debug_info    0x000000000000aa26      0x251 ../../../../../libopencm3//lib/libopencm3_stm32f4.a(systick.o)
 .debug_info    0x000000000000ac77      0x8e0 ../../../../../libopencm3//lib/libopencm3_stm32f4.a(scb.o)
 .debug_info    0x000000000000b557      0x214 ../../../../../libopencm3//lib/libopencm3_stm32f4.a(nvic.o)
 .debug_info    0x000000000000b76b       0xec ../../../../../libopencm3//lib/libopencm3_stm32f4.a(flash_common_all.o)
 .debug_info    0x000000000000b857       0xec ../../../../../libopencm3//lib/libopencm3_stm32f4.a(flash_common_idcache.o)
 .debug_info    0x000000000000b943       0xd9 ../../../../../libopencm3//lib/libopencm3_stm32f4.a(pwr.o)
 .debug_info    0x000000000000ba1c      0x96e /usr/lib/gcc/arm-none-eabi/6.3.1/../../../arm-none-eabi/lib/thumb/v7e-m/fpv4-sp/hard/libc.a(lib_a-itoa.o)
 .debug_info    0x000000000000c38a       0xdb /usr/lib/gcc/arm-none-eabi/6.3.1/../../../arm-none-eabi/lib/thumb/v7e-m/fpv4-sp/hard/libc.a(lib_a-strlen.o)
 .debug_info    0x000000000000c465      0x997 /usr/lib/gcc/arm-none-eabi/6.3.1/../../../arm-none-eabi/lib/thumb/v7e-m/fpv4-sp/hard/libc.a(lib_a-utoa.o)

.debug_abbrev   0x0000000000000000     0x2863
 .debug_abbrev  0x0000000000000000      0x18c sdram.o
 .debug_abbrev  0x000000000000018c      0x172 clock.o
 .debug_abbrev  0x00000000000002fe      0x1a8 console.o
 .debug_abbrev  0x00000000000004a6      0x2a8 lcd-spi.o
 .debug_abbrev  0x000000000000074e      0x3d1 gfx.o
 .debug_abbrev  0x0000000000000b1f      0x359 lab4.o
 .debug_abbrev  0x0000000000000e78      0x142 ../../../../../libopencm3//lib/libopencm3_stm32f4.a(adc_common_v1.o)
 .debug_abbrev  0x0000000000000fba      0x14e ../../../../../libopencm3//lib/libopencm3_stm32f4.a(adc_common_v1_multi.o)
 .debug_abbrev  0x0000000000001108       0xcf ../../../../../libopencm3//lib/libopencm3_stm32f4.a(adc_common_f47.o)
 .debug_abbrev  0x00000000000011d7       0xed ../../../../../libopencm3//lib/libopencm3_stm32f4.a(fmc_common_f47.o)
 .debug_abbrev  0x00000000000012c4       0xf4 ../../../../../libopencm3//lib/libopencm3_stm32f4.a(gpio_common_all.o)
 .debug_abbrev  0x00000000000013b8       0xb7 ../../../../../libopencm3//lib/libopencm3_stm32f4.a(gpio_common_f0234.o)
 .debug_abbrev  0x000000000000146f      0x1aa ../../../../../libopencm3//lib/libopencm3_stm32f4.a(rcc_common_all.o)
 .debug_abbrev  0x0000000000001619      0x26d ../../../../../libopencm3//lib/libopencm3_stm32f4.a(rcc.o)
 .debug_abbrev  0x0000000000001886      0x1fd ../../../../../libopencm3//lib/libopencm3_stm32f4.a(spi_common_all.o)
 .debug_abbrev  0x0000000000001a83      0x11b ../../../../../libopencm3//lib/libopencm3_stm32f4.a(spi_common_v1.o)
 .debug_abbrev  0x0000000000001b9e      0x160 ../../../../../libopencm3//lib/libopencm3_stm32f4.a(usart_common_all.o)
 .debug_abbrev  0x0000000000001cfe      0x108 ../../../../../libopencm3//lib/libopencm3_stm32f4.a(usart_common_f124.o)
 .debug_abbrev  0x0000000000001e06      0x136 ../../../../../libopencm3//lib/libopencm3_stm32f4.a(vector.o)
 .debug_abbrev  0x0000000000001f3c      0x130 ../../../../../libopencm3//lib/libopencm3_stm32f4.a(systick.o)
 .debug_abbrev  0x000000000000206c      0x1bc ../../../../../libopencm3//lib/libopencm3_stm32f4.a(scb.o)
 .debug_abbrev  0x0000000000002228       0xa6 ../../../../../libopencm3//lib/libopencm3_stm32f4.a(nvic.o)
 .debug_abbrev  0x00000000000022ce       0x8a ../../../../../libopencm3//lib/libopencm3_stm32f4.a(flash_common_all.o)
 .debug_abbrev  0x0000000000002358       0x52 ../../../../../libopencm3//lib/libopencm3_stm32f4.a(flash_common_idcache.o)
 .debug_abbrev  0x00000000000023aa       0x8a ../../../../../libopencm3//lib/libopencm3_stm32f4.a(pwr.o)
 .debug_abbrev  0x0000000000002434      0x214 /usr/lib/gcc/arm-none-eabi/6.3.1/../../../arm-none-eabi/lib/thumb/v7e-m/fpv4-sp/hard/libc.a(lib_a-itoa.o)
 .debug_abbrev  0x0000000000002648       0x14 /usr/lib/gcc/arm-none-eabi/6.3.1/../../../arm-none-eabi/lib/thumb/v7e-m/fpv4-sp/hard/libc.a(lib_a-strlen.o)
 .debug_abbrev  0x000000000000265c      0x207 /usr/lib/gcc/arm-none-eabi/6.3.1/../../../arm-none-eabi/lib/thumb/v7e-m/fpv4-sp/hard/libc.a(lib_a-utoa.o)

.debug_loc      0x0000000000000000     0x39d6
 .debug_loc     0x0000000000000000       0x45 sdram.o
 .debug_loc     0x0000000000000045       0x21 clock.o
 .debug_loc     0x0000000000000066      0x190 console.o
 .debug_loc     0x00000000000001f6      0x21f lcd-spi.o
 .debug_loc     0x0000000000000415     0x145b gfx.o
 .debug_loc     0x0000000000001870      0x212 lab4.o
 .debug_loc     0x0000000000001a82      0x3d2 ../../../../../libopencm3//lib/libopencm3_stm32f4.a(adc_common_v1.o)
 .debug_loc     0x0000000000001e54      0x120 ../../../../../libopencm3//lib/libopencm3_stm32f4.a(adc_common_v1_multi.o)
 .debug_loc     0x0000000000001f74       0xce ../../../../../libopencm3//lib/libopencm3_stm32f4.a(adc_common_f47.o)
 .debug_loc     0x0000000000002042      0x451 ../../../../../libopencm3//lib/libopencm3_stm32f4.a(fmc_common_f47.o)
 .debug_loc     0x0000000000002493       0x97 ../../../../../libopencm3//lib/libopencm3_stm32f4.a(gpio_common_all.o)
 .debug_loc     0x000000000000252a       0xdd ../../../../../libopencm3//lib/libopencm3_stm32f4.a(gpio_common_f0234.o)
 .debug_loc     0x0000000000002607      0x142 ../../../../../libopencm3//lib/libopencm3_stm32f4.a(rcc_common_all.o)
 .debug_loc     0x0000000000002749      0x727 ../../../../../libopencm3//lib/libopencm3_stm32f4.a(rcc.o)
 .debug_loc     0x0000000000002e70      0x1a2 ../../../../../libopencm3//lib/libopencm3_stm32f4.a(spi_common_all.o)
 .debug_loc     0x0000000000003012       0x60 ../../../../../libopencm3//lib/libopencm3_stm32f4.a(spi_common_v1.o)
 .debug_loc     0x0000000000003072      0x1ca ../../../../../libopencm3//lib/libopencm3_stm32f4.a(usart_common_all.o)
 .debug_loc     0x000000000000323c       0x63 ../../../../../libopencm3//lib/libopencm3_stm32f4.a(usart_common_f124.o)
 .debug_loc     0x000000000000329f       0xea ../../../../../libopencm3//lib/libopencm3_stm32f4.a(vector.o)
 .debug_loc     0x0000000000003389      0x170 ../../../../../libopencm3//lib/libopencm3_stm32f4.a(systick.o)
 .debug_loc     0x00000000000034f9       0x21 ../../../../../libopencm3//lib/libopencm3_stm32f4.a(scb.o)
 .debug_loc     0x000000000000351a      0x129 ../../../../../libopencm3//lib/libopencm3_stm32f4.a(nvic.o)
 .debug_loc     0x0000000000003643       0x3f ../../../../../libopencm3//lib/libopencm3_stm32f4.a(flash_common_all.o)
 .debug_loc     0x0000000000003682       0x3f ../../../../../libopencm3//lib/libopencm3_stm32f4.a(pwr.o)
 .debug_loc     0x00000000000036c1      0x161 /usr/lib/gcc/arm-none-eabi/6.3.1/../../../arm-none-eabi/lib/thumb/v7e-m/fpv4-sp/hard/libc.a(lib_a-itoa.o)
 .debug_loc     0x0000000000003822      0x1b4 /usr/lib/gcc/arm-none-eabi/6.3.1/../../../arm-none-eabi/lib/thumb/v7e-m/fpv4-sp/hard/libc.a(lib_a-utoa.o)

.debug_aranges  0x0000000000000000      0xb58
 .debug_aranges
                0x0000000000000000       0x20 sdram.o
 .debug_aranges
                0x0000000000000020       0x38 clock.o
 .debug_aranges
                0x0000000000000058       0x48 console.o
 .debug_aranges
                0x00000000000000a0       0x38 lcd-spi.o
 .debug_aranges
                0x00000000000000d8       0xf8 gfx.o
 .debug_aranges
                0x00000000000001d0       0x28 lab4.o
 .debug_aranges
                0x00000000000001f8      0x158 ../../../../../libopencm3//lib/libopencm3_stm32f4.a(adc_common_v1.o)
 .debug_aranges
                0x0000000000000350       0xa8 ../../../../../libopencm3//lib/libopencm3_stm32f4.a(adc_common_v1_multi.o)
 .debug_aranges
                0x00000000000003f8       0x40 ../../../../../libopencm3//lib/libopencm3_stm32f4.a(adc_common_f47.o)
 .debug_aranges
                0x0000000000000438       0x28 ../../../../../libopencm3//lib/libopencm3_stm32f4.a(fmc_common_f47.o)
 .debug_aranges
                0x0000000000000460       0x50 ../../../../../libopencm3//lib/libopencm3_stm32f4.a(gpio_common_all.o)
 .debug_aranges
                0x00000000000004b0       0x30 ../../../../../libopencm3//lib/libopencm3_stm32f4.a(gpio_common_f0234.o)
 .debug_aranges
                0x00000000000004e0       0x70 ../../../../../libopencm3//lib/libopencm3_stm32f4.a(rcc_common_all.o)
 .debug_aranges
                0x0000000000000550      0x110 ../../../../../libopencm3//lib/libopencm3_stm32f4.a(rcc.o)
 .debug_aranges
                0x0000000000000660      0x178 ../../../../../libopencm3//lib/libopencm3_stm32f4.a(spi_common_all.o)
 .debug_aranges
                0x00000000000007d8       0x30 ../../../../../libopencm3//lib/libopencm3_stm32f4.a(spi_common_v1.o)
 .debug_aranges
                0x0000000000000808       0xd8 ../../../../../libopencm3//lib/libopencm3_stm32f4.a(usart_common_all.o)
 .debug_aranges
                0x00000000000008e0       0x40 ../../../../../libopencm3//lib/libopencm3_stm32f4.a(usart_common_f124.o)
 .debug_aranges
                0x0000000000000920       0x30 ../../../../../libopencm3//lib/libopencm3_stm32f4.a(vector.o)
 .debug_aranges
                0x0000000000000950       0x78 ../../../../../libopencm3//lib/libopencm3_stm32f4.a(systick.o)
 .debug_aranges
                0x00000000000009c8       0x30 ../../../../../libopencm3//lib/libopencm3_stm32f4.a(scb.o)
 .debug_aranges
                0x00000000000009f8       0x60 ../../../../../libopencm3//lib/libopencm3_stm32f4.a(nvic.o)
 .debug_aranges
                0x0000000000000a58       0x38 ../../../../../libopencm3//lib/libopencm3_stm32f4.a(flash_common_all.o)
 .debug_aranges
                0x0000000000000a90       0x48 ../../../../../libopencm3//lib/libopencm3_stm32f4.a(flash_common_idcache.o)
 .debug_aranges
                0x0000000000000ad8       0x20 ../../../../../libopencm3//lib/libopencm3_stm32f4.a(pwr.o)
 .debug_aranges
                0x0000000000000af8       0x20 /usr/lib/gcc/arm-none-eabi/6.3.1/../../../arm-none-eabi/lib/thumb/v7e-m/fpv4-sp/hard/libc.a(lib_a-itoa.o)
 .debug_aranges
                0x0000000000000b18       0x20 /usr/lib/gcc/arm-none-eabi/6.3.1/../../../arm-none-eabi/lib/thumb/v7e-m/fpv4-sp/hard/libc.a(lib_a-strlen.o)
 .debug_aranges
                0x0000000000000b38       0x20 /usr/lib/gcc/arm-none-eabi/6.3.1/../../../arm-none-eabi/lib/thumb/v7e-m/fpv4-sp/hard/libc.a(lib_a-utoa.o)

.debug_ranges   0x0000000000000000      0xae8
 .debug_ranges  0x0000000000000000       0x10 sdram.o
 .debug_ranges  0x0000000000000010       0x28 clock.o
 .debug_ranges  0x0000000000000038       0x38 console.o
 .debug_ranges  0x0000000000000070       0x48 lcd-spi.o
 .debug_ranges  0x00000000000000b8      0x148 gfx.o
 .debug_ranges  0x0000000000000200       0xe8 lab4.o
 .debug_ranges  0x00000000000002e8      0x148 ../../../../../libopencm3//lib/libopencm3_stm32f4.a(adc_common_v1.o)
 .debug_ranges  0x0000000000000430       0x98 ../../../../../libopencm3//lib/libopencm3_stm32f4.a(adc_common_v1_multi.o)
 .debug_ranges  0x00000000000004c8       0x30 ../../../../../libopencm3//lib/libopencm3_stm32f4.a(adc_common_f47.o)
 .debug_ranges  0x00000000000004f8       0x18 ../../../../../libopencm3//lib/libopencm3_stm32f4.a(fmc_common_f47.o)
 .debug_ranges  0x0000000000000510       0x40 ../../../../../libopencm3//lib/libopencm3_stm32f4.a(gpio_common_all.o)
 .debug_ranges  0x0000000000000550       0x20 ../../../../../libopencm3//lib/libopencm3_stm32f4.a(gpio_common_f0234.o)
 .debug_ranges  0x0000000000000570       0x60 ../../../../../libopencm3//lib/libopencm3_stm32f4.a(rcc_common_all.o)
 .debug_ranges  0x00000000000005d0      0x118 ../../../../../libopencm3//lib/libopencm3_stm32f4.a(rcc.o)
 .debug_ranges  0x00000000000006e8      0x168 ../../../../../libopencm3//lib/libopencm3_stm32f4.a(spi_common_all.o)
 .debug_ranges  0x0000000000000850       0x20 ../../../../../libopencm3//lib/libopencm3_stm32f4.a(spi_common_v1.o)
 .debug_ranges  0x0000000000000870       0xc8 ../../../../../libopencm3//lib/libopencm3_stm32f4.a(usart_common_all.o)
 .debug_ranges  0x0000000000000938       0x30 ../../../../../libopencm3//lib/libopencm3_stm32f4.a(usart_common_f124.o)
 .debug_ranges  0x0000000000000968       0x20 ../../../../../libopencm3//lib/libopencm3_stm32f4.a(vector.o)
 .debug_ranges  0x0000000000000988       0x80 ../../../../../libopencm3//lib/libopencm3_stm32f4.a(systick.o)
 .debug_ranges  0x0000000000000a08       0x20 ../../../../../libopencm3//lib/libopencm3_stm32f4.a(scb.o)
 .debug_ranges  0x0000000000000a28       0x50 ../../../../../libopencm3//lib/libopencm3_stm32f4.a(nvic.o)
 .debug_ranges  0x0000000000000a78       0x28 ../../../../../libopencm3//lib/libopencm3_stm32f4.a(flash_common_all.o)
 .debug_ranges  0x0000000000000aa0       0x38 ../../../../../libopencm3//lib/libopencm3_stm32f4.a(flash_common_idcache.o)
 .debug_ranges  0x0000000000000ad8       0x10 ../../../../../libopencm3//lib/libopencm3_stm32f4.a(pwr.o)

.debug_macro    0x0000000000000000     0x6e63
 .debug_macro   0x0000000000000000      0x140 sdram.o
 .debug_macro   0x0000000000000140      0x8aa sdram.o
 .debug_macro   0x00000000000009ea       0x22 sdram.o
 .debug_macro   0x0000000000000a0c       0x4f sdram.o
 .debug_macro   0x0000000000000a5b       0x44 sdram.o
 .debug_macro   0x0000000000000a9f       0xfd sdram.o
 .debug_macro   0x0000000000000b9c       0x5e sdram.o
 .debug_macro   0x0000000000000bfa      0x1df sdram.o
 .debug_macro   0x0000000000000dd9       0x1c sdram.o
 .debug_macro   0x0000000000000df5       0x22 sdram.o
 .debug_macro   0x0000000000000e17       0xe8 sdram.o
 .debug_macro   0x0000000000000eff       0x76 sdram.o
 .debug_macro   0x0000000000000f75      0x280 sdram.o
 .debug_macro   0x00000000000011f5       0x76 sdram.o
 .debug_macro   0x000000000000126b      0x37e sdram.o
 .debug_macro   0x00000000000015e9       0xca sdram.o
 .debug_macro   0x00000000000016b3       0x8e sdram.o
 .debug_macro   0x0000000000001741       0x28 sdram.o
 .debug_macro   0x0000000000001769      0xcea sdram.o
 .debug_macro   0x0000000000002453      0x285 sdram.o
 .debug_macro   0x00000000000026d8      0x2b3 sdram.o
 .debug_macro   0x000000000000298b       0x16 sdram.o
 .debug_macro   0x00000000000029a1      0x10a clock.o
 .debug_macro   0x0000000000002aab       0x6e clock.o
 .debug_macro   0x0000000000002b19      0x22c clock.o
 .debug_macro   0x0000000000002d45       0x6f clock.o
 .debug_macro   0x0000000000002db4      0x1e8 console.o
 .debug_macro   0x0000000000002f9c       0x52 console.o
 .debug_macro   0x0000000000002fee       0x35 console.o
 .debug_macro   0x0000000000003023       0x9c console.o
 .debug_macro   0x00000000000030bf       0x94 console.o
 .debug_macro   0x0000000000003153      0x29e console.o
 .debug_macro   0x00000000000033f1       0xa0 console.o
 .debug_macro   0x0000000000003491       0x70 console.o
 .debug_macro   0x0000000000003501      0x458 console.o
 .debug_macro   0x0000000000003959       0x1f console.o
 .debug_macro   0x0000000000003978       0x16 console.o
 .debug_macro   0x000000000000398e      0x17a lcd-spi.o
 .debug_macro   0x0000000000003b08      0x2eb lcd-spi.o
 .debug_macro   0x0000000000003df3       0x16 lcd-spi.o
 .debug_macro   0x0000000000003e09       0x22 lcd-spi.o
 .debug_macro   0x0000000000003e2b       0x76 lcd-spi.o
 .debug_macro   0x0000000000003ea1      0x150 gfx.o
 .debug_macro   0x0000000000003ff1      0x16d gfx.o
 .debug_macro   0x000000000000415e       0x52 gfx.o
 .debug_macro   0x00000000000041b0       0x1f gfx.o
 .debug_macro   0x00000000000041cf       0x43 gfx.o
 .debug_macro   0x0000000000004212       0x20 gfx.o
 .debug_macro   0x0000000000004232      0x187 gfx.o
 .debug_macro   0x00000000000043b9      0x330 gfx.o
 .debug_macro   0x00000000000046e9       0xde gfx.o
 .debug_macro   0x00000000000047c7       0x16 gfx.o
 .debug_macro   0x00000000000047dd       0x35 gfx.o
 .debug_macro   0x0000000000004812       0x22 gfx.o
 .debug_macro   0x0000000000004834       0x58 gfx.o
 .debug_macro   0x000000000000488c       0x16 gfx.o
 .debug_macro   0x00000000000048a2      0x2fb lab4.o
 .debug_macro   0x0000000000004b9d      0x449 lab4.o
 .debug_macro   0x0000000000004fe6      0x2d5 lab4.o
 .debug_macro   0x00000000000052bb      0x1be lab4.o
 .debug_macro   0x0000000000005479       0x10 lab4.o
 .debug_macro   0x0000000000005489       0x10 lab4.o
 .debug_macro   0x0000000000005499       0xc7 ../../../../../libopencm3//lib/libopencm3_stm32f4.a(adc_common_v1.o)
 .debug_macro   0x0000000000005560       0xc7 ../../../../../libopencm3//lib/libopencm3_stm32f4.a(adc_common_v1_multi.o)
 .debug_macro   0x0000000000005627       0xc7 ../../../../../libopencm3//lib/libopencm3_stm32f4.a(adc_common_f47.o)
 .debug_macro   0x00000000000056ee       0xbe ../../../../../libopencm3//lib/libopencm3_stm32f4.a(fmc_common_f47.o)
 .debug_macro   0x00000000000057ac       0xd1 ../../../../../libopencm3//lib/libopencm3_stm32f4.a(gpio_common_all.o)
 .debug_macro   0x000000000000587d       0xd1 ../../../../../libopencm3//lib/libopencm3_stm32f4.a(gpio_common_f0234.o)
 .debug_macro   0x000000000000594e       0xf0 ../../../../../libopencm3//lib/libopencm3_stm32f4.a(rcc_common_all.o)
 .debug_macro   0x0000000000005a3e      0x124 ../../../../../libopencm3//lib/libopencm3_stm32f4.a(rcc.o)
 .debug_macro   0x0000000000005b62       0x16 ../../../../../libopencm3//lib/libopencm3_stm32f4.a(rcc.o)
 .debug_macro   0x0000000000005b78       0x1c ../../../../../libopencm3//lib/libopencm3_stm32f4.a(rcc.o)
 .debug_macro   0x0000000000005b94      0x143 ../../../../../libopencm3//lib/libopencm3_stm32f4.a(rcc.o)
 .debug_macro   0x0000000000005cd7       0x10 ../../../../../libopencm3//lib/libopencm3_stm32f4.a(rcc.o)
 .debug_macro   0x0000000000005ce7       0xff ../../../../../libopencm3//lib/libopencm3_stm32f4.a(spi_common_all.o)
 .debug_macro   0x0000000000005de6       0xff ../../../../../libopencm3//lib/libopencm3_stm32f4.a(spi_common_v1.o)
 .debug_macro   0x0000000000005ee5      0x10b ../../../../../libopencm3//lib/libopencm3_stm32f4.a(usart_common_all.o)
 .debug_macro   0x0000000000005ff0      0x10b ../../../../../libopencm3//lib/libopencm3_stm32f4.a(usart_common_f124.o)
 .debug_macro   0x00000000000060fb       0xd3 ../../../../../libopencm3//lib/libopencm3_stm32f4.a(vector.o)
 .debug_macro   0x00000000000061ce      0x452 ../../../../../libopencm3//lib/libopencm3_stm32f4.a(vector.o)
 .debug_macro   0x0000000000006620       0x92 ../../../../../libopencm3//lib/libopencm3_stm32f4.a(systick.o)
 .debug_macro   0x00000000000066b2       0x69 ../../../../../libopencm3//lib/libopencm3_stm32f4.a(systick.o)
 .debug_macro   0x000000000000671b      0x148 ../../../../../libopencm3//lib/libopencm3_stm32f4.a(scb.o)
 .debug_macro   0x0000000000006863       0x4c ../../../../../libopencm3//lib/libopencm3_stm32f4.a(scb.o)
 .debug_macro   0x00000000000068af       0x55 ../../../../../libopencm3//lib/libopencm3_stm32f4.a(scb.o)
 .debug_macro   0x0000000000006904      0x10e ../../../../../libopencm3//lib/libopencm3_stm32f4.a(scb.o)
 .debug_macro   0x0000000000006a12       0x86 ../../../../../libopencm3//lib/libopencm3_stm32f4.a(scb.o)
 .debug_macro   0x0000000000006a98       0x4a ../../../../../libopencm3//lib/libopencm3_stm32f4.a(scb.o)
 .debug_macro   0x0000000000006ae2       0xb3 ../../../../../libopencm3//lib/libopencm3_stm32f4.a(nvic.o)
 .debug_macro   0x0000000000006b95       0x68 ../../../../../libopencm3//lib/libopencm3_stm32f4.a(nvic.o)
 .debug_macro   0x0000000000006bfd       0xd7 ../../../../../libopencm3//lib/libopencm3_stm32f4.a(flash_common_all.o)
 .debug_macro   0x0000000000006cd4       0xd7 ../../../../../libopencm3//lib/libopencm3_stm32f4.a(flash_common_idcache.o)
 .debug_macro   0x0000000000006dab       0xb8 ../../../../../libopencm3//lib/libopencm3_stm32f4.a(pwr.o)

.debug_line     0x0000000000000000     0x5b67
 .debug_line    0x0000000000000000      0x33d sdram.o
 .debug_line    0x000000000000033d      0x324 clock.o
 .debug_line    0x0000000000000661      0x4df console.o
 .debug_line    0x0000000000000b40      0x443 lcd-spi.o
 .debug_line    0x0000000000000f83      0x5b4 gfx.o
 .debug_line    0x0000000000001537      0x5f3 lab4.o
 .debug_line    0x0000000000001b2a      0x523 ../../../../../libopencm3//lib/libopencm3_stm32f4.a(adc_common_v1.o)
 .debug_line    0x000000000000204d      0x36e ../../../../../libopencm3//lib/libopencm3_stm32f4.a(adc_common_v1_multi.o)
 .debug_line    0x00000000000023bb      0x2b3 ../../../../../libopencm3//lib/libopencm3_stm32f4.a(adc_common_f47.o)
 .debug_line    0x000000000000266e      0x261 ../../../../../libopencm3//lib/libopencm3_stm32f4.a(fmc_common_f47.o)
 .debug_line    0x00000000000028cf      0x2c0 ../../../../../libopencm3//lib/libopencm3_stm32f4.a(gpio_common_all.o)
 .debug_line    0x0000000000002b8f      0x2b2 ../../../../../libopencm3//lib/libopencm3_stm32f4.a(gpio_common_f0234.o)
 .debug_line    0x0000000000002e41      0x2fb ../../../../../libopencm3//lib/libopencm3_stm32f4.a(rcc_common_all.o)
 .debug_line    0x000000000000313c      0x5ad ../../../../../libopencm3//lib/libopencm3_stm32f4.a(rcc.o)
 .debug_line    0x00000000000036e9      0x5b5 ../../../../../libopencm3//lib/libopencm3_stm32f4.a(spi_common_all.o)
 .debug_line    0x0000000000003c9e      0x2c8 ../../../../../libopencm3//lib/libopencm3_stm32f4.a(spi_common_v1.o)
 .debug_line    0x0000000000003f66      0x443 ../../../../../libopencm3//lib/libopencm3_stm32f4.a(usart_common_all.o)
 .debug_line    0x00000000000043a9      0x2f1 ../../../../../libopencm3//lib/libopencm3_stm32f4.a(usart_common_f124.o)
 .debug_line    0x000000000000469a      0x2ca ../../../../../libopencm3//lib/libopencm3_stm32f4.a(vector.o)
 .debug_line    0x0000000000004964      0x24c ../../../../../libopencm3//lib/libopencm3_stm32f4.a(systick.o)
 .debug_line    0x0000000000004bb0      0x216 ../../../../../libopencm3//lib/libopencm3_stm32f4.a(scb.o)
 .debug_line    0x0000000000004dc6      0x26f ../../../../../libopencm3//lib/libopencm3_stm32f4.a(nvic.o)
 .debug_line    0x0000000000005035      0x2a1 ../../../../../libopencm3//lib/libopencm3_stm32f4.a(flash_common_all.o)
 .debug_line    0x00000000000052d6      0x2c1 ../../../../../libopencm3//lib/libopencm3_stm32f4.a(flash_common_idcache.o)
 .debug_line    0x0000000000005597      0x20f ../../../../../libopencm3//lib/libopencm3_stm32f4.a(pwr.o)
 .debug_line    0x00000000000057a6      0x165 /usr/lib/gcc/arm-none-eabi/6.3.1/../../../arm-none-eabi/lib/thumb/v7e-m/fpv4-sp/hard/libc.a(lib_a-itoa.o)
 .debug_line    0x000000000000590b       0xb2 /usr/lib/gcc/arm-none-eabi/6.3.1/../../../arm-none-eabi/lib/thumb/v7e-m/fpv4-sp/hard/libc.a(lib_a-strlen.o)
 .debug_line    0x00000000000059bd      0x1aa /usr/lib/gcc/arm-none-eabi/6.3.1/../../../arm-none-eabi/lib/thumb/v7e-m/fpv4-sp/hard/libc.a(lib_a-utoa.o)

.debug_str      0x0000000000000000    0x19655
 .debug_str     0x0000000000000000     0xba67 sdram.o
                                       0xbc5b (size before relaxing)
 .debug_str     0x000000000000ba67      0xcca clock.o
                                       0x94c3 (size before relaxing)
 .debug_str     0x000000000000c731     0x2f31 console.o
                                       0xdadb (size before relaxing)
 .debug_str     0x000000000000f662     0x106f lcd-spi.o
                                       0xbc9f (size before relaxing)
 .debug_str     0x00000000000106d1     0x334b gfx.o
                                       0x6b88 (size before relaxing)
 .debug_str     0x0000000000013a1c     0x2c7a lab4.o
                                      0x12672 (size before relaxing)
 .debug_str     0x0000000000016696      0x54a ../../../../../libopencm3//lib/libopencm3_stm32f4.a(adc_common_v1.o)
                                       0x7628 (size before relaxing)
 .debug_str     0x0000000000016be0      0x1c5 ../../../../../libopencm3//lib/libopencm3_stm32f4.a(adc_common_v1_multi.o)
                                       0x7312 (size before relaxing)
 .debug_str     0x0000000000016da5       0x71 ../../../../../libopencm3//lib/libopencm3_stm32f4.a(adc_common_f47.o)
                                       0x71b9 (size before relaxing)
 .debug_str     0x0000000000016e16       0x37 ../../../../../libopencm3//lib/libopencm3_stm32f4.a(fmc_common_f47.o)
                                       0x6380 (size before relaxing)
 .debug_str     0x0000000000016e4d       0x60 ../../../../../libopencm3//lib/libopencm3_stm32f4.a(gpio_common_all.o)
                                       0x5d74 (size before relaxing)
 .debug_str     0x0000000000016ead       0x61 ../../../../../libopencm3//lib/libopencm3_stm32f4.a(gpio_common_f0234.o)
                                       0x5d96 (size before relaxing)
 .debug_str     0x0000000000016f0e      0x475 ../../../../../libopencm3//lib/libopencm3_stm32f4.a(rcc_common_all.o)
                                       0x9208 (size before relaxing)
 .debug_str     0x0000000000017383      0xad3 ../../../../../libopencm3//lib/libopencm3_stm32f4.a(rcc.o)
                                       0x991f (size before relaxing)
 .debug_str     0x0000000000017e56      0x30c ../../../../../libopencm3//lib/libopencm3_stm32f4.a(spi_common_all.o)
                                       0x9c88 (size before relaxing)
 .debug_str     0x0000000000018162       0x50 ../../../../../libopencm3//lib/libopencm3_stm32f4.a(spi_common_v1.o)
                                       0x9609 (size before relaxing)
 .debug_str     0x00000000000181b2      0x1ea ../../../../../libopencm3//lib/libopencm3_stm32f4.a(usart_common_all.o)
                                       0x9c8e (size before relaxing)
 .debug_str     0x000000000001839c       0x2d ../../../../../libopencm3//lib/libopencm3_stm32f4.a(usart_common_f124.o)
                                       0x9a48 (size before relaxing)
 .debug_str     0x00000000000183c9      0xe72 ../../../../../libopencm3//lib/libopencm3_stm32f4.a(vector.o)
                                       0x662e (size before relaxing)
 .debug_str     0x000000000001923b       0xbd ../../../../../libopencm3//lib/libopencm3_stm32f4.a(systick.o)
                                       0x3c8c (size before relaxing)
 .debug_str     0x00000000000192f8       0x42 ../../../../../libopencm3//lib/libopencm3_stm32f4.a(scb.o)
                                       0x7cea (size before relaxing)
 .debug_str     0x000000000001933a       0xc4 ../../../../../libopencm3//lib/libopencm3_stm32f4.a(nvic.o)
                                       0x58a5 (size before relaxing)
 .debug_str     0x00000000000193fe       0x64 ../../../../../libopencm3//lib/libopencm3_stm32f4.a(flash_common_all.o)
                                       0x50cb (size before relaxing)
 .debug_str     0x0000000000019462       0x47 ../../../../../libopencm3//lib/libopencm3_stm32f4.a(flash_common_idcache.o)
                                       0x50ed (size before relaxing)
 .debug_str     0x00000000000194a9        0x6 ../../../../../libopencm3//lib/libopencm3_stm32f4.a(pwr.o)
                                       0x4cc9 (size before relaxing)
 .debug_str     0x00000000000194af      0x160 /usr/lib/gcc/arm-none-eabi/6.3.1/../../../arm-none-eabi/lib/thumb/v7e-m/fpv4-sp/hard/libc.a(lib_a-itoa.o)
                                        0x5e3 (size before relaxing)
 .debug_str     0x000000000001960f       0x46 /usr/lib/gcc/arm-none-eabi/6.3.1/../../../arm-none-eabi/lib/thumb/v7e-m/fpv4-sp/hard/libc.a(lib_a-utoa.o)
                                        0x5e6 (size before relaxing)

.comment        0x0000000000000000       0x31
 .comment       0x0000000000000000       0x31 sdram.o
                                         0x32 (size before relaxing)
 .comment       0x0000000000000031       0x32 clock.o
 .comment       0x0000000000000031       0x32 console.o
 .comment       0x0000000000000031       0x32 lcd-spi.o
 .comment       0x0000000000000031       0x32 gfx.o
 .comment       0x0000000000000031       0x32 lab4.o
 .comment       0x0000000000000031       0x32 ../../../../../libopencm3//lib/libopencm3_stm32f4.a(adc_common_v1.o)
 .comment       0x0000000000000031       0x32 ../../../../../libopencm3//lib/libopencm3_stm32f4.a(adc_common_v1_multi.o)
 .comment       0x0000000000000031       0x32 ../../../../../libopencm3//lib/libopencm3_stm32f4.a(adc_common_f47.o)
 .comment       0x0000000000000031       0x32 ../../../../../libopencm3//lib/libopencm3_stm32f4.a(fmc_common_f47.o)
 .comment       0x0000000000000031       0x32 ../../../../../libopencm3//lib/libopencm3_stm32f4.a(gpio_common_all.o)
 .comment       0x0000000000000031       0x32 ../../../../../libopencm3//lib/libopencm3_stm32f4.a(gpio_common_f0234.o)
 .comment       0x0000000000000031       0x32 ../../../../../libopencm3//lib/libopencm3_stm32f4.a(rcc_common_all.o)
 .comment       0x0000000000000031       0x32 ../../../../../libopencm3//lib/libopencm3_stm32f4.a(rcc.o)
 .comment       0x0000000000000031       0x32 ../../../../../libopencm3//lib/libopencm3_stm32f4.a(spi_common_all.o)
 .comment       0x0000000000000031       0x32 ../../../../../libopencm3//lib/libopencm3_stm32f4.a(spi_common_v1.o)
 .comment       0x0000000000000031       0x32 ../../../../../libopencm3//lib/libopencm3_stm32f4.a(usart_common_all.o)
 .comment       0x0000000000000031       0x32 ../../../../../libopencm3//lib/libopencm3_stm32f4.a(usart_common_f124.o)
 .comment       0x0000000000000031       0x32 ../../../../../libopencm3//lib/libopencm3_stm32f4.a(vector.o)
 .comment       0x0000000000000031       0x32 ../../../../../libopencm3//lib/libopencm3_stm32f4.a(systick.o)
 .comment       0x0000000000000031       0x32 ../../../../../libopencm3//lib/libopencm3_stm32f4.a(scb.o)
 .comment       0x0000000000000031       0x32 ../../../../../libopencm3//lib/libopencm3_stm32f4.a(nvic.o)
 .comment       0x0000000000000031       0x32 ../../../../../libopencm3//lib/libopencm3_stm32f4.a(flash_common_all.o)
 .comment       0x0000000000000031       0x32 ../../../../../libopencm3//lib/libopencm3_stm32f4.a(flash_common_idcache.o)
 .comment       0x0000000000000031       0x32 ../../../../../libopencm3//lib/libopencm3_stm32f4.a(pwr.o)
 .comment       0x0000000000000031       0x32 /usr/lib/gcc/arm-none-eabi/6.3.1/../../../arm-none-eabi/lib/thumb/v7e-m/fpv4-sp/hard/libc.a(lib_a-itoa.o)
 .comment       0x0000000000000031       0x32 /usr/lib/gcc/arm-none-eabi/6.3.1/../../../arm-none-eabi/lib/thumb/v7e-m/fpv4-sp/hard/libc.a(lib_a-utoa.o)

.ARM.attributes
                0x0000000000000000       0x37
 .ARM.attributes
                0x0000000000000000       0x39 sdram.o
 .ARM.attributes
                0x0000000000000039       0x39 clock.o
 .ARM.attributes
                0x0000000000000072       0x39 console.o
 .ARM.attributes
                0x00000000000000ab       0x39 lcd-spi.o
 .ARM.attributes
                0x00000000000000e4       0x39 gfx.o
 .ARM.attributes
                0x000000000000011d       0x39 lab4.o
 .ARM.attributes
                0x0000000000000156       0x39 ../../../../../libopencm3//lib/libopencm3_stm32f4.a(adc_common_v1.o)
 .ARM.attributes
                0x000000000000018f       0x39 ../../../../../libopencm3//lib/libopencm3_stm32f4.a(adc_common_v1_multi.o)
 .ARM.attributes
                0x00000000000001c8       0x39 ../../../../../libopencm3//lib/libopencm3_stm32f4.a(adc_common_f47.o)
 .ARM.attributes
                0x0000000000000201       0x39 ../../../../../libopencm3//lib/libopencm3_stm32f4.a(fmc_common_f47.o)
 .ARM.attributes
                0x000000000000023a       0x39 ../../../../../libopencm3//lib/libopencm3_stm32f4.a(gpio_common_all.o)
 .ARM.attributes
                0x0000000000000273       0x39 ../../../../../libopencm3//lib/libopencm3_stm32f4.a(gpio_common_f0234.o)
 .ARM.attributes
                0x00000000000002ac       0x39 ../../../../../libopencm3//lib/libopencm3_stm32f4.a(rcc_common_all.o)
 .ARM.attributes
                0x00000000000002e5       0x39 ../../../../../libopencm3//lib/libopencm3_stm32f4.a(rcc.o)
 .ARM.attributes
                0x000000000000031e       0x39 ../../../../../libopencm3//lib/libopencm3_stm32f4.a(spi_common_all.o)
 .ARM.attributes
                0x0000000000000357       0x39 ../../../../../libopencm3//lib/libopencm3_stm32f4.a(spi_common_v1.o)
 .ARM.attributes
                0x0000000000000390       0x39 ../../../../../libopencm3//lib/libopencm3_stm32f4.a(usart_common_all.o)
 .ARM.attributes
                0x00000000000003c9       0x39 ../../../../../libopencm3//lib/libopencm3_stm32f4.a(usart_common_f124.o)
 .ARM.attributes
                0x0000000000000402       0x39 ../../../../../libopencm3//lib/libopencm3_stm32f4.a(vector.o)
 .ARM.attributes
                0x000000000000043b       0x39 ../../../../../libopencm3//lib/libopencm3_stm32f4.a(systick.o)
 .ARM.attributes
                0x0000000000000474       0x39 ../../../../../libopencm3//lib/libopencm3_stm32f4.a(scb.o)
 .ARM.attributes
                0x00000000000004ad       0x39 ../../../../../libopencm3//lib/libopencm3_stm32f4.a(nvic.o)
 .ARM.attributes
                0x00000000000004e6       0x39 ../../../../../libopencm3//lib/libopencm3_stm32f4.a(flash_common_all.o)
 .ARM.attributes
                0x000000000000051f       0x39 ../../../../../libopencm3//lib/libopencm3_stm32f4.a(flash_common_idcache.o)
 .ARM.attributes
                0x0000000000000558       0x39 ../../../../../libopencm3//lib/libopencm3_stm32f4.a(pwr.o)
 .ARM.attributes
                0x0000000000000591       0x34 /usr/lib/gcc/arm-none-eabi/6.3.1/../../../arm-none-eabi/lib/thumb/v7e-m/fpv4-sp/hard/libc.a(lib_a-itoa.o)
 .ARM.attributes
                0x00000000000005c5       0x20 /usr/lib/gcc/arm-none-eabi/6.3.1/../../../arm-none-eabi/lib/thumb/v7e-m/fpv4-sp/hard/libc.a(lib_a-strlen.o)
 .ARM.attributes
                0x00000000000005e5       0x34 /usr/lib/gcc/arm-none-eabi/6.3.1/../../../arm-none-eabi/lib/thumb/v7e-m/fpv4-sp/hard/libc.a(lib_a-utoa.o)

.debug_frame    0x0000000000000000     0x16f8
 .debug_frame   0x0000000000000000       0x30 sdram.o
 .debug_frame   0x0000000000000030       0x5c clock.o
 .debug_frame   0x000000000000008c       0xb0 console.o
 .debug_frame   0x000000000000013c       0x94 lcd-spi.o
 .debug_frame   0x00000000000001d0      0x3a8 gfx.o
 .debug_frame   0x0000000000000578       0x58 lab4.o
 .debug_frame   0x00000000000005d0      0x2b4 ../../../../../libopencm3//lib/libopencm3_stm32f4.a(adc_common_v1.o)
 .debug_frame   0x0000000000000884      0x130 ../../../../../libopencm3//lib/libopencm3_stm32f4.a(adc_common_v1_multi.o)
 .debug_frame   0x00000000000009b4       0x70 ../../../../../libopencm3//lib/libopencm3_stm32f4.a(adc_common_f47.o)
 .debug_frame   0x0000000000000a24       0x38 ../../../../../libopencm3//lib/libopencm3_stm32f4.a(fmc_common_f47.o)
 .debug_frame   0x0000000000000a5c       0x80 ../../../../../libopencm3//lib/libopencm3_stm32f4.a(gpio_common_all.o)
 .debug_frame   0x0000000000000adc       0x70 ../../../../../libopencm3//lib/libopencm3_stm32f4.a(gpio_common_f0234.o)
 .debug_frame   0x0000000000000b4c       0xe0 ../../../../../libopencm3//lib/libopencm3_stm32f4.a(rcc_common_all.o)
 .debug_frame   0x0000000000000c2c      0x22c ../../../../../libopencm3//lib/libopencm3_stm32f4.a(rcc.o)
 .debug_frame   0x0000000000000e58      0x2d0 ../../../../../libopencm3//lib/libopencm3_stm32f4.a(spi_common_all.o)
 .debug_frame   0x0000000000001128       0x4c ../../../../../libopencm3//lib/libopencm3_stm32f4.a(spi_common_v1.o)
 .debug_frame   0x0000000000001174      0x1b8 ../../../../../libopencm3//lib/libopencm3_stm32f4.a(usart_common_all.o)
 .debug_frame   0x000000000000132c       0x60 ../../../../../libopencm3//lib/libopencm3_stm32f4.a(usart_common_f124.o)
 .debug_frame   0x000000000000138c       0x4c ../../../../../libopencm3//lib/libopencm3_stm32f4.a(vector.o)
 .debug_frame   0x00000000000013d8       0xd8 ../../../../../libopencm3//lib/libopencm3_stm32f4.a(systick.o)
 .debug_frame   0x00000000000014b0       0x40 ../../../../../libopencm3//lib/libopencm3_stm32f4.a(scb.o)
 .debug_frame   0x00000000000014f0       0xa0 ../../../../../libopencm3//lib/libopencm3_stm32f4.a(nvic.o)
 .debug_frame   0x0000000000001590       0x50 ../../../../../libopencm3//lib/libopencm3_stm32f4.a(flash_common_all.o)
 .debug_frame   0x00000000000015e0       0x70 ../../../../../libopencm3//lib/libopencm3_stm32f4.a(flash_common_idcache.o)
 .debug_frame   0x0000000000001650       0x20 ../../../../../libopencm3//lib/libopencm3_stm32f4.a(pwr.o)
 .debug_frame   0x0000000000001670       0x3c /usr/lib/gcc/arm-none-eabi/6.3.1/../../../arm-none-eabi/lib/thumb/v7e-m/fpv4-sp/hard/libc.a(lib_a-itoa.o)
 .debug_frame   0x00000000000016ac       0x4c /usr/lib/gcc/arm-none-eabi/6.3.1/../../../arm-none-eabi/lib/thumb/v7e-m/fpv4-sp/hard/libc.a(lib_a-utoa.o)

Cross Reference Table

Symbol                                            File
__fini_array_end                                  ../../../../../libopencm3//lib/libopencm3_stm32f4.a(vector.o)
__fini_array_start                                ../../../../../libopencm3//lib/libopencm3_stm32f4.a(vector.o)
__gfx_state                                       gfx.o
__init_array_end                                  ../../../../../libopencm3//lib/libopencm3_stm32f4.a(vector.o)
__init_array_start                                ../../../../../libopencm3//lib/libopencm3_stm32f4.a(vector.o)
__itoa                                            /usr/lib/gcc/arm-none-eabi/6.3.1/../../../arm-none-eabi/lib/thumb/v7e-m/fpv4-sp/hard/libc.a(lib_a-itoa.o)
__preinit_array_end                               ../../../../../libopencm3//lib/libopencm3_stm32f4.a(vector.o)
__preinit_array_start                             ../../../../../libopencm3//lib/libopencm3_stm32f4.a(vector.o)
__utoa                                            /usr/lib/gcc/arm-none-eabi/6.3.1/../../../arm-none-eabi/lib/thumb/v7e-m/fpv4-sp/hard/libc.a(lib_a-utoa.o)
                                                  /usr/lib/gcc/arm-none-eabi/6.3.1/../../../arm-none-eabi/lib/thumb/v7e-m/fpv4-sp/hard/libc.a(lib_a-itoa.o)
_data                                             ../../../../../libopencm3//lib/libopencm3_stm32f4.a(vector.o)
_data_loadaddr                                    ../../../../../libopencm3//lib/libopencm3_stm32f4.a(vector.o)
_ebss                                             ../../../../../libopencm3//lib/libopencm3_stm32f4.a(vector.o)
_edata                                            ../../../../../libopencm3//lib/libopencm3_stm32f4.a(vector.o)
_stack                                            ../../../../../libopencm3//lib/libopencm3_stm32f4.a(vector.o)
adc_awd                                           ../../../../../libopencm3//lib/libopencm3_stm32f4.a(adc_common_v1_multi.o)
adc_clear_flag                                    ../../../../../libopencm3//lib/libopencm3_stm32f4.a(adc_common_v1.o)
adc_clear_overrun_flag                            ../../../../../libopencm3//lib/libopencm3_stm32f4.a(adc_common_v1_multi.o)
adc_disable_analog_watchdog_injected              ../../../../../libopencm3//lib/libopencm3_stm32f4.a(adc_common_v1.o)
adc_disable_analog_watchdog_regular               ../../../../../libopencm3//lib/libopencm3_stm32f4.a(adc_common_v1.o)
adc_disable_automatic_injected_group_conversion   ../../../../../libopencm3//lib/libopencm3_stm32f4.a(adc_common_v1.o)
adc_disable_awd_interrupt                         ../../../../../libopencm3//lib/libopencm3_stm32f4.a(adc_common_v1.o)
adc_disable_discontinuous_mode_injected           ../../../../../libopencm3//lib/libopencm3_stm32f4.a(adc_common_v1.o)
adc_disable_discontinuous_mode_regular            ../../../../../libopencm3//lib/libopencm3_stm32f4.a(adc_common_v1.o)
adc_disable_dma                                   ../../../../../libopencm3//lib/libopencm3_stm32f4.a(adc_common_v1.o)
adc_disable_eoc_interrupt                         ../../../../../libopencm3//lib/libopencm3_stm32f4.a(adc_common_v1.o)
adc_disable_eoc_interrupt_injected                ../../../../../libopencm3//lib/libopencm3_stm32f4.a(adc_common_v1.o)
adc_disable_external_trigger_injected             ../../../../../libopencm3//lib/libopencm3_stm32f4.a(adc_common_v1_multi.o)
                                                  ../../../../../libopencm3//lib/libopencm3_stm32f4.a(adc_common_v1.o)
adc_disable_external_trigger_regular              ../../../../../libopencm3//lib/libopencm3_stm32f4.a(adc_common_v1_multi.o)
adc_disable_overrun_interrupt                     ../../../../../libopencm3//lib/libopencm3_stm32f4.a(adc_common_v1_multi.o)
adc_disable_scan_mode                             ../../../../../libopencm3//lib/libopencm3_stm32f4.a(adc_common_v1.o)
                                                  lab4.o
adc_disable_temperature_sensor                    ../../../../../libopencm3//lib/libopencm3_stm32f4.a(adc_common_v1_multi.o)
adc_disable_vbat_sensor                           ../../../../../libopencm3//lib/libopencm3_stm32f4.a(adc_common_f47.o)
adc_enable_analog_watchdog_injected               ../../../../../libopencm3//lib/libopencm3_stm32f4.a(adc_common_v1.o)
adc_enable_analog_watchdog_on_all_channels        ../../../../../libopencm3//lib/libopencm3_stm32f4.a(adc_common_v1.o)
adc_enable_analog_watchdog_on_selected_channel    ../../../../../libopencm3//lib/libopencm3_stm32f4.a(adc_common_v1.o)
adc_enable_analog_watchdog_regular                ../../../../../libopencm3//lib/libopencm3_stm32f4.a(adc_common_v1.o)
adc_enable_automatic_injected_group_conversion    ../../../../../libopencm3//lib/libopencm3_stm32f4.a(adc_common_v1.o)
adc_enable_awd_interrupt                          ../../../../../libopencm3//lib/libopencm3_stm32f4.a(adc_common_v1.o)
adc_enable_discontinuous_mode_injected            ../../../../../libopencm3//lib/libopencm3_stm32f4.a(adc_common_v1.o)
adc_enable_discontinuous_mode_regular             ../../../../../libopencm3//lib/libopencm3_stm32f4.a(adc_common_v1.o)
adc_enable_dma                                    ../../../../../libopencm3//lib/libopencm3_stm32f4.a(adc_common_v1.o)
adc_enable_eoc_interrupt                          ../../../../../libopencm3//lib/libopencm3_stm32f4.a(adc_common_v1.o)
adc_enable_eoc_interrupt_injected                 ../../../../../libopencm3//lib/libopencm3_stm32f4.a(adc_common_v1.o)
adc_enable_external_trigger_injected              ../../../../../libopencm3//lib/libopencm3_stm32f4.a(adc_common_v1_multi.o)
adc_enable_external_trigger_regular               ../../../../../libopencm3//lib/libopencm3_stm32f4.a(adc_common_v1_multi.o)
adc_enable_overrun_interrupt                      ../../../../../libopencm3//lib/libopencm3_stm32f4.a(adc_common_v1_multi.o)
adc_enable_scan_mode                              ../../../../../libopencm3//lib/libopencm3_stm32f4.a(adc_common_v1.o)
adc_enable_temperature_sensor                     ../../../../../libopencm3//lib/libopencm3_stm32f4.a(adc_common_v1_multi.o)
adc_enable_vbat_sensor                            ../../../../../libopencm3//lib/libopencm3_stm32f4.a(adc_common_f47.o)
adc_eoc                                           ../../../../../libopencm3//lib/libopencm3_stm32f4.a(adc_common_v1.o)
                                                  lab4.o
adc_eoc_after_each                                ../../../../../libopencm3//lib/libopencm3_stm32f4.a(adc_common_v1_multi.o)
adc_eoc_after_group                               ../../../../../libopencm3//lib/libopencm3_stm32f4.a(adc_common_v1_multi.o)
adc_eoc_injected                                  ../../../../../libopencm3//lib/libopencm3_stm32f4.a(adc_common_v1.o)
adc_get_flag                                      ../../../../../libopencm3//lib/libopencm3_stm32f4.a(adc_common_v1.o)
adc_get_overrun_flag                              ../../../../../libopencm3//lib/libopencm3_stm32f4.a(adc_common_v1_multi.o)
adc_isr                                           ../../../../../libopencm3//lib/libopencm3_stm32f4.a(vector.o)
adc_power_off                                     ../../../../../libopencm3//lib/libopencm3_stm32f4.a(adc_common_v1.o)
                                                  lab4.o
adc_power_on                                      ../../../../../libopencm3//lib/libopencm3_stm32f4.a(adc_common_v1_multi.o)
                                                  lab4.o
adc_read_injected                                 ../../../../../libopencm3//lib/libopencm3_stm32f4.a(adc_common_v1.o)
adc_read_regular                                  ../../../../../libopencm3//lib/libopencm3_stm32f4.a(adc_common_v1.o)
                                                  lab4.o
adc_set_clk_prescale                              ../../../../../libopencm3//lib/libopencm3_stm32f4.a(adc_common_v1_multi.o)
adc_set_continuous_conversion_mode                ../../../../../libopencm3//lib/libopencm3_stm32f4.a(adc_common_v1.o)
adc_set_dma_continue                              ../../../../../libopencm3//lib/libopencm3_stm32f4.a(adc_common_v1_multi.o)
adc_set_dma_terminate                             ../../../../../libopencm3//lib/libopencm3_stm32f4.a(adc_common_v1_multi.o)
adc_set_injected_offset                           ../../../../../libopencm3//lib/libopencm3_stm32f4.a(adc_common_v1.o)
adc_set_injected_sequence                         ../../../../../libopencm3//lib/libopencm3_stm32f4.a(adc_common_v1.o)
adc_set_left_aligned                              ../../../../../libopencm3//lib/libopencm3_stm32f4.a(adc_common_v1.o)
adc_set_multi_mode                                ../../../../../libopencm3//lib/libopencm3_stm32f4.a(adc_common_f47.o)
adc_set_regular_sequence                          ../../../../../libopencm3//lib/libopencm3_stm32f4.a(adc_common_v1.o)
                                                  lab4.o
adc_set_resolution                                ../../../../../libopencm3//lib/libopencm3_stm32f4.a(adc_common_v1_multi.o)
adc_set_right_aligned                             ../../../../../libopencm3//lib/libopencm3_stm32f4.a(adc_common_v1.o)
adc_set_sample_time                               ../../../../../libopencm3//lib/libopencm3_stm32f4.a(adc_common_f47.o)
adc_set_sample_time_on_all_channels               ../../../../../libopencm3//lib/libopencm3_stm32f4.a(adc_common_f47.o)
                                                  lab4.o
adc_set_single_conversion_mode                    ../../../../../libopencm3//lib/libopencm3_stm32f4.a(adc_common_v1.o)
adc_set_watchdog_high_threshold                   ../../../../../libopencm3//lib/libopencm3_stm32f4.a(adc_common_v1.o)
adc_set_watchdog_low_threshold                    ../../../../../libopencm3//lib/libopencm3_stm32f4.a(adc_common_v1.o)
adc_start_conversion_injected                     ../../../../../libopencm3//lib/libopencm3_stm32f4.a(adc_common_v1.o)
adc_start_conversion_regular                      ../../../../../libopencm3//lib/libopencm3_stm32f4.a(adc_common_v1.o)
                                                  lab4.o
axis_data_x                                       lab4.o
axis_data_y                                       lab4.o
axis_data_z                                       lab4.o
blocking_handler                                  ../../../../../libopencm3//lib/libopencm3_stm32f4.a(vector.o)
bus_fault_handler                                 ../../../../../libopencm3//lib/libopencm3_stm32f4.a(vector.o)
can1_rx0_isr                                      ../../../../../libopencm3//lib/libopencm3_stm32f4.a(vector.o)
can1_rx1_isr                                      ../../../../../libopencm3//lib/libopencm3_stm32f4.a(vector.o)
can1_sce_isr                                      ../../../../../libopencm3//lib/libopencm3_stm32f4.a(vector.o)
can1_tx_isr                                       ../../../../../libopencm3//lib/libopencm3_stm32f4.a(vector.o)
can2_rx0_isr                                      ../../../../../libopencm3//lib/libopencm3_stm32f4.a(vector.o)
can2_rx1_isr                                      ../../../../../libopencm3//lib/libopencm3_stm32f4.a(vector.o)
can2_sce_isr                                      ../../../../../libopencm3//lib/libopencm3_stm32f4.a(vector.o)
can2_tx_isr                                       ../../../../../libopencm3//lib/libopencm3_stm32f4.a(vector.o)
clock_setup                                       clock.o
                                                  lab4.o
console_getc                                      console.o
console_gets                                      console.o
console_putc                                      console.o
console_puts                                      console.o
console_setup                                     console.o
                                                  lab4.o
cryp_isr                                          ../../../../../libopencm3//lib/libopencm3_stm32f4.a(vector.o)
cur_frame                                         lcd-spi.o
dcmi_isr                                          ../../../../../libopencm3//lib/libopencm3_stm32f4.a(vector.o)
debug_monitor_handler                             ../../../../../libopencm3//lib/libopencm3_stm32f4.a(vector.o)
display_frame                                     lcd-spi.o
dma1_stream0_isr                                  ../../../../../libopencm3//lib/libopencm3_stm32f4.a(vector.o)
dma1_stream1_isr                                  ../../../../../libopencm3//lib/libopencm3_stm32f4.a(vector.o)
dma1_stream2_isr                                  ../../../../../libopencm3//lib/libopencm3_stm32f4.a(vector.o)
dma1_stream3_isr                                  ../../../../../libopencm3//lib/libopencm3_stm32f4.a(vector.o)
dma1_stream4_isr                                  ../../../../../libopencm3//lib/libopencm3_stm32f4.a(vector.o)
dma1_stream5_isr                                  ../../../../../libopencm3//lib/libopencm3_stm32f4.a(vector.o)
dma1_stream6_isr                                  ../../../../../libopencm3//lib/libopencm3_stm32f4.a(vector.o)
dma1_stream7_isr                                  ../../../../../libopencm3//lib/libopencm3_stm32f4.a(vector.o)
dma2_stream0_isr                                  ../../../../../libopencm3//lib/libopencm3_stm32f4.a(vector.o)
dma2_stream1_isr                                  ../../../../../libopencm3//lib/libopencm3_stm32f4.a(vector.o)
dma2_stream2_isr                                  ../../../../../libopencm3//lib/libopencm3_stm32f4.a(vector.o)
dma2_stream3_isr                                  ../../../../../libopencm3//lib/libopencm3_stm32f4.a(vector.o)
dma2_stream4_isr                                  ../../../../../libopencm3//lib/libopencm3_stm32f4.a(vector.o)
dma2_stream5_isr                                  ../../../../../libopencm3//lib/libopencm3_stm32f4.a(vector.o)
dma2_stream6_isr                                  ../../../../../libopencm3//lib/libopencm3_stm32f4.a(vector.o)
dma2_stream7_isr                                  ../../../../../libopencm3//lib/libopencm3_stm32f4.a(vector.o)
dma2d_isr                                         ../../../../../libopencm3//lib/libopencm3_stm32f4.a(vector.o)
eth_isr                                           ../../../../../libopencm3//lib/libopencm3_stm32f4.a(vector.o)
eth_wkup_isr                                      ../../../../../libopencm3//lib/libopencm3_stm32f4.a(vector.o)
exti0_isr                                         ../../../../../libopencm3//lib/libopencm3_stm32f4.a(vector.o)
exti15_10_isr                                     ../../../../../libopencm3//lib/libopencm3_stm32f4.a(vector.o)
exti1_isr                                         ../../../../../libopencm3//lib/libopencm3_stm32f4.a(vector.o)
exti2_isr                                         ../../../../../libopencm3//lib/libopencm3_stm32f4.a(vector.o)
exti3_isr                                         ../../../../../libopencm3//lib/libopencm3_stm32f4.a(vector.o)
exti4_isr                                         ../../../../../libopencm3//lib/libopencm3_stm32f4.a(vector.o)
exti9_5_isr                                       ../../../../../libopencm3//lib/libopencm3_stm32f4.a(vector.o)
flash_dcache_disable                              ../../../../../libopencm3//lib/libopencm3_stm32f4.a(flash_common_idcache.o)
                                                  ../../../../../libopencm3//lib/libopencm3_stm32f4.a(rcc.o)
flash_dcache_enable                               ../../../../../libopencm3//lib/libopencm3_stm32f4.a(flash_common_idcache.o)
                                                  ../../../../../libopencm3//lib/libopencm3_stm32f4.a(rcc.o)
flash_dcache_reset                                ../../../../../libopencm3//lib/libopencm3_stm32f4.a(flash_common_idcache.o)
flash_icache_disable                              ../../../../../libopencm3//lib/libopencm3_stm32f4.a(flash_common_idcache.o)
                                                  ../../../../../libopencm3//lib/libopencm3_stm32f4.a(rcc.o)
flash_icache_enable                               ../../../../../libopencm3//lib/libopencm3_stm32f4.a(flash_common_idcache.o)
                                                  ../../../../../libopencm3//lib/libopencm3_stm32f4.a(rcc.o)
flash_icache_reset                                ../../../../../libopencm3//lib/libopencm3_stm32f4.a(flash_common_idcache.o)
flash_isr                                         ../../../../../libopencm3//lib/libopencm3_stm32f4.a(vector.o)
flash_prefetch_disable                            ../../../../../libopencm3//lib/libopencm3_stm32f4.a(flash_common_all.o)
flash_prefetch_enable                             ../../../../../libopencm3//lib/libopencm3_stm32f4.a(flash_common_all.o)
flash_set_ws                                      ../../../../../libopencm3//lib/libopencm3_stm32f4.a(flash_common_all.o)
                                                  ../../../../../libopencm3//lib/libopencm3_stm32f4.a(rcc.o)
flash_unlock_option_bytes                         ../../../../../libopencm3//lib/libopencm3_stm32f4.a(flash_common_all.o)
fpu_isr                                           ../../../../../libopencm3//lib/libopencm3_stm32f4.a(vector.o)
fsmc_isr                                          ../../../../../libopencm3//lib/libopencm3_stm32f4.a(vector.o)
gfx_drawBitmap                                    gfx.o
gfx_drawChar                                      gfx.o
gfx_drawCircle                                    gfx.o
gfx_drawCircleHelper                              gfx.o
gfx_drawFastHLine                                 gfx.o
gfx_drawFastVLine                                 gfx.o
gfx_drawLine                                      gfx.o
gfx_drawPixel                                     gfx.o
gfx_drawRect                                      gfx.o
gfx_drawRoundRect                                 gfx.o
gfx_drawTriangle                                  gfx.o
gfx_fillCircle                                    gfx.o
gfx_fillCircleHelper                              gfx.o
gfx_fillRect                                      gfx.o
gfx_fillRoundRect                                 gfx.o
gfx_fillScreen                                    gfx.o
                                                  lab4.o
gfx_fillTriangle                                  gfx.o
gfx_getRotation                                   gfx.o
gfx_height                                        gfx.o
gfx_init                                          gfx.o
                                                  lab4.o
gfx_puts                                          gfx.o
                                                  lab4.o
gfx_setCursor                                     gfx.o
                                                  lab4.o
gfx_setRotation                                   gfx.o
gfx_setTextColor                                  gfx.o
                                                  lab4.o
gfx_setTextSize                                   gfx.o
                                                  lab4.o
gfx_setTextWrap                                   gfx.o
gfx_width                                         gfx.o
gfx_write                                         gfx.o
gpio_clear                                        ../../../../../libopencm3//lib/libopencm3_stm32f4.a(gpio_common_all.o)
                                                  lab4.o
                                                  lcd-spi.o
gpio_get                                          ../../../../../libopencm3//lib/libopencm3_stm32f4.a(gpio_common_all.o)
                                                  lab4.o
gpio_mode_setup                                   ../../../../../libopencm3//lib/libopencm3_stm32f4.a(gpio_common_f0234.o)
                                                  lab4.o
                                                  lcd-spi.o
                                                  console.o
                                                  sdram.o
gpio_port_config_lock                             ../../../../../libopencm3//lib/libopencm3_stm32f4.a(gpio_common_all.o)
gpio_port_read                                    ../../../../../libopencm3//lib/libopencm3_stm32f4.a(gpio_common_all.o)
gpio_port_write                                   ../../../../../libopencm3//lib/libopencm3_stm32f4.a(gpio_common_all.o)
gpio_set                                          ../../../../../libopencm3//lib/libopencm3_stm32f4.a(gpio_common_all.o)
                                                  lab4.o
                                                  lcd-spi.o
gpio_set_af                                       ../../../../../libopencm3//lib/libopencm3_stm32f4.a(gpio_common_f0234.o)
                                                  lab4.o
                                                  lcd-spi.o
                                                  console.o
                                                  sdram.o
gpio_set_output_options                           ../../../../../libopencm3//lib/libopencm3_stm32f4.a(gpio_common_f0234.o)
                                                  sdram.o
gpio_toggle                                       ../../../../../libopencm3//lib/libopencm3_stm32f4.a(gpio_common_all.o)
                                                  lab4.o
hard_fault_handler                                ../../../../../libopencm3//lib/libopencm3_stm32f4.a(vector.o)
hash_rng_isr                                      ../../../../../libopencm3//lib/libopencm3_stm32f4.a(vector.o)
i2c1_er_isr                                       ../../../../../libopencm3//lib/libopencm3_stm32f4.a(vector.o)
i2c1_ev_isr                                       ../../../../../libopencm3//lib/libopencm3_stm32f4.a(vector.o)
i2c2_er_isr                                       ../../../../../libopencm3//lib/libopencm3_stm32f4.a(vector.o)
i2c2_ev_isr                                       ../../../../../libopencm3//lib/libopencm3_stm32f4.a(vector.o)
i2c3_er_isr                                       ../../../../../libopencm3//lib/libopencm3_stm32f4.a(vector.o)
i2c3_ev_isr                                       ../../../../../libopencm3//lib/libopencm3_stm32f4.a(vector.o)
initialization                                    lcd-spi.o
itoa                                              /usr/lib/gcc/arm-none-eabi/6.3.1/../../../arm-none-eabi/lib/thumb/v7e-m/fpv4-sp/hard/libc.a(lib_a-itoa.o)
                                                  lab4.o
lcd_draw_pixel                                    lcd-spi.o
                                                  lab4.o
lcd_show_frame                                    lcd-spi.o
                                                  lab4.o
lcd_spi_init                                      lcd-spi.o
                                                  lab4.o
lcd_tft_err_isr                                   ../../../../../libopencm3//lib/libopencm3_stm32f4.a(vector.o)
lcd_tft_isr                                       ../../../../../libopencm3//lib/libopencm3_stm32f4.a(vector.o)
main                                              lab4.o
                                                  ../../../../../libopencm3//lib/libopencm3_stm32f4.a(vector.o)
mem_manage_handler                                ../../../../../libopencm3//lib/libopencm3_stm32f4.a(vector.o)
msleep                                            clock.o
                                                  lcd-spi.o
                                                  sdram.o
mtime                                             clock.o
nmi_handler                                       ../../../../../libopencm3//lib/libopencm3_stm32f4.a(vector.o)
null_handler                                      ../../../../../libopencm3//lib/libopencm3_stm32f4.a(vector.o)
nvic_clear_pending_irq                            ../../../../../libopencm3//lib/libopencm3_stm32f4.a(nvic.o)
nvic_disable_irq                                  ../../../../../libopencm3//lib/libopencm3_stm32f4.a(nvic.o)